Archive member included because of file (symbol)

e:/arm_toolchains/gccarm/bin/../lib/gcc/arm-none-eabi/4.9.3/armv7e-m/fpu\libgcc.a(_arm_addsubdf3.o)
                              ./src/speed_control.o (__aeabi_dadd)
e:/arm_toolchains/gccarm/bin/../lib/gcc/arm-none-eabi/4.9.3/armv7e-m/fpu\libgcc.a(_arm_muldivdf3.o)
                              ./src/speed_control.o (__aeabi_dmul)
e:/arm_toolchains/gccarm/bin/../lib/gcc/arm-none-eabi/4.9.3/armv7e-m/fpu\libgcc.a(_arm_fixdfsi.o)
                              ./src/speed_control.o (__aeabi_d2iz)
e:/arm_toolchains/gccarm/bin/../lib/gcc/arm-none-eabi/4.9.3/../../../../arm-none-eabi/lib/armv7e-m/fpu\libg_nano.a(lib_a-atoi.o)
                              ./src/usart1.o (atoi)
e:/arm_toolchains/gccarm/bin/../lib/gcc/arm-none-eabi/4.9.3/../../../../arm-none-eabi/lib/armv7e-m/fpu\libg_nano.a(lib_a-errno.o)
                              ./system/src/newlib/_sbrk.o (__errno)
e:/arm_toolchains/gccarm/bin/../lib/gcc/arm-none-eabi/4.9.3/../../../../arm-none-eabi/lib/armv7e-m/fpu\libg_nano.a(lib_a-impure.o)
                              e:/arm_toolchains/gccarm/bin/../lib/gcc/arm-none-eabi/4.9.3/../../../../arm-none-eabi/lib/armv7e-m/fpu\libg_nano.a(lib_a-errno.o) (_impure_ptr)
e:/arm_toolchains/gccarm/bin/../lib/gcc/arm-none-eabi/4.9.3/../../../../arm-none-eabi/lib/armv7e-m/fpu\libg_nano.a(lib_a-malloc.o)
                              ./USB/CDC/Src/usbd_cdc.o (malloc)
e:/arm_toolchains/gccarm/bin/../lib/gcc/arm-none-eabi/4.9.3/../../../../arm-none-eabi/lib/armv7e-m/fpu\libg_nano.a(lib_a-memcpy.o)
                              ./USB/CDC/Src/usbd_cdc_if_template.o (memcpy)
e:/arm_toolchains/gccarm/bin/../lib/gcc/arm-none-eabi/4.9.3/../../../../arm-none-eabi/lib/armv7e-m/fpu\libg_nano.a(lib_a-memset.o)
                              ./src/usart1.o (memset)
e:/arm_toolchains/gccarm/bin/../lib/gcc/arm-none-eabi/4.9.3/../../../../arm-none-eabi/lib/armv7e-m/fpu\libg_nano.a(lib_a-nano-freer.o)
                              e:/arm_toolchains/gccarm/bin/../lib/gcc/arm-none-eabi/4.9.3/../../../../arm-none-eabi/lib/armv7e-m/fpu\libg_nano.a(lib_a-malloc.o) (_free_r)
e:/arm_toolchains/gccarm/bin/../lib/gcc/arm-none-eabi/4.9.3/../../../../arm-none-eabi/lib/armv7e-m/fpu\libg_nano.a(lib_a-nano-mallocr.o)
                              e:/arm_toolchains/gccarm/bin/../lib/gcc/arm-none-eabi/4.9.3/../../../../arm-none-eabi/lib/armv7e-m/fpu\libg_nano.a(lib_a-malloc.o) (_malloc_r)
e:/arm_toolchains/gccarm/bin/../lib/gcc/arm-none-eabi/4.9.3/../../../../arm-none-eabi/lib/armv7e-m/fpu\libg_nano.a(lib_a-printf.o)
                              ./src/sensores.o (printf)
e:/arm_toolchains/gccarm/bin/../lib/gcc/arm-none-eabi/4.9.3/../../../../arm-none-eabi/lib/armv7e-m/fpu\libg_nano.a(lib_a-puts.o)
                              ./src/main.o (puts)
e:/arm_toolchains/gccarm/bin/../lib/gcc/arm-none-eabi/4.9.3/../../../../arm-none-eabi/lib/armv7e-m/fpu\libg_nano.a(lib_a-sbrkr.o)
                              e:/arm_toolchains/gccarm/bin/../lib/gcc/arm-none-eabi/4.9.3/../../../../arm-none-eabi/lib/armv7e-m/fpu\libg_nano.a(lib_a-nano-mallocr.o) (_sbrk_r)
e:/arm_toolchains/gccarm/bin/../lib/gcc/arm-none-eabi/4.9.3/../../../../arm-none-eabi/lib/armv7e-m/fpu\libg_nano.a(lib_a-strcmp.o)
                              ./src/usart1.o (strcmp)
e:/arm_toolchains/gccarm/bin/../lib/gcc/arm-none-eabi/4.9.3/../../../../arm-none-eabi/lib/armv7e-m/fpu\libg_nano.a(lib_a-strtok.o)
                              ./src/usart1.o (strtok)
e:/arm_toolchains/gccarm/bin/../lib/gcc/arm-none-eabi/4.9.3/../../../../arm-none-eabi/lib/armv7e-m/fpu\libg_nano.a(lib_a-strtok_r.o)
                              e:/arm_toolchains/gccarm/bin/../lib/gcc/arm-none-eabi/4.9.3/../../../../arm-none-eabi/lib/armv7e-m/fpu\libg_nano.a(lib_a-strtok.o) (__strtok_r)
e:/arm_toolchains/gccarm/bin/../lib/gcc/arm-none-eabi/4.9.3/../../../../arm-none-eabi/lib/armv7e-m/fpu\libg_nano.a(lib_a-strtol.o)
                              e:/arm_toolchains/gccarm/bin/../lib/gcc/arm-none-eabi/4.9.3/../../../../arm-none-eabi/lib/armv7e-m/fpu\libg_nano.a(lib_a-atoi.o) (_strtol_r)
e:/arm_toolchains/gccarm/bin/../lib/gcc/arm-none-eabi/4.9.3/../../../../arm-none-eabi/lib/armv7e-m/fpu\libg_nano.a(lib_a-wbuf.o)
                              e:/arm_toolchains/gccarm/bin/../lib/gcc/arm-none-eabi/4.9.3/../../../../arm-none-eabi/lib/armv7e-m/fpu\libg_nano.a(lib_a-puts.o) (__swbuf_r)
e:/arm_toolchains/gccarm/bin/../lib/gcc/arm-none-eabi/4.9.3/../../../../arm-none-eabi/lib/armv7e-m/fpu\libg_nano.a(lib_a-wsetup.o)
                              e:/arm_toolchains/gccarm/bin/../lib/gcc/arm-none-eabi/4.9.3/../../../../arm-none-eabi/lib/armv7e-m/fpu\libg_nano.a(lib_a-puts.o) (__swsetup_r)
e:/arm_toolchains/gccarm/bin/../lib/gcc/arm-none-eabi/4.9.3/../../../../arm-none-eabi/lib/armv7e-m/fpu\libg_nano.a(lib_a-ctype_.o)
[...]
Memory Configuration

Name             Origin             Length             Attributes
RAM              0x20000000         0x00020000         xrw
CCMRAM           0x10000000         0x00010000         xrw
FLASH            0x08000000         0x00100000         xr
FLASHB1          0x00000000         0x00000000         xr
EXTMEMB0         0x00000000         0x00000000         xr
EXTMEMB1         0x00000000         0x00000000         xr
EXTMEMB2         0x00000000         0x00000000         xr
EXTMEMB3         0x00000000         0x00000000         xr
MEMORY_ARRAY     0x20002000         0x00000020         xrw
*default*        0x00000000         0xffffffff

Linker script and memory map

LOAD ./system/src/stm32f4-hal/stm32f4xx_hal.o
LOAD ./system/src/stm32f4-hal/stm32f4xx_hal_adc.o
LOAD ./system/src/stm32f4-hal/stm32f4xx_hal_cortex.o
LOAD ./system/src/stm32f4-hal/stm32f4xx_hal_dma.o
LOAD ./system/src/stm32f4-hal/stm32f4xx_hal_flash.o
LOAD ./system/src/stm32f4-hal/stm32f4xx_hal_flash_ex.o
LOAD ./system/src/stm32f4-hal/stm32f4xx_hal_flash_ramfunc.o
LOAD ./system/src/stm32f4-hal/stm32f4xx_hal_gpio.o
LOAD ./system/src/stm32f4-hal/stm32f4xx_hal_iwdg.o
LOAD ./system/src/stm32f4-hal/stm32f4xx_hal_pcd.o
LOAD ./system/src/stm32f4-hal/stm32f4xx_hal_pcd_ex.o
LOAD ./system/src/stm32f4-hal/stm32f4xx_hal_pwr.o
LOAD ./system/src/stm32f4-hal/stm32f4xx_hal_pwr_ex.o
LOAD ./system/src/stm32f4-hal/stm32f4xx_hal_rcc.o
LOAD ./system/src/stm32f4-hal/stm32f4xx_hal_rcc_ex.o
LOAD ./system/src/stm32f4-hal/stm32f4xx_hal_tim.o
LOAD ./system/src/stm32f4-hal/stm32f4xx_hal_tim_ex.o
LOAD ./system/src/stm32f4-hal/stm32f4xx_hal_uart.o
LOAD ./system/src/stm32f4-hal/stm32f4xx_ll_usb.o
LOAD ./system/src/newlib/_cxx.o
LOAD ./system/src/newlib/_exit.o
LOAD ./system/src/newlib/_sbrk.o
LOAD ./system/src/newlib/_startup.o
LOAD ./system/src/newlib/_syscalls.o
LOAD ./system/src/newlib/assert.o
LOAD ./system/src/diag/Trace.o
LOAD ./system/src/diag/trace_impl.o
LOAD ./system/src/cortexm/_initialize_hardware.o
LOAD ./system/src/cortexm/_reset_hardware.o
LOAD ./system/src/cortexm/exception_handlers.o
LOAD ./system/src/cmsis/system_stm32f4xx.o
LOAD ./system/src/cmsis/vectors_stm32f4xx.o
LOAD ./src/_initialize_hardware.o
LOAD ./src/botao.o
LOAD ./src/buzzer.o
LOAD ./src/delays.o
LOAD ./src/encoders.o
LOAD ./src/flash.o
LOAD ./src/leds.o
LOAD ./src/main.o
LOAD ./src/motores.o
LOAD ./src/rodinhas.o
LOAD ./src/sensores.o
LOAD ./src/speed_control.o
LOAD ./src/stm32f4xx_it.o
LOAD ./src/usart1.o
LOAD ./src/usb_user.o
LOAD ./src/usbd_conf.o
LOAD ./src/usbd_desc.o
LOAD ./USB/Core/Src/usbd_core.o
LOAD ./USB/Core/Src/usbd_ctlreq.o
LOAD ./USB/Core/Src/usbd_ioreq.o
LOAD ./USB/CDC/Src/usbd_cdc.o
LOAD ./USB/CDC/Src/usbd_cdc_if_template.o
LOAD e:/arm_toolchains/gccarm/bin/../lib/gcc/arm-none-eabi/4.9.3/../../../../arm-none-eabi/lib/armv7e-m/fpu\libstdc++_nano.a
LOAD e:/arm_toolchains/gccarm/bin/../lib/gcc/arm-none-eabi/4.9.3/../../../../arm-none-eabi/lib/armv7e-m/fpu\libm.a
START GROUP
LOAD e:/arm_toolchains/gccarm/bin/../lib/gcc/arm-none-eabi/4.9.3/armv7e-m/fpu\libgcc.a
LOAD e:/arm_toolchains/gccarm/bin/../lib/gcc/arm-none-eabi/4.9.3/../../../../arm-none-eabi/lib/armv7e-m/fpu\libg_nano.a
LOAD e:/arm_toolchains/gccarm/bin/../lib/gcc/arm-none-eabi/4.9.3/../../../../arm-none-eabi/lib/armv7e-m/fpu\libc_nano.a
END GROUP
START GROUP
LOAD e:/arm_toolchains/gccarm/bin/../lib/gcc/arm-none-eabi/4.9.3/armv7e-m/fpu\libgcc.a
LOAD e:/arm_toolchains/gccarm/bin/../lib/gcc/arm-none-eabi/4.9.3/../../../../arm-none-eabi/lib/armv7e-m/fpu\libc_nano.a
END GROUP
                0x20020000                __stack = (ORIGIN (RAM) + 0x20000)
                0x20020000                _estack = __stack
                0x00000400                __Main_Stack_Size = 0x400
                0x00000400                PROVIDE (_Main_Stack_Size, __Main_Stack_Size)
                0x2001fc00                __Main_Stack_Limit = (__stack - __Main_Stack_Size)
                0x2001fc00                PROVIDE (_Main_Stack_Limit, __Main_Stack_Limit)
                0x00000100                _Minimum_Stack_Size = 0x100
                0x20000b78                PROVIDE (_Heap_Begin, _end_noinit)
                0x2001fc00                PROVIDE (_Heap_Limit, (__stack - __Main_Stack_Size))

.isr_vector     0x08000000      0x27a
 FILL mask 0xff
                0x08000000                __vectors_start__ = ABSOLUTE (.)
 *(.isr_vector)
 .isr_vector    0x08000000      0x188 ./system/src/cmsis/vectors_stm32f4xx.o
                0x08000000                __isr_vectors
 *(.cfmconfig)
 *(.after_vectors .after_vectors.*)
 .after_vectors
                0x08000188       0xd4 ./system/src/newlib/_startup.o
                0x08000188                _start
 .after_vectors
                0x0800025c       0x1c ./system/src/cortexm/exception_handlers.o
                0x0800025c                Reset_Handler
                0x08000260                NMI_Handler
                0x08000262                HardFault_Handler
                0x08000264                MemManage_Handler
                0x08000266                BusFault_Handler
                0x08000268                UsageFault_Handler
                0x0800026a                SVC_Handler
                0x0800026c                DebugMon_Handler
                0x0800026e                PendSV_Handler
 .after_vectors
                0x08000278        0x2 ./system/src/cmsis/vectors_stm32f4xx.o
                0x08000278                RTC_Alarm_IRQHandler
                0x08000278                HASH_RNG_IRQHandler
                0x08000278                EXTI2_IRQHandler
                0x08000278                TIM8_CC_IRQHandler
                0x08000278                TIM1_CC_IRQHandler
                0x08000278                DMA2_Stream5_IRQHandler
                0x08000278                DMA1_Stream5_IRQHandler
                0x08000278                PVD_IRQHandler
                0x08000278                SDIO_IRQHandler
                0x08000278                TAMP_STAMP_IRQHandler
                0x08000278                CAN2_RX1_IRQHandler
                0x08000278                EXTI3_IRQHandler
                0x08000278                TIM8_TRG_COM_TIM14_IRQHandler
                0x08000278                TIM1_UP_TIM10_IRQHandler
                0x08000278                TIM8_UP_TIM13_IRQHandler
                0x08000278                I2C3_ER_IRQHandler
                0x08000278                EXTI0_IRQHandler
                0x08000278                I2C2_EV_IRQHandler
                0x08000278                DMA1_Stream2_IRQHandler
                0x08000278                CAN1_RX0_IRQHandler
                0x08000278                FPU_IRQHandler
                0x08000278                OTG_HS_WKUP_IRQHandler
                0x08000278                CAN2_SCE_IRQHandler
                0x08000278                DMA2_Stream2_IRQHandler
                0x08000278                SPI1_IRQHandler
                0x08000278                TIM6_DAC_IRQHandler
                0x08000278                TIM1_BRK_TIM9_IRQHandler
                0x08000278                CAN2_RX0_IRQHandler
                0x08000278                DMA2_Stream3_IRQHandler
                0x08000278                USART6_IRQHandler
                0x08000278                USART3_IRQHandler
                0x08000278                CAN1_RX1_IRQHandler
                0x08000278                UART5_IRQHandler
                0x08000278                DMA2_Stream0_IRQHandler
                0x08000278                TIM4_IRQHandler
                0x08000278                I2C1_EV_IRQHandler
                0x08000278                DMA1_Stream6_IRQHandler
                0x08000278                DMA1_Stream1_IRQHandler
                0x08000278                UART4_IRQHandler
                0x08000278                RCC_IRQHandler
                0x08000278                TIM8_BRK_TIM12_IRQHandler
                0x08000278                Default_Handler
                0x08000278                EXTI15_10_IRQHandler
                0x08000278                ADC_IRQHandler
                0x08000278                DMA1_Stream7_IRQHandler
                0x08000278                TIM7_IRQHandler
                0x08000278                CAN2_TX_IRQHandler
                0x08000278                TIM5_IRQHandler
                0x08000278                I2C3_EV_IRQHandler
                0x08000278                EXTI9_5_IRQHandler
                0x08000278                RTC_WKUP_IRQHandler
                0x08000278                SPI2_IRQHandler
                0x08000278                OTG_HS_EP1_IN_IRQHandler
                0x08000278                DMA1_Stream0_IRQHandler
                0x08000278                CAN1_TX_IRQHandler
                0x08000278                EXTI4_IRQHandler
                0x08000278                FSMC_IRQHandler
                0x08000278                OTG_HS_EP1_OUT_IRQHandler
                0x08000278                WWDG_IRQHandler
                0x08000278                TIM2_IRQHandler
                0x08000278                OTG_FS_WKUP_IRQHandler
                0x08000278                TIM1_TRG_COM_TIM11_IRQHandler
                0x08000278                OTG_HS_IRQHandler
                0x08000278                EXTI1_IRQHandler
                0x08000278                USART2_IRQHandler
                0x08000278                I2C2_ER_IRQHandler
                0x08000278                DMA2_Stream1_IRQHandler
                0x08000278                CAN1_SCE_IRQHandler
                0x08000278                FLASH_IRQHandler
                0x08000278                DMA2_Stream4_IRQHandler
                0x08000278                SPI3_IRQHandler
                0x08000278                DMA1_Stream4_IRQHandler
                0x08000278                I2C1_ER_IRQHandler
                0x08000278                DMA2_Stream6_IRQHandler
                0x08000278                DMA1_Stream3_IRQHandler

.inits          0x0800027c       0x28
                0x0800027c                __data_regions_array_start = .
                0x0800027c        0x4 LONG 0x80067b8 LOADADDR (.data)
                0x08000280        0x4 LONG 0x20000000 ADDR (.data)
                0x08000284        0x4 LONG 0x200000e0 (ADDR (.data) + SIZEOF (.data))
                0x08000288        0x4 LONG 0x80067b8 LOADADDR (.data_CCMRAM)
                0x0800028c        0x4 LONG 0x10000000 ADDR (.data_CCMRAM)
                0x08000290        0x4 LONG 0x10000000 (ADDR (.data_CCMRAM) + SIZEOF (.data_CCMRAM))
                0x08000294                __data_regions_array_end = .
                0x08000294                __bss_regions_array_start = .
                0x08000294        0x4 LONG 0x200000e0 ADDR (.bss)
                0x08000298        0x4 LONG 0x20000b78 (ADDR (.bss) + SIZEOF (.bss))
                0x0800029c        0x4 LONG 0x10000000 ADDR (.bss_CCMRAM)
                0x080002a0        0x4 LONG 0x10000000 (ADDR (.bss_CCMRAM) + SIZEOF (.bss_CCMRAM))
                0x080002a4                __bss_regions_array_end = .
 *(.init)
 *(.fini)
                0x080002a4                . = ALIGN (0x4)
                0x080002a4                PROVIDE (__preinit_array_start, .)
 *(.preinit_array_sysinit .preinit_array_sysinit.*)
 *(.preinit_array_platform .preinit_array_platform.*)
 *(.preinit_array .preinit_array.*)
                0x080002a4                PROVIDE (__preinit_array_end, .)
                0x080002a4                . = ALIGN (0x4)
                0x080002a4                PROVIDE (__init_array_start, .)
 *(SORT(.init_array.*))
 *(.init_array)
                0x080002a4                PROVIDE (__init_array_end, .)
                0x080002a4                . = ALIGN (0x4)
                0x080002a4                PROVIDE (__fini_array_start, .)
 *(SORT(.fini_array.*))
 *(.fini_array)
                0x080002a4                PROVIDE (__fini_array_end, .)

.flashtext
 *(.flashtext .flashtext.*)

.text           0x080002a8     0x6510
 *(.text .text.*)
 .text.HAL_MspInit
                0x080002a8        0x2 ./system/src/stm32f4-hal/stm32f4xx_hal.o
                0x080002a8                HAL_MspInit
 .text.HAL_InitTick
                0x080002aa       0x24 ./system/src/stm32f4-hal/stm32f4xx_hal.o
                0x080002aa                HAL_InitTick
 *fill*         0x080002ce        0x2 
 .text.HAL_Init
                0x080002d0       0x34 ./system/src/stm32f4-hal/stm32f4xx_hal.o
                0x080002d0                HAL_Init
 .text.HAL_IncTick
                0x08000304       0x10 ./system/src/stm32f4-hal/stm32f4xx_hal.o
                0x08000304                HAL_IncTick
 .text.HAL_GetTick
                0x08000314        0xc ./system/src/stm32f4-hal/stm32f4xx_hal.o
                0x08000314                HAL_GetTick
 .text.HAL_SuspendTick
                0x08000320       0x10 ./system/src/stm32f4-hal/stm32f4xx_hal.o
                0x08000320                HAL_SuspendTick
 .text.HAL_ADC_MspInit
                0x08000330        0x2 ./system/src/stm32f4-hal/stm32f4xx_hal_adc.o
                0x08000330                HAL_ADC_MspInit
 *fill*         0x08000332        0x2 
 .text.HAL_ADC_Init
                0x08000334      0x108 ./system/src/stm32f4-hal/stm32f4xx_hal_adc.o
                0x08000334                HAL_ADC_Init
 .text.HAL_ADC_Start
                0x0800043c       0x70 ./system/src/stm32f4-hal/stm32f4xx_hal_adc.o
                0x0800043c                HAL_ADC_Start
 .text.HAL_ADC_PollForConversion
                0x080004ac       0x48 ./system/src/stm32f4-hal/stm32f4xx_hal_adc.o
                0x080004ac                HAL_ADC_PollForConversion
 .text.HAL_ADC_GetValue
                0x080004f4        0x6 ./system/src/stm32f4-hal/stm32f4xx_hal_adc.o
                0x080004f4                HAL_ADC_GetValue
 *fill*         0x080004fa        0x2 
 .text.HAL_ADC_ConfigChannel
                0x080004fc       0xec ./system/src/stm32f4-hal/stm32f4xx_hal_adc.o
                0x080004fc                HAL_ADC_ConfigChannel
 .text.HAL_NVIC_SetPriorityGrouping
                0x080005e8       0x24 ./system/src/stm32f4-hal/stm32f4xx_hal_cortex.o
                0x080005e8                HAL_NVIC_SetPriorityGrouping
 .text.HAL_NVIC_SetPriority
                0x0800060c       0x60 ./system/src/stm32f4-hal/stm32f4xx_hal_cortex.o
                0x0800060c                HAL_NVIC_SetPriority
 .text.HAL_NVIC_EnableIRQ
                0x0800066c       0x18 ./system/src/stm32f4-hal/stm32f4xx_hal_cortex.o
                0x0800066c                HAL_NVIC_EnableIRQ
 .text.HAL_SYSTICK_Config
                0x08000684       0x2c ./system/src/stm32f4-hal/stm32f4xx_hal_cortex.o
                0x08000684                HAL_SYSTICK_Config
 .text.HAL_SYSTICK_Callback
                0x080006b0        0x2 ./system/src/stm32f4-hal/stm32f4xx_hal_cortex.o
                0x080006b0                HAL_SYSTICK_Callback
 .text.HAL_SYSTICK_IRQHandler
                0x080006b2        0x8 ./system/src/stm32f4-hal/stm32f4xx_hal_cortex.o
                0x080006b2                HAL_SYSTICK_IRQHandler
 *fill*         0x080006ba        0x2 
 .text.HAL_DMA_Init
                0x080006bc       0x70 ./system/src/stm32f4-hal/stm32f4xx_hal_dma.o
                0x080006bc                HAL_DMA_Init
 .text.HAL_DMA_IRQHandler
                0x0800072c      0xa18 ./system/src/stm32f4-hal/stm32f4xx_hal_dma.o
                0x0800072c                HAL_DMA_IRQHandler
 .text.FLASH_Program_Word
                0x08001144       0x24 ./system/src/stm32f4-hal/stm32f4xx_hal_flash.o
 .text.FLASH_Program_HalfWord
                0x08001168       0x24 ./system/src/stm32f4-hal/stm32f4xx_hal_flash.o
 .text.FLASH_SetErrorCode
                0x0800118c       0x6c ./system/src/stm32f4-hal/stm32f4xx_hal_flash.o
 .text.HAL_FLASH_Unlock
                0x080011f8       0x24 ./system/src/stm32f4-hal/stm32f4xx_hal_flash.o
                0x080011f8                HAL_FLASH_Unlock
 .text.HAL_FLASH_Lock
                0x0800121c       0x14 ./system/src/stm32f4-hal/stm32f4xx_hal_flash.o
                0x0800121c                HAL_FLASH_Lock
 .text.FLASH_WaitForLastOperation
                0x08001230       0x3c ./system/src/stm32f4-hal/stm32f4xx_hal_flash.o
                0x08001230                FLASH_WaitForLastOperation
 .text.HAL_FLASH_Program
                0x0800126c       0xac ./system/src/stm32f4-hal/stm32f4xx_hal_flash.o
                0x0800126c                HAL_FLASH_Program
 .text.FLASH_Erase_Sector
                0x08001318       0x58 ./system/src/stm32f4-hal/stm32f4xx_hal_flash_ex.o
                0x08001318                FLASH_Erase_Sector
 .text.HAL_GPIO_Init
                0x08001370      0x1c8 ./system/src/stm32f4-hal/stm32f4xx_hal_gpio.o
                0x08001370                HAL_GPIO_Init
 .text.HAL_GPIO_ReadPin
                0x08001538        0xc ./system/src/stm32f4-hal/stm32f4xx_hal_gpio.o
                0x08001538                HAL_GPIO_ReadPin
 .text.HAL_GPIO_WritePin
                0x08001544        0xa ./system/src/stm32f4-hal/stm32f4xx_hal_gpio.o
                0x08001544                HAL_GPIO_WritePin
 .text.HAL_PCD_IRQHandler
                0x0800154e      0x472 ./system/src/stm32f4-hal/stm32f4xx_hal_pcd.o
                0x0800154e                HAL_PCD_IRQHandler
 .text.HAL_PCD_SetAddress
                0x080019c0       0x24 ./system/src/stm32f4-hal/stm32f4xx_hal_pcd.o
                0x080019c0                HAL_PCD_SetAddress
 .text.HAL_PCD_EP_Open
                0x080019e4       0x5a ./system/src/stm32f4-hal/stm32f4xx_hal_pcd.o
                0x080019e4                HAL_PCD_EP_Open
 .text.HAL_PCD_EP_Receive
                0x08001a3e       0x64 ./system/src/stm32f4-hal/stm32f4xx_hal_pcd.o
                0x08001a3e                HAL_PCD_EP_Receive
 .text.HAL_PCD_EP_Transmit
                0x08001aa2       0x5a ./system/src/stm32f4-hal/stm32f4xx_hal_pcd.o
                0x08001aa2                HAL_PCD_EP_Transmit
 .text.HAL_PCD_EP_SetStall
                0x08001afc       0x5a ./system/src/stm32f4-hal/stm32f4xx_hal_pcd.o
                0x08001afc                HAL_PCD_EP_SetStall
 .text.HAL_PCD_EP_ClrStall
                0x08001b56       0x4c ./system/src/stm32f4-hal/stm32f4xx_hal_pcd.o
                0x08001b56                HAL_PCD_EP_ClrStall
 *fill*         0x08001ba2        0x2 
 .text.HAL_RCC_OscConfig
                0x08001ba4      0x31c ./system/src/stm32f4-hal/stm32f4xx_hal_rcc.o
                0x08001ba4                HAL_RCC_OscConfig
 .text.HAL_RCC_ClockConfig
                0x08001ec0      0x1c8 ./system/src/stm32f4-hal/stm32f4xx_hal_rcc.o
                0x08001ec0                HAL_RCC_ClockConfig
 .text.HAL_RCC_GetSysClockFreq
                0x08002088       0x94 ./system/src/stm32f4-hal/stm32f4xx_hal_rcc.o
                0x08002088                HAL_RCC_GetSysClockFreq
 .text.HAL_RCC_GetHCLKFreq
                0x0800211c       0x38 ./system/src/stm32f4-hal/stm32f4xx_hal_rcc.o
                0x0800211c                HAL_RCC_GetHCLKFreq
 .text.HAL_RCC_GetPCLK1Freq
                0x08002154       0x30 ./system/src/stm32f4-hal/stm32f4xx_hal_rcc.o
                0x08002154                HAL_RCC_GetPCLK1Freq
 .text.HAL_RCC_GetPCLK2Freq
                0x08002184       0x30 ./system/src/stm32f4-hal/stm32f4xx_hal_rcc.o
                0x08002184                HAL_RCC_GetPCLK2Freq
 .text.TIM_OC1_SetConfig
                0x080021b4       0x58 ./system/src/stm32f4-hal/stm32f4xx_hal_tim.o
 .text.TIM_OC3_SetConfig
                0x0800220c       0x60 ./system/src/stm32f4-hal/stm32f4xx_hal_tim.o
 .text.TIM_OC4_SetConfig
                0x0800226c       0x50 ./system/src/stm32f4-hal/stm32f4xx_hal_tim.o
 .text.HAL_TIM_Base_MspInit
                0x080022bc        0x2 ./system/src/stm32f4-hal/stm32f4xx_hal_tim.o
                0x080022bc                HAL_TIM_Base_MspInit
 .text.HAL_TIM_Base_Start_IT
                0x080022be       0x16 ./system/src/stm32f4-hal/stm32f4xx_hal_tim.o
                0x080022be                HAL_TIM_Base_Start_IT
 .text.HAL_TIM_PWM_MspInit
                0x080022d4        0x2 ./system/src/stm32f4-hal/stm32f4xx_hal_tim.o
                0x080022d4                HAL_TIM_PWM_MspInit
 .text.HAL_TIM_Encoder_MspInit
                0x080022d6        0x2 ./system/src/stm32f4-hal/stm32f4xx_hal_tim.o
                0x080022d6                HAL_TIM_Encoder_MspInit
 .text.HAL_TIM_Encoder_Start
                0x080022d8       0x46 ./system/src/stm32f4-hal/stm32f4xx_hal_tim.o
                0x080022d8                HAL_TIM_Encoder_Start
 .text.HAL_TIM_OC_DelayElapsedCallback
                0x0800231e        0x2 ./system/src/stm32f4-hal/stm32f4xx_hal_tim.o
                0x0800231e                HAL_TIM_OC_DelayElapsedCallback
 .text.HAL_TIM_IC_CaptureCallback
                0x08002320        0x2 ./system/src/stm32f4-hal/stm32f4xx_hal_tim.o
                0x08002320                HAL_TIM_IC_CaptureCallback
 .text.HAL_TIM_PWM_PulseFinishedCallback
                0x08002322        0x2 ./system/src/stm32f4-hal/stm32f4xx_hal_tim.o
                0x08002322                HAL_TIM_PWM_PulseFinishedCallback
 .text.HAL_TIM_TriggerCallback
                0x08002324        0x2 ./system/src/stm32f4-hal/stm32f4xx_hal_tim.o
                0x08002324                HAL_TIM_TriggerCallback
 .text.HAL_TIM_IRQHandler
                0x08002326      0x144 ./system/src/stm32f4-hal/stm32f4xx_hal_tim.o
                0x08002326                HAL_TIM_IRQHandler
 *fill*         0x0800246a        0x2 
 .text.TIM_Base_SetConfig
                0x0800246c       0xc8 ./system/src/stm32f4-hal/stm32f4xx_hal_tim.o
                0x0800246c                TIM_Base_SetConfig
 .text.HAL_TIM_Base_Init
                0x08002534       0x2c ./system/src/stm32f4-hal/stm32f4xx_hal_tim.o
                0x08002534                HAL_TIM_Base_Init
 .text.HAL_TIM_PWM_Init
                0x08002560       0x2c ./system/src/stm32f4-hal/stm32f4xx_hal_tim.o
                0x08002560                HAL_TIM_PWM_Init
 .text.HAL_TIM_Encoder_Init
                0x0800258c       0x8a ./system/src/stm32f4-hal/stm32f4xx_hal_tim.o
                0x0800258c                HAL_TIM_Encoder_Init
 *fill*         0x08002616        0x2 
 .text.TIM_OC2_SetConfig
                0x08002618       0x64 ./system/src/stm32f4-hal/stm32f4xx_hal_tim.o
                0x08002618                TIM_OC2_SetConfig
 .text.HAL_TIM_PWM_ConfigChannel
                0x0800267c       0xc6 ./system/src/stm32f4-hal/stm32f4xx_hal_tim.o
                0x0800267c                HAL_TIM_PWM_ConfigChannel
 .text.TIM_CCxChannelCmd
                0x08002742       0x18 ./system/src/stm32f4-hal/stm32f4xx_hal_tim.o
                0x08002742                TIM_CCxChannelCmd
 *fill*         0x0800275a        0x2 
 .text.HAL_TIM_PWM_Start
                0x0800275c       0x34 ./system/src/stm32f4-hal/stm32f4xx_hal_tim.o
                0x0800275c                HAL_TIM_PWM_Start
 .text.HAL_TIMEx_CommutationCallback
                0x08002790        0x2 ./system/src/stm32f4-hal/stm32f4xx_hal_tim_ex.o
                0x08002790                HAL_TIMEx_CommutationCallback
 .text.HAL_TIMEx_BreakCallback
                0x08002792        0x2 ./system/src/stm32f4-hal/stm32f4xx_hal_tim_ex.o
                0x08002792                HAL_TIMEx_BreakCallback
 .text.UART_SetConfig
                0x08002794      0x148 ./system/src/stm32f4-hal/stm32f4xx_hal_uart.o
 .text.UART_WaitOnFlagUntilTimeout.constprop.0
                0x080028dc       0x60 ./system/src/stm32f4-hal/stm32f4xx_hal_uart.o
 .text.HAL_UART_MspInit
                0x0800293c        0x2 ./system/src/stm32f4-hal/stm32f4xx_hal_uart.o
                0x0800293c                HAL_UART_MspInit
 .text.HAL_UART_Init
                0x0800293e       0x52 ./system/src/stm32f4-hal/stm32f4xx_hal_uart.o
                0x0800293e                HAL_UART_Init
 .text.HAL_UART_Transmit
                0x08002990       0xba ./system/src/stm32f4-hal/stm32f4xx_hal_uart.o
                0x08002990                HAL_UART_Transmit
 .text.HAL_UART_Receive
                0x08002a4a       0xbe ./system/src/stm32f4-hal/stm32f4xx_hal_uart.o
                0x08002a4a                HAL_UART_Receive
 .text.HAL_UART_Receive_IT
                0x08002b08       0x6a ./system/src/stm32f4-hal/stm32f4xx_hal_uart.o
                0x08002b08                HAL_UART_Receive_IT
 .text.HAL_UART_TxCpltCallback
                0x08002b72        0x2 ./system/src/stm32f4-hal/stm32f4xx_hal_uart.o
                0x08002b72                HAL_UART_TxCpltCallback
 .text.HAL_UART_ErrorCallback
                0x08002b74        0x2 ./system/src/stm32f4-hal/stm32f4xx_hal_uart.o
                0x08002b74                HAL_UART_ErrorCallback
 .text.HAL_UART_IRQHandler
                0x08002b76      0x1aa ./system/src/stm32f4-hal/stm32f4xx_hal_uart.o
                0x08002b76                HAL_UART_IRQHandler
 .text.USB_FlushTxFifo
                0x08002d20       0x24 ./system/src/stm32f4-hal/stm32f4xx_ll_usb.o
                0x08002d20                USB_FlushTxFifo
 .text.USB_GetDevSpeed
                0x08002d44       0x36 ./system/src/stm32f4-hal/stm32f4xx_ll_usb.o
                0x08002d44                USB_GetDevSpeed
 .text.USB_ActivateEndpoint
                0x08002d7a       0x82 ./system/src/stm32f4-hal/stm32f4xx_ll_usb.o
                0x08002d7a                USB_ActivateEndpoint
 .text.USB_EP0StartXfer
                0x08002dfc      0x150 ./system/src/stm32f4-hal/stm32f4xx_ll_usb.o
                0x08002dfc                USB_EP0StartXfer
 .text.USB_WritePacket
                0x08002f4c       0x26 ./system/src/stm32f4-hal/stm32f4xx_ll_usb.o
                0x08002f4c                USB_WritePacket
 *fill*         0x08002f72        0x2 
 .text.USB_EPStartXfer
                0x08002f74      0x238 ./system/src/stm32f4-hal/stm32f4xx_ll_usb.o
                0x08002f74                USB_EPStartXfer
 .text.USB_ReadPacket
                0x080031ac       0x20 ./system/src/stm32f4-hal/stm32f4xx_ll_usb.o
                0x080031ac                USB_ReadPacket
 .text.USB_EPSetStall
                0x080031cc       0x64 ./system/src/stm32f4-hal/stm32f4xx_ll_usb.o
                0x080031cc                USB_EPSetStall
 .text.USB_EPClearStall
                0x08003230       0x3e ./system/src/stm32f4-hal/stm32f4xx_ll_usb.o
                0x08003230                USB_EPClearStall
 .text.USB_SetDevAddress
                0x0800326e       0x20 ./system/src/stm32f4-hal/stm32f4xx_ll_usb.o
                0x0800326e                USB_SetDevAddress
 .text.USB_ReadInterrupts
                0x0800328e        0x8 ./system/src/stm32f4-hal/stm32f4xx_ll_usb.o
                0x0800328e                USB_ReadInterrupts
 .text.USB_ReadDevAllOutEpInterrupt
                0x08003296       0x10 ./system/src/stm32f4-hal/stm32f4xx_ll_usb.o
                0x08003296                USB_ReadDevAllOutEpInterrupt
 .text.USB_ReadDevAllInEpInterrupt
                0x080032a6       0x10 ./system/src/stm32f4-hal/stm32f4xx_ll_usb.o
                0x080032a6                USB_ReadDevAllInEpInterrupt
 .text.USB_ReadDevOutEPInterrupt
                0x080032b6       0x12 ./system/src/stm32f4-hal/stm32f4xx_ll_usb.o
                0x080032b6                USB_ReadDevOutEPInterrupt
 .text.USB_ReadDevInEPInterrupt
                0x080032c8       0x1e ./system/src/stm32f4-hal/stm32f4xx_ll_usb.o
                0x080032c8                USB_ReadDevInEPInterrupt
 .text.USB_GetMode
                0x080032e6        0x8 ./system/src/stm32f4-hal/stm32f4xx_ll_usb.o
                0x080032e6                USB_GetMode
 .text.USB_ActivateSetup
                0x080032ee       0x36 ./system/src/stm32f4-hal/stm32f4xx_ll_usb.o
                0x080032ee                USB_ActivateSetup
 .text.USB_EP0_OutStart
                0x08003324       0x46 ./system/src/stm32f4-hal/stm32f4xx_ll_usb.o
                0x08003324                USB_EP0_OutStart
 .text._exit    0x0800336a        0x6 ./system/src/newlib/_exit.o
                0x0800336a                _exit
 .text._sbrk    0x08003370       0x40 ./system/src/newlib/_sbrk.o
                0x08003370                _sbrk
 .text.__initialize_args
                0x080033b0       0x10 ./system/src/newlib/_syscalls.o
                0x080033b0                __initialize_args
 .text._close   0x080033c0       0x10 ./system/src/newlib/_syscalls.o
                0x080033c0                _close
 .text._fstat   0x080033d0       0x10 ./system/src/newlib/_syscalls.o
                0x080033d0                _fstat
 .text._isatty  0x080033e0        0xe ./system/src/newlib/_syscalls.o
                0x080033e0                _isatty
 .text._lseek   0x080033ee       0x10 ./system/src/newlib/_syscalls.o
                0x080033ee                _lseek
 *fill*         0x080033fe        0x2 
 .text.__initialize_hardware_early
                0x08003400       0x1c ./system/src/cortexm/_initialize_hardware.o
                0x08003400                __initialize_hardware_early
 .text.__reset_hardware
                0x0800341c       0x20 ./system/src/cortexm/_reset_hardware.o
                0x0800341c                __reset_hardware
 .text.SystemInit
                0x0800343c       0x4c ./system/src/cmsis/system_stm32f4xx.o
                0x0800343c                SystemInit
 .text.configure_system_clock
                0x08003488       0x68 ./src/_initialize_hardware.o
                0x08003488                configure_system_clock
 .text.__initialize_hardware
                0x080034f0       0x28 ./src/_initialize_hardware.o
                0x080034f0                __initialize_hardware
 .text.botaoConfig
                0x08003518       0x30 ./src/botao.o
                0x08003518                botaoConfig
 .text.getSW1   0x08003548        0xc ./src/botao.o
                0x08003548                getSW1
 .text.buzzerConfig
                0x08003554       0x30 ./src/buzzer.o
                0x08003554                buzzerConfig
 .text.beeps    0x08003584       0x3c ./src/buzzer.o
                0x08003584                beeps
 .text.beep     0x080035c0        0xc ./src/buzzer.o
                0x080035c0                beep
 .text.micros   0x080035cc       0x20 ./src/delays.o
                0x080035cc                micros
 .text.elapse_us
                0x080035ec       0x12 ./src/delays.o
                0x080035ec                elapse_us
 .text.delay_ms
                0x080035fe       0x16 ./src/delays.o
                0x080035fe                delay_ms
 .text.encodersConfig
                0x08003614      0x10c ./src/encoders.o
                0x08003614                encodersConfig
 .text.getEncoderEsquerda
                0x08003720        0x8 ./src/encoders.o
                0x08003720                getEncoderEsquerda
 .text.resetEncoderEsquerda
                0x08003728        0xa ./src/encoders.o
                0x08003728                resetEncoderEsquerda
 *fill*         0x08003732        0x2 
 .text.getEncoderDireita
                0x08003734        0xc ./src/encoders.o
                0x08003734                getEncoderDireita
 .text.resetEncoderDireita
                0x08003740        0xc ./src/encoders.o
                0x08003740                resetEncoderDireita
 .text.writeFlash
                0x0800374c       0x44 ./src/flash.o
                0x0800374c                writeFlash
 .text.readFlash
                0x08003790       0x1c ./src/flash.o
                0x08003790                readFlash
 .text.ledsConfig
                0x080037ac       0x54 ./src/leds.o
                0x080037ac                ledsConfig
 .text.setLED   0x08003800       0x1c ./src/leds.o
                0x08003800                setLED
 .text.HAL_TIM_PeriodElapsedCallback
                0x0800381c       0x10 ./src/main.o
                0x0800381c                HAL_TIM_PeriodElapsedCallback
 .text.systick  0x0800382c       0x10 ./src/main.o
                0x0800382c                systick
 .text.perifericosConfig
                0x0800383c       0x26 ./src/main.o
                0x0800383c                perifericosConfig
 *fill*         0x08003862        0x2 
 .text.init_parametros
                0x08003864       0x80 ./src/main.o
                0x08003864                init_parametros
 .text.startup.main
                0x080038e4       0xe0 ./src/main.o
                0x080038e4                main
 .text.motoresConfig
                0x080039c4       0xd8 ./src/motores.o
                0x080039c4                motoresConfig
 .text.setMotores
                0x08003a9c       0x60 ./src/motores.o
                0x08003a9c                setMotores
 .text.menu_rodinhas
                0x08003afc        0xa ./src/rodinhas.o
                0x08003afc                menu_rodinhas
 *fill*         0x08003b06        0x2 
 .text.readMarks
                0x08003b08      0x124 ./src/sensores.o
                0x08003b08                readMarks
 .text.getSensorError
                0x08003c2c      0x138 ./src/sensores.o
                0x08003c2c                getSensorError
 .text.getRawADC
                0x08003d64       0x34 ./src/sensores.o
                0x08003d64                getRawADC
 .text.getTensao
                0x08003d98       0x18 ./src/sensores.o
                0x08003d98                getTensao
 .text.sensoresConfig
                0x08003db0      0x134 ./src/sensores.o
                0x08003db0                sensoresConfig
 .text.speedControlConfig
                0x08003ee4       0x54 ./src/speed_control.o
                0x08003ee4                speedControlConfig
 .text.getEncoderStatus
                0x08003f38       0xa4 ./src/speed_control.o
                0x08003f38                getEncoderStatus
 *fill*         0x08003fdc        0x4 
 .text.calculateMotorPwm
                0x08003fe0      0x130 ./src/speed_control.o
                0x08003fe0                calculateMotorPwm
 .text.needToDecelerate
                0x08004110       0x28 ./src/speed_control.o
                0x08004110                needToDecelerate
 .text.updateCurrentSpeed
                0x08004138       0xa0 ./src/speed_control.o
                0x08004138                updateCurrentSpeed
 .text.speedProfile
                0x080041d8       0x88 ./src/speed_control.o
                0x080041d8                speedProfile
 .text.SysTick_Handler
                0x08004260       0x34 ./src/stm32f4xx_it.o
                0x08004260                SysTick_Handler
 .text.TIM3_IRQHandler
                0x08004294        0xc ./src/stm32f4xx_it.o
                0x08004294                TIM3_IRQHandler
 .text.USART1_IRQHandler
                0x080042a0        0xc ./src/stm32f4xx_it.o
                0x080042a0                USART1_IRQHandler
 .text.usart1Config
                0x080042ac       0xd4 ./src/usart1.o
                0x080042ac                usart1Config
 .text.DMA2_Stream7_IRQHandler
                0x08004380        0xc ./src/usart1.o
                0x08004380                DMA2_Stream7_IRQHandler
 .text.HAL_UART_RxCpltCallback
                0x0800438c       0x40 ./src/usart1.o
                0x0800438c                HAL_UART_RxCpltCallback
 .text.comandosUART
                0x080043cc      0x180 ./src/usart1.o
                0x080043cc                comandosUART
 .text._write   0x0800454c       0x18 ./src/usart1.o
                0x0800454c                _write
 .text._read    0x08004564       0x18 ./src/usart1.o
                0x08004564                _read
 .text.usbConfig
                0x0800457c        0x2 ./src/usb_user.o
                0x0800457c                usbConfig
 *fill*         0x0800457e        0x2 
 .text.OTG_FS_IRQHandler
                0x08004580        0xc ./src/usb_user.o
                0x08004580                OTG_FS_IRQHandler
 .text.HAL_PCD_SetupStageCallback
                0x0800458c        0xe ./src/usbd_conf.o
                0x0800458c                HAL_PCD_SetupStageCallback
 .text.HAL_PCD_DataOutStageCallback
                0x0800459a       0x12 ./src/usbd_conf.o
                0x0800459a                HAL_PCD_DataOutStageCallback
 .text.HAL_PCD_DataInStageCallback
                0x080045ac       0x10 ./src/usbd_conf.o
                0x080045ac                HAL_PCD_DataInStageCallback
 .text.HAL_PCD_SOFCallback
                0x080045bc        0x8 ./src/usbd_conf.o
                0x080045bc                HAL_PCD_SOFCallback
 .text.HAL_PCD_ResetCallback
                0x080045c4       0x20 ./src/usbd_conf.o
                0x080045c4                HAL_PCD_ResetCallback
 .text.HAL_PCD_SuspendCallback
                0x080045e4        0x8 ./src/usbd_conf.o
                0x080045e4                HAL_PCD_SuspendCallback
 .text.HAL_PCD_ResumeCallback
                0x080045ec        0x8 ./src/usbd_conf.o
                0x080045ec                HAL_PCD_ResumeCallback
 .text.HAL_PCD_ISOOUTIncompleteCallback
                0x080045f4        0x8 ./src/usbd_conf.o
                0x080045f4                HAL_PCD_ISOOUTIncompleteCallback
 .text.HAL_PCD_ISOINIncompleteCallback
                0x080045fc        0x8 ./src/usbd_conf.o
                0x080045fc                HAL_PCD_ISOINIncompleteCallback
 .text.HAL_PCD_ConnectCallback
                0x08004604        0x8 ./src/usbd_conf.o
                0x08004604                HAL_PCD_ConnectCallback
 .text.HAL_PCD_DisconnectCallback
                0x0800460c        0x8 ./src/usbd_conf.o
                0x0800460c                HAL_PCD_DisconnectCallback
 .text.USBD_LL_OpenEP
                0x08004614       0x14 ./src/usbd_conf.o
                0x08004614                USBD_LL_OpenEP
 .text.USBD_LL_StallEP
                0x08004628        0xe ./src/usbd_conf.o
                0x08004628                USBD_LL_StallEP
 .text.USBD_LL_ClearStallEP
                0x08004636        0xe ./src/usbd_conf.o
                0x08004636                USBD_LL_ClearStallEP
 .text.USBD_LL_IsStallEP
                0x08004644       0x26 ./src/usbd_conf.o
                0x08004644                USBD_LL_IsStallEP
 .text.USBD_LL_SetUSBAddress
                0x0800466a        0xe ./src/usbd_conf.o
                0x0800466a                USBD_LL_SetUSBAddress
 .text.USBD_LL_Transmit
                0x08004678        0xe ./src/usbd_conf.o
                0x08004678                USBD_LL_Transmit
 .text.USBD_LL_PrepareReceive
                0x08004686        0xe ./src/usbd_conf.o
                0x08004686                USBD_LL_PrepareReceive
 .text.USBD_SetClassConfig
                0x08004694       0x16 ./USB/Core/Src/usbd_core.o
                0x08004694                USBD_SetClassConfig
 .text.USBD_ClrClassConfig
                0x080046aa        0xe ./USB/Core/Src/usbd_core.o
                0x080046aa                USBD_ClrClassConfig
 .text.USBD_LL_SetupStage
                0x080046b8       0x5a ./USB/Core/Src/usbd_core.o
                0x080046b8                USBD_LL_SetupStage
 .text.USBD_LL_DataOutStage
                0x08004712       0x60 ./USB/Core/Src/usbd_core.o
                0x08004712                USBD_LL_DataOutStage
 .text.USBD_LL_DataInStage
                0x08004772       0x88 ./USB/Core/Src/usbd_core.o
                0x08004772                USBD_LL_DataInStage
 .text.USBD_LL_Reset
                0x080047fa       0x3e ./USB/Core/Src/usbd_core.o
                0x080047fa                USBD_LL_Reset
 .text.USBD_LL_SetSpeed
                0x08004838        0x6 ./USB/Core/Src/usbd_core.o
                0x08004838                USBD_LL_SetSpeed
 .text.USBD_LL_Suspend
                0x0800483e       0x12 ./USB/Core/Src/usbd_core.o
                0x0800483e                USBD_LL_Suspend
 .text.USBD_LL_Resume
                0x08004850        0xc ./USB/Core/Src/usbd_core.o
                0x08004850                USBD_LL_Resume
 .text.USBD_LL_SOF
                0x0800485c       0x18 ./USB/Core/Src/usbd_core.o
                0x0800485c                USBD_LL_SOF
 .text.USBD_LL_IsoINIncomplete
                0x08004874        0x4 ./USB/Core/Src/usbd_core.o
                0x08004874                USBD_LL_IsoINIncomplete
 .text.USBD_LL_IsoOUTIncomplete
                0x08004878        0x4 ./USB/Core/Src/usbd_core.o
                0x08004878                USBD_LL_IsoOUTIncomplete
 .text.USBD_LL_DevConnected
                0x0800487c        0x4 ./USB/Core/Src/usbd_core.o
                0x0800487c                USBD_LL_DevConnected
 .text.USBD_LL_DevDisconnected
                0x08004880       0x16 ./USB/Core/Src/usbd_core.o
                0x08004880                USBD_LL_DevDisconnected
 .text.USBD_ParseSetupRequest
                0x08004896       0x28 ./USB/Core/Src/usbd_ctlreq.o
                0x08004896                USBD_ParseSetupRequest
 .text.USBD_CtlError
                0x080048be       0x16 ./USB/Core/Src/usbd_ctlreq.o
                0x080048be                USBD_CtlError
 .text.USBD_StdDevReq
                0x080048d4      0x218 ./USB/Core/Src/usbd_ctlreq.o
                0x080048d4                USBD_StdDevReq
 .text.USBD_StdItfReq
                0x08004aec       0x30 ./USB/Core/Src/usbd_ctlreq.o
                0x08004aec                USBD_StdItfReq
 .text.USBD_StdEPReq
                0x08004b1c       0xb2 ./USB/Core/Src/usbd_ctlreq.o
                0x08004b1c                USBD_StdEPReq
 .text.USBD_CtlSendData
                0x08004bce       0x1c ./USB/Core/Src/usbd_ioreq.o
                0x08004bce                USBD_CtlSendData
 .text.USBD_CtlContinueSendData
                0x08004bea       0x12 ./USB/Core/Src/usbd_ioreq.o
                0x08004bea                USBD_CtlContinueSendData
 .text.USBD_CtlContinueRx
                0x08004bfc       0x12 ./USB/Core/Src/usbd_ioreq.o
                0x08004bfc                USBD_CtlContinueRx
 .text.USBD_CtlSendStatus
                0x08004c0e       0x16 ./USB/Core/Src/usbd_ioreq.o
                0x08004c0e                USBD_CtlSendStatus
 .text.USBD_CtlReceiveStatus
                0x08004c24       0x16 ./USB/Core/Src/usbd_ioreq.o
                0x08004c24                USBD_CtlReceiveStatus
 *fill*         0x08004c3a        0x2 
 .text          0x08004c3c      0x370 e:/arm_toolchains/gccarm/bin/../lib/gcc/arm-none-eabi/4.9.3/armv7e-m/fpu\libgcc.a(_arm_addsubdf3.o)
                0x08004c3c                __aeabi_drsub
                0x08004c44                __aeabi_dsub
                0x08004c44                __subdf3
                0x08004c48                __aeabi_dadd
                0x08004c48                __adddf3
                0x08004ec0                __floatunsidf
                0x08004ec0                __aeabi_ui2d
                0x08004ee0                __floatsidf
                0x08004ee0                __aeabi_i2d
                0x08004f04                __aeabi_f2d
                0x08004f04                __extendsfdf2
                0x08004f40                __floatundidf
                0x08004f40                __aeabi_ul2d
                0x08004f50                __floatdidf
                0x08004f50                __aeabi_l2d
 .text          0x08004fac      0x424 e:/arm_toolchains/gccarm/bin/../lib/gcc/arm-none-eabi/4.9.3/armv7e-m/fpu\libgcc.a(_arm_muldivdf3.o)
                0x08004fac                __aeabi_dmul
                0x08004fac                __muldf3
                0x08005200                __divdf3
                0x08005200                __aeabi_ddiv
 .text          0x080053d0       0x50 e:/arm_toolchains/gccarm/bin/../lib/gcc/arm-none-eabi/4.9.3/armv7e-m/fpu\libgcc.a(_arm_fixdfsi.o)
                0x080053d0                __aeabi_d2iz
                0x080053d0                __fixdfsi
 .text.atoi     0x08005420        0x8 e:/arm_toolchains/gccarm/bin/../lib/gcc/arm-none-eabi/4.9.3/../../../../arm-none-eabi/lib/armv7e-m/fpu\libg_nano.a(lib_a-atoi.o)
                0x08005420                atoi
 .text.__errno  0x08005428        0xc e:/arm_toolchains/gccarm/bin/../lib/gcc/arm-none-eabi/4.9.3/../../../../arm-none-eabi/lib/armv7e-m/fpu\libg_nano.a(lib_a-errno.o)
                0x08005428                __errno
 .text.malloc   0x08005434       0x10 e:/arm_toolchains/gccarm/bin/../lib/gcc/arm-none-eabi/4.9.3/../../../../arm-none-eabi/lib/armv7e-m/fpu\libg_nano.a(lib_a-malloc.o)
                0x08005434                malloc
 .text.memset   0x08005444       0x10 e:/arm_toolchains/gccarm/bin/../lib/gcc/arm-none-eabi/4.9.3/../../../../arm-none-eabi/lib/armv7e-m/fpu\libg_nano.a(lib_a-memset.o)
                0x08005444                memset
 .text._free_r  0x08005454       0x88 e:/arm_toolchains/gccarm/bin/../lib/gcc/arm-none-eabi/4.9.3/../../../../arm-none-eabi/lib/armv7e-m/fpu\libg_nano.a(lib_a-nano-freer.o)
                0x08005454                _free_r
 .text._malloc_r
                0x080054dc       0xac e:/arm_toolchains/gccarm/bin/../lib/gcc/arm-none-eabi/4.9.3/../../../../arm-none-eabi/lib/armv7e-m/fpu\libg_nano.a(lib_a-nano-mallocr.o)
                0x080054dc                _malloc_r
 .text.printf   0x08005588       0x30 e:/arm_toolchains/gccarm/bin/../lib/gcc/arm-none-eabi/4.9.3/../../../../arm-none-eabi/lib/armv7e-m/fpu\libg_nano.a(lib_a-printf.o)
                0x08005588                iprintf
                0x08005588                printf
 .text._puts_r  0x080055b8       0xbc e:/arm_toolchains/gccarm/bin/../lib/gcc/arm-none-eabi/4.9.3/../../../../arm-none-eabi/lib/armv7e-m/fpu\libg_nano.a(lib_a-puts.o)
                0x080055b8                _puts_r
 .text.puts     0x08005674       0x10 e:/arm_toolchains/gccarm/bin/../lib/gcc/arm-none-eabi/4.9.3/../../../../arm-none-eabi/lib/armv7e-m/fpu\libg_nano.a(lib_a-puts.o)
                0x08005674                puts
 .text._sbrk_r  0x08005684       0x20 e:/arm_toolchains/gccarm/bin/../lib/gcc/arm-none-eabi/4.9.3/../../../../arm-none-eabi/lib/armv7e-m/fpu\libg_nano.a(lib_a-sbrkr.o)
                0x08005684                _sbrk_r
 .text          0x080056a4       0x14 e:/arm_toolchains/gccarm/bin/../lib/gcc/arm-none-eabi/4.9.3/../../../../arm-none-eabi/lib/armv7e-m/fpu\libg_nano.a(lib_a-strcmp.o)
                0x080056a4                strcmp
 .text.strtok   0x080056b8       0x64 e:/arm_toolchains/gccarm/bin/../lib/gcc/arm-none-eabi/4.9.3/../../../../arm-none-eabi/lib/armv7e-m/fpu\libg_nano.a(lib_a-strtok.o)
                0x080056b8                strtok
 .text.__strtok_r
                0x0800571c       0x56 e:/arm_toolchains/gccarm/bin/../lib/gcc/arm-none-eabi/4.9.3/../../../../arm-none-eabi/lib/armv7e-m/fpu\libg_nano.a(lib_a-strtok_r.o)
                0x0800571c                __strtok_r
 *fill*         0x08005772        0x2 
 .text._strtol_r
                0x08005774      0x10c e:/arm_toolchains/gccarm/bin/../lib/gcc/arm-none-eabi/4.9.3/../../../../arm-none-eabi/lib/armv7e-m/fpu\libg_nano.a(lib_a-strtol.o)
                0x08005774                _strtol_r
 .text.strtol   0x08005880       0x1c e:/arm_toolchains/gccarm/bin/../lib/gcc/arm-none-eabi/4.9.3/../../../../arm-none-eabi/lib/armv7e-m/fpu\libg_nano.a(lib_a-strtol.o)
                0x08005880                strtol
 .text.__swbuf_r
                0x0800589c       0xa8 e:/arm_toolchains/gccarm/bin/../lib/gcc/arm-none-eabi/4.9.3/../../../../arm-none-eabi/lib/armv7e-m/fpu\libg_nano.a(lib_a-wbuf.o)
                0x0800589c                __swbuf_r
 .text.__swsetup_r
                0x08005944       0xd8 e:/arm_toolchains/gccarm/bin/../lib/gcc/arm-none-eabi/4.9.3/../../../../arm-none-eabi/lib/armv7e-m/fpu\libg_nano.a(lib_a-wsetup.o)
                0x08005944                __swsetup_r
 .text.__sflush_r
                0x08005a1c      0x108 e:/arm_toolchains/gccarm/bin/../lib/gcc/arm-none-eabi/4.9.3/../../../../arm-none-eabi/lib/armv7e-m/fpu\libg_nano.a(lib_a-fflush.o)
                0x08005a1c                __sflush_r
 .text._fflush_r
                0x08005b24       0x54 e:/arm_toolchains/gccarm/bin/../lib/gcc/arm-none-eabi/4.9.3/../../../../arm-none-eabi/lib/armv7e-m/fpu\libg_nano.a(lib_a-fflush.o)
                0x08005b24                _fflush_r
 .text._cleanup_r
                0x08005b78        0xc e:/arm_toolchains/gccarm/bin/../lib/gcc/arm-none-eabi/4.9.3/../../../../arm-none-eabi/lib/armv7e-m/fpu\libg_nano.a(lib_a-findfp.o)
                0x08005b78                _cleanup_r
 .text.std.isra.0
                0x08005b84       0x48 e:/arm_toolchains/gccarm/bin/../lib/gcc/arm-none-eabi/4.9.3/../../../../arm-none-eabi/lib/armv7e-m/fpu\libg_nano.a(lib_a-findfp.o)
 .text.__sfmoreglue
                0x08005bcc       0x2c e:/arm_toolchains/gccarm/bin/../lib/gcc/arm-none-eabi/4.9.3/../../../../arm-none-eabi/lib/armv7e-m/fpu\libg_nano.a(lib_a-findfp.o)
                0x08005bcc                __sfmoreglue
 .text.__sinit  0x08005bf8       0x60 e:/arm_toolchains/gccarm/bin/../lib/gcc/arm-none-eabi/4.9.3/../../../../arm-none-eabi/lib/armv7e-m/fpu\libg_nano.a(lib_a-findfp.o)
                0x08005bf8                __sinit
 .text.__sfp    0x08005c58       0x74 e:/arm_toolchains/gccarm/bin/../lib/gcc/arm-none-eabi/4.9.3/../../../../arm-none-eabi/lib/armv7e-m/fpu\libg_nano.a(lib_a-findfp.o)
                0x08005c58                __sfp
 .text._fwalk_reent
                0x08005ccc       0x3c e:/arm_toolchains/gccarm/bin/../lib/gcc/arm-none-eabi/4.9.3/../../../../arm-none-eabi/lib/armv7e-m/fpu\libg_nano.a(lib_a-fwalk.o)
                0x08005ccc                _fwalk_reent
 .text.__smakebuf_r
                0x08005d08       0x9c e:/arm_toolchains/gccarm/bin/../lib/gcc/arm-none-eabi/4.9.3/../../../../arm-none-eabi/lib/armv7e-m/fpu\libg_nano.a(lib_a-makebuf.o)
                0x08005d08                __smakebuf_r
 .text.__sfputc_r
                0x08005da4       0x2c e:/arm_toolchains/gccarm/bin/../lib/gcc/arm-none-eabi/4.9.3/../../../../arm-none-eabi/lib/armv7e-m/fpu\libg_nano.a(lib_a-nano-vfprintf.o)
 .text.__sfputs_r
                0x08005dd0       0x24 e:/arm_toolchains/gccarm/bin/../lib/gcc/arm-none-eabi/4.9.3/../../../../arm-none-eabi/lib/armv7e-m/fpu\libg_nano.a(lib_a-nano-vfprintf.o)
                0x08005dd0                __sfputs_r
 .text._vfprintf_r
                0x08005df4      0x210 e:/arm_toolchains/gccarm/bin/../lib/gcc/arm-none-eabi/4.9.3/../../../../arm-none-eabi/lib/armv7e-m/fpu\libg_nano.a(lib_a-nano-vfprintf.o)
                0x08005df4                _vfprintf_r
                0x08005df4                _vfiprintf_r
 .text._printf_common
                0x08006004       0xea e:/arm_toolchains/gccarm/bin/../lib/gcc/arm-none-eabi/4.9.3/../../../../arm-none-eabi/lib/armv7e-m/fpu\libg_nano.a(lib_a-nano-vfprintf_i.o)
                0x08006004                _printf_common
 *fill*         0x080060ee        0x2 
 .text._printf_i
                0x080060f0      0x234 e:/arm_toolchains/gccarm/bin/../lib/gcc/arm-none-eabi/4.9.3/../../../../arm-none-eabi/lib/armv7e-m/fpu\libg_nano.a(lib_a-nano-vfprintf_i.o)
                0x080060f0                _printf_i
 .text.__sread  0x08006324       0x22 e:/arm_toolchains/gccarm/bin/../lib/gcc/arm-none-eabi/4.9.3/../../../../arm-none-eabi/lib/armv7e-m/fpu\libg_nano.a(lib_a-stdio.o)
                0x08006324                __sread
 .text.__swrite
                0x08006346       0x38 e:/arm_toolchains/gccarm/bin/../lib/gcc/arm-none-eabi/4.9.3/../../../../arm-none-eabi/lib/armv7e-m/fpu\libg_nano.a(lib_a-stdio.o)
                0x08006346                __swrite
 .text.__sseek  0x0800637e       0x24 e:/arm_toolchains/gccarm/bin/../lib/gcc/arm-none-eabi/4.9.3/../../../../arm-none-eabi/lib/armv7e-m/fpu\libg_nano.a(lib_a-stdio.o)
                0x0800637e                __sseek
 .text.__sclose
                0x080063a2        0x8 e:/arm_toolchains/gccarm/bin/../lib/gcc/arm-none-eabi/4.9.3/../../../../arm-none-eabi/lib/armv7e-m/fpu\libg_nano.a(lib_a-stdio.o)
                0x080063a2                __sclose
 *fill*         0x080063aa        0x2 
 .text._write_r
                0x080063ac       0x24 e:/arm_toolchains/gccarm/bin/../lib/gcc/arm-none-eabi/4.9.3/../../../../arm-none-eabi/lib/armv7e-m/fpu\libg_nano.a(lib_a-writer.o)
                0x080063ac                _write_r
 .text._close_r
                0x080063d0       0x20 e:/arm_toolchains/gccarm/bin/../lib/gcc/arm-none-eabi/4.9.3/../../../../arm-none-eabi/lib/armv7e-m/fpu\libg_nano.a(lib_a-closer.o)
                0x080063d0                _close_r
 .text._fstat_r
                0x080063f0       0x24 e:/arm_toolchains/gccarm/bin/../lib/gcc/arm-none-eabi/4.9.3/../../../../arm-none-eabi/lib/armv7e-m/fpu\libg_nano.a(lib_a-fstatr.o)
                0x080063f0                _fstat_r
 .text._isatty_r
                0x08006414       0x20 e:/arm_toolchains/gccarm/bin/../lib/gcc/arm-none-eabi/4.9.3/../../../../arm-none-eabi/lib/armv7e-m/fpu\libg_nano.a(lib_a-isattyr.o)
                0x08006414                _isatty_r
 .text._lseek_r
                0x08006434       0x24 e:/arm_toolchains/gccarm/bin/../lib/gcc/arm-none-eabi/4.9.3/../../../../arm-none-eabi/lib/armv7e-m/fpu\libg_nano.a(lib_a-lseekr.o)
                0x08006434                _lseek_r
 .text.memchr   0x08006458       0x1e e:/arm_toolchains/gccarm/bin/../lib/gcc/arm-none-eabi/4.9.3/../../../../arm-none-eabi/lib/armv7e-m/fpu\libg_nano.a(lib_a-memchr.o)
                0x08006458                memchr
 *fill*         0x08006476        0x2 
 .text._read_r  0x08006478       0x24 e:/arm_toolchains/gccarm/bin/../lib/gcc/arm-none-eabi/4.9.3/../../../../arm-none-eabi/lib/armv7e-m/fpu\libg_nano.a(lib_a-readr.o)
                0x08006478                _read_r
 *(.rodata .rodata.* .constdata .constdata.*)
 .rodata.APBAHBPrescTable
                0x0800649c       0x10 ./system/src/stm32f4-hal/stm32f4xx_hal_rcc.o
                0x0800649c                APBAHBPrescTable
 .rodata.LEDS_PIN
                0x080064ac        0xa ./src/leds.o
                0x080064ac                LEDS_PIN
 .rodata.str1.1
                0x080064b6       0x2a ./src/main.o
 .rodata.MOTORES_PIN
                0x080064e0        0xa ./src/motores.o
                0x080064e0                MOTORES_PIN
 .rodata.str1.1
                0x080064ea       0x21 ./src/sensores.o
 *fill*         0x0800650b        0x1 
 .rodata.ANALOGICAS_PIN
                0x0800650c        0x6 ./src/sensores.o
                0x0800650c                ANALOGICAS_PIN
 .rodata.EMISSORES_PIN
                0x08006512        0x8 ./src/sensores.o
                0x08006512                EMISSORES_PIN
 .rodata.RECEPTORES_PIN
                0x0800651a       0x14 ./src/sensores.o
                0x0800651a                RECEPTORES_PIN
 .rodata.str1.1
                0x0800652e       0x1a ./src/speed_control.o
 .rodata.str1.1
                0x08006548       0xa7 ./src/usart1.o
 .rodata.str1.1
                0x080065ef        0x2 e:/arm_toolchains/gccarm/bin/../lib/gcc/arm-none-eabi/4.9.3/../../../../arm-none-eabi/lib/armv7e-m/fpu\libg_nano.a(lib_a-impure.o)
 *fill*         0x080065f1        0x3 
 .rodata._global_impure_ptr
                0x080065f4        0x4 e:/arm_toolchains/gccarm/bin/../lib/gcc/arm-none-eabi/4.9.3/../../../../arm-none-eabi/lib/armv7e-m/fpu\libg_nano.a(lib_a-impure.o)
                0x080065f4                _global_impure_ptr
 .rodata._ctype_
                0x080065f8      0x101 e:/arm_toolchains/gccarm/bin/../lib/gcc/arm-none-eabi/4.9.3/../../../../arm-none-eabi/lib/armv7e-m/fpu\libg_nano.a(lib_a-ctype_.o)
                0x080065f8                _ctype_
 *fill*         0x080066f9        0x3 
 .rodata.__sf_fake_stdin
                0x080066fc       0x20 e:/arm_toolchains/gccarm/bin/../lib/gcc/arm-none-eabi/4.9.3/../../../../arm-none-eabi/lib/armv7e-m/fpu\libg_nano.a(lib_a-findfp.o)
                0x080066fc                __sf_fake_stdin
 .rodata.__sf_fake_stdout
                0x0800671c       0x20 e:/arm_toolchains/gccarm/bin/../lib/gcc/arm-none-eabi/4.9.3/../../../../arm-none-eabi/lib/armv7e-m/fpu\libg_nano.a(lib_a-findfp.o)
                0x0800671c                __sf_fake_stdout
 .rodata.__sf_fake_stderr
                0x0800673c       0x20 e:/arm_toolchains/gccarm/bin/../lib/gcc/arm-none-eabi/4.9.3/../../../../arm-none-eabi/lib/armv7e-m/fpu\libg_nano.a(lib_a-findfp.o)
                0x0800673c                __sf_fake_stderr
 .rodata.str1.1
                0x0800675c       0x11 e:/arm_toolchains/gccarm/bin/../lib/gcc/arm-none-eabi/4.9.3/../../../../arm-none-eabi/lib/armv7e-m/fpu\libg_nano.a(lib_a-nano-vfprintf.o)
 .rodata.str1.1
                0x0800676d       0x22 e:/arm_toolchains/gccarm/bin/../lib/gcc/arm-none-eabi/4.9.3/../../../../arm-none-eabi/lib/armv7e-m/fpu\libg_nano.a(lib_a-nano-vfprintf_i.o)
 *(vtable)
 *(.eh_frame*)
 *fill*         0x0800678f        0x1 
 .eh_frame      0x08006790       0x28 e:/arm_toolchains/gccarm/bin/../lib/gcc/arm-none-eabi/4.9.3/../../../../arm-none-eabi/lib/armv7e-m/fpu\libg_nano.a(lib_a-strcmp.o)
 *(.glue_7)
 .glue_7        0x00000000        0x0 linker stubs
 *(.glue_7t)
 .glue_7t       0x00000000        0x0 linker stubs

.vfp11_veneer   0x080067b8        0x0
 .vfp11_veneer  0x00000000        0x0 linker stubs

.v4_bx          0x080067b8        0x0
 .v4_bx         0x00000000        0x0 linker stubs

.iplt           0x080067b8        0x0
 .iplt          0x00000000        0x0 ./system/src/stm32f4-hal/stm32f4xx_hal.o

.rel.dyn        0x080067b8        0x0
 .rel.iplt      0x00000000        0x0 ./system/src/stm32f4-hal/stm32f4xx_hal.o

.ARM.extab
 *(.ARM.extab* .gnu.linkonce.armextab.*)
                0x080067b8                . = ALIGN (0x4)
                0x080067b8                __exidx_start = .

.ARM.exidx
 *(.ARM.exidx* .gnu.linkonce.armexidx.*)
                0x080067b8                __exidx_end = .
                0x080067b8                . = ALIGN (0x4)
                0x080067b8                _etext = .
                0x080067b8                __etext = .

.data_CCMRAM    0x10000000        0x0 load address 0x080067b8
 FILL mask 0xff
 *(.data.CCMRAM .data.CCMRAM.*)
                0x10000000                . = ALIGN (0x4)
                0x080067b8                _sidata = LOADADDR (.data)

.data           0x20000000       0xe0 load address 0x080067b8
 FILL mask 0xff
                0x20000000                _sdata = .
                0x20000000                __data_start__ = .
 *(.data_begin .data_begin.*)
 *(.data .data.*)
 .data.argv.4510
                0x20000000        0x8 ./system/src/newlib/_syscalls.o
 .data.SystemCoreClock
                0x20000008        0x4 ./system/src/cmsis/system_stm32f4xx.o
                0x20000008                SystemCoreClock
 .data.LEDS_PORT
                0x2000000c       0x14 ./src/leds.o
                0x2000000c                LEDS_PORT
 .data.MOTORES_PORT
                0x20000020       0x14 ./src/motores.o
                0x20000020                MOTORES_PORT
 .data.EMISSORES_PORT
                0x20000034       0x10 ./src/sensores.o
                0x20000034                EMISSORES_PORT
 .data.ANALOGICAS_PORT
                0x20000044        0xc ./src/sensores.o
                0x20000044                ANALOGICAS_PORT
 .data.RECEPTORES_PORT
                0x20000050       0x28 ./src/sensores.o
                0x20000050                RECEPTORES_PORT
 .data.impure_data
                0x20000078       0x60 e:/arm_toolchains/gccarm/bin/../lib/gcc/arm-none-eabi/4.9.3/../../../../arm-none-eabi/lib/armv7e-m/fpu\libg_nano.a(lib_a-impure.o)
 .data._impure_ptr
                0x200000d8        0x4 e:/arm_toolchains/gccarm/bin/../lib/gcc/arm-none-eabi/4.9.3/../../../../arm-none-eabi/lib/armv7e-m/fpu\libg_nano.a(lib_a-impure.o)
                0x200000d8                _impure_ptr
 .data.__ctype_ptr__
                0x200000dc        0x4 e:/arm_toolchains/gccarm/bin/../lib/gcc/arm-none-eabi/4.9.3/../../../../arm-none-eabi/lib/armv7e-m/fpu\libg_nano.a(lib_a-ctype_.o)
                0x200000dc                __ctype_ptr__
 *(.data_end .data_end.*)
                0x200000e0                . = ALIGN (0x4)
                0x200000e0                _edata = .
                0x200000e0                __data_end__ = .

.igot.plt       0x200000e0        0x0 load address 0x08006898
 .igot.plt      0x00000000        0x0 ./system/src/stm32f4-hal/stm32f4xx_hal.o

.bss_CCMRAM     0x10000000        0x0
 *(.bss.CCMRAM .bss.CCMRAM.*)

.bss            0x200000e0      0xa98
                0x200000e0                __bss_start__ = .
                0x200000e0                _sbss = .
 *(.bss_begin .bss_begin.*)
 *(.bss .bss.*)
 .bss.uwTick    0x200000e0        0x4 ./system/src/stm32f4-hal/stm32f4xx_hal.o
 .bss.current_heap_end.4304
                0x200000e4        0x4 ./system/src/newlib/_sbrk.o
 .bss.name.4509
                0x200000e8        0x1 ./system/src/newlib/_syscalls.o
 *fill*         0x200000e9        0x3 
 .bss.ticks     0x200000ec        0x4 ./src/main.o
                0x200000ec                ticks
 .bss.run       0x200000f0        0x1 ./src/main.o
                0x200000f0                run
 .bss.marker_intersection.10948
                0x200000f1        0x1 ./src/sensores.o
 .bss.fmarker.10949
                0x200000f2        0x1 ./src/sensores.o
 *fill*         0x200000f3        0x1 
 .bss.frun.10947
                0x200000f4        0x4 ./src/sensores.o
 .bss.marker_corner.10945
                0x200000f8        0x4 ./src/sensores.o
 .bss.marker_start_goal.10946
                0x200000fc        0x4 ./src/sensores.o
 .bss.valid_marker
                0x20000100        0x1 ./src/sensores.o
                0x20000100                valid_marker
 *fill*         0x20000101        0x3 
 .bss.rightEncoderChange
                0x20000104        0x4 ./src/speed_control.o
                0x20000104                rightEncoderChange
 .bss.bufferDistances
                0x20000108       0x50 ./src/speed_control.o
                0x20000108                bufferDistances
 .bss.numSpeedW
                0x20000158        0x4 ./src/speed_control.o
                0x20000158                numSpeedW
 .bss.encoderChange
                0x2000015c        0x4 ./src/speed_control.o
                0x2000015c                encoderChange
 .bss.distance  0x20000160        0x4 ./src/speed_control.o
                0x20000160                distance
 .bss.decX      0x20000164        0x4 ./src/speed_control.o
                0x20000164                decX
 .bss.rightEncoderOld
                0x20000168        0x4 ./src/speed_control.o
                0x20000168                rightEncoderOld
 .bss.accumulatorSpeedW
                0x2000016c        0x4 ./src/speed_control.o
                0x2000016c                accumulatorSpeedW
 .bss.endSpeedX
                0x20000170        0x4 ./src/speed_control.o
                0x20000170                endSpeedX
 .bss.distanceLeft
                0x20000174        0x4 ./src/speed_control.o
                0x20000174                distanceLeft
 .bss.oldPosErrorX
                0x20000178        0x4 ./src/speed_control.o
                0x20000178                oldPosErrorX
 .bss.accW      0x2000017c        0x4 ./src/speed_control.o
                0x2000017c                accW
 .bss.accX      0x20000180        0x4 ./src/speed_control.o
                0x20000180                accX
 .bss.bufferSpeedsWm
                0x20000184       0x50 ./src/speed_control.o
                0x20000184                bufferSpeedsWm
 .bss.endSpeedW
                0x200001d4        0x4 ./src/speed_control.o
                0x200001d4                endSpeedW
 .bss.oldPosErrorW
                0x200001d8        0x4 ./src/speed_control.o
                0x200001d8                oldPosErrorW
 .bss.leftEncoderCount
                0x200001dc        0x4 ./src/speed_control.o
                0x200001dc                leftEncoderCount
 .bss.leftEncoderOld
                0x200001e0        0x4 ./src/speed_control.o
                0x200001e0                leftEncoderOld
 .bss.index_buffer_sector
                0x200001e4        0x1 ./src/speed_control.o
                0x200001e4                index_buffer_sector
 *fill*         0x200001e5        0x3 
 .bss.rightEncoderCount
                0x200001e8        0x4 ./src/speed_control.o
                0x200001e8                rightEncoderCount
 .bss.targetSpeedW
                0x200001ec        0x4 ./src/speed_control.o
                0x200001ec                targetSpeedW
 .bss.targetSpeedX
                0x200001f0        0x4 ./src/speed_control.o
                0x200001f0                targetSpeedX
 .bss.posErrorW
                0x200001f4        0x4 ./src/speed_control.o
                0x200001f4                posErrorW
 .bss.posErrorX
                0x200001f8        0x4 ./src/speed_control.o
                0x200001f8                posErrorX
 .bss.distance_mm
                0x200001fc        0x4 ./src/speed_control.o
                0x200001fc                distance_mm
 .bss.leftEncoderChange
                0x20000200        0x4 ./src/speed_control.o
                0x20000200                leftEncoderChange
 .bss.curSpeedW
                0x20000204        0x4 ./src/speed_control.o
                0x20000204                curSpeedW
 .bss.curSpeedX
                0x20000208        0x4 ./src/speed_control.o
                0x20000208                curSpeedX
 .bss.oldSensorError
                0x2000020c        0x4 ./src/speed_control.o
                0x2000020c                oldSensorError
 .bss.decW      0x20000210        0x4 ./src/speed_control.o
                0x20000210                decW
 .bss.encoderCount
                0x20000214        0x4 ./src/speed_control.o
                0x20000214                encoderCount
 .bss.rx_available
                0x20000218        0x4 ./src/usart1.o
                0x20000218                rx_available
 .bss.i.10927   0x2000021c        0x4 ./src/usart1.o
 .bss.pos.10921
                0x20000220        0x4 ./src/usart1.o
 .bss.cfgidx.10693
                0x20000224        0x1 ./USB/Core/Src/usbd_ctlreq.o
 *fill*         0x20000225        0x3 
 .bss.__malloc_sbrk_start
                0x20000228        0x4 e:/arm_toolchains/gccarm/bin/../lib/gcc/arm-none-eabi/4.9.3/../../../../arm-none-eabi/lib/armv7e-m/fpu\libg_nano.a(lib_a-nano-mallocr.o)
                0x20000228                __malloc_sbrk_start
 .bss.__malloc_free_list
                0x2000022c        0x4 e:/arm_toolchains/gccarm/bin/../lib/gcc/arm-none-eabi/4.9.3/../../../../arm-none-eabi/lib/armv7e-m/fpu\libg_nano.a(lib_a-nano-mallocr.o)
                0x2000022c                __malloc_free_list
 *(COMMON)
 COMMON         0x20000230       0x1c ./system/src/stm32f4-hal/stm32f4xx_hal_flash.o
                0x20000230                pFlash
 COMMON         0x2000024c        0x4 ./system/src/newlib/_syscalls.o
                0x2000024c                errno
 COMMON         0x20000250        0x4 ./src/buzzer.o
                0x20000250                buzzerTime
 COMMON         0x20000254       0x78 ./src/encoders.o
                0x20000254                htim5
                0x20000290                htim2
 COMMON         0x200002cc       0x2c ./src/main.o
                0x200002cc                param_pid_kp
                0x200002d0                param_speedX_min
                0x200002d4                param_pid_ki
                0x200002d8                param_accX
                0x200002dc                param_speedX_max
                0x200002e0                param_pid_kd
                0x200002e4                param_speedX_med
                0x200002e8                param_pid_offset
                0x200002ec                param_a
                0x200002f0                param_accC
                0x200002f4                param_b
 COMMON         0x200002f8       0x3c ./src/motores.o
                0x200002f8                TimHandle
 COMMON         0x20000334       0x44 ./src/sensores.o
                0x20000334                hadc1
 COMMON         0x20000378      0x35c ./src/speed_control.o
                0x20000378                htim3
                0x200003b4                bufferCounts
 COMMON         0x200006d4       0xf4 ./src/usart1.o
                0x200006d4                RxByte
                0x200006d8                huart1
                0x20000714                hdma_tx
                0x20000764                RxBuffer
 COMMON         0x200007c8      0x3b0 ./src/usbd_conf.o
                0x200007c8                hpcd
 *(.bss_end .bss_end.*)
                0x20000b78                . = ALIGN (0x4)
                0x20000b78                __bss_end__ = .
                0x20000b78                _ebss = .

.noinit_CCMRAM
 *(.noinit.CCMRAM .noinit.CCMRAM.*)

.noinit         0x20000b78        0x0
                0x20000b78                _noinit = .
 *(.noinit .noinit.*)
                0x20000b78                . = ALIGN (0x4)
                0x20000b78                _end_noinit = .
                0x20000b78                PROVIDE (end, _end_noinit)
                0x20000b78                PROVIDE (_end, _end_noinit)
                0x20000b78                PROVIDE (__end, _end_noinit)
                0x20000b78                PROVIDE (__end__, _end_noinit)

._check_stack   0x20000b78      0x100
                0x20000c78                . = (. + _Minimum_Stack_Size)
 *fill*         0x20000b78      0x100 

.b1text
 *(.b1text)
 *(.b1rodata)
 *(.b1rodata.*)

.eb0text
 *(.eb0text)
 *(.eb0rodata)
 *(.eb0rodata.*)

.eb1text
 *(.eb1text)
 *(.eb1rodata)
 *(.eb1rodata.*)

.eb2text
 *(.eb2text)
 *(.eb2rodata)
 *(.eb2rodata.*)

.eb3text
 *(.eb3text)
 *(.eb3rodata)
 *(.eb3rodata.*)

.stab
 *(.stab)

.stabstr
 *(.stabstr)

.stab.excl
 *(.stab.excl)

.stab.exclstr
 *(.stab.exclstr)

.stab.index
 *(.stab.index)

.stab.indexstr
 *(.stab.indexstr)

.comment        0x00000000       0x70
 *(.comment)
 .comment       0x00000000       0x70 ./system/src/stm32f4-hal/stm32f4xx_hal.o
                                 0x71 (size before relaxing)
 .comment       0x00000000       0x71 ./system/src/stm32f4-hal/stm32f4xx_hal_adc.o
 .comment       0x00000000       0x71 ./system/src/stm32f4-hal/stm32f4xx_hal_cortex.o
 .comment       0x00000000       0x71 ./system/src/stm32f4-hal/stm32f4xx_hal_dma.o
 .comment       0x00000000       0x71 ./system/src/stm32f4-hal/stm32f4xx_hal_flash.o
 .comment       0x00000000       0x71 ./system/src/stm32f4-hal/stm32f4xx_hal_flash_ex.o
 .comment       0x00000000       0x71 ./system/src/stm32f4-hal/stm32f4xx_hal_gpio.o
 .comment       0x00000000       0x71 ./system/src/stm32f4-hal/stm32f4xx_hal_pcd.o
 .comment       0x00000000       0x71 ./system/src/stm32f4-hal/stm32f4xx_hal_rcc.o
 .comment       0x00000000       0x71 ./system/src/stm32f4-hal/stm32f4xx_hal_tim.o
 .comment       0x00000000       0x71 ./system/src/stm32f4-hal/stm32f4xx_hal_tim_ex.o
 .comment       0x00000000       0x71 ./system/src/stm32f4-hal/stm32f4xx_hal_uart.o
 .comment       0x00000000       0x71 ./system/src/stm32f4-hal/stm32f4xx_ll_usb.o
 .comment       0x00000000       0x71 ./system/src/newlib/_exit.o
 .comment       0x00000000       0x71 ./system/src/newlib/_sbrk.o
 .comment       0x00000000       0x71 ./system/src/newlib/_startup.o
 .comment       0x00000000       0x71 ./system/src/newlib/_syscalls.o
 .comment       0x00000000       0x71 ./system/src/cortexm/_initialize_hardware.o
 .comment       0x00000000       0x71 ./system/src/cortexm/_reset_hardware.o
 .comment       0x00000000       0x71 ./system/src/cortexm/exception_handlers.o
 .comment       0x00000000       0x71 ./system/src/cmsis/system_stm32f4xx.o
 .comment       0x00000000       0x71 ./system/src/cmsis/vectors_stm32f4xx.o
 .comment       0x00000000       0x71 ./src/_initialize_hardware.o
 .comment       0x00000000       0x71 ./src/botao.o
 .comment       0x00000000       0x71 ./src/buzzer.o
 .comment       0x00000000       0x71 ./src/delays.o
 .comment       0x00000000       0x71 ./src/encoders.o
 .comment       0x00000000       0x71 ./src/flash.o
 .comment       0x00000000       0x71 ./src/leds.o
 .comment       0x00000000       0x71 ./src/main.o
 .comment       0x00000000       0x71 ./src/motores.o
 .comment       0x00000000       0x71 ./src/rodinhas.o
 .comment       0x00000000       0x71 ./src/sensores.o
 .comment       0x00000000       0x71 ./src/speed_control.o
 .comment       0x00000000       0x71 ./src/stm32f4xx_it.o
 .comment       0x00000000       0x71 ./src/usart1.o
 .comment       0x00000000       0x71 ./src/usb_user.o
 .comment       0x00000000       0x71 ./src/usbd_conf.o
 .comment       0x00000000       0x71 ./USB/Core/Src/usbd_core.o
 .comment       0x00000000       0x71 ./USB/Core/Src/usbd_ctlreq.o
 .comment       0x00000000       0x71 ./USB/Core/Src/usbd_ioreq.o

.ARM.attributes
                0x00000000       0x37
 .ARM.attributes
                0x00000000       0x39 ./system/src/stm32f4-hal/stm32f4xx_hal.o
 .ARM.attributes
                0x00000039       0x39 ./system/src/stm32f4-hal/stm32f4xx_hal_adc.o
 .ARM.attributes
                0x00000072       0x39 ./system/src/stm32f4-hal/stm32f4xx_hal_cortex.o
 .ARM.attributes
                0x000000ab       0x39 ./system/src/stm32f4-hal/stm32f4xx_hal_dma.o
 .ARM.attributes
                0x000000e4       0x39 ./system/src/stm32f4-hal/stm32f4xx_hal_flash.o
 .ARM.attributes
                0x0000011d       0x39 ./system/src/stm32f4-hal/stm32f4xx_hal_flash_ex.o
 .ARM.attributes
                0x00000156       0x39 ./system/src/stm32f4-hal/stm32f4xx_hal_gpio.o
 .ARM.attributes
                0x0000018f       0x39 ./system/src/stm32f4-hal/stm32f4xx_hal_pcd.o
 .ARM.attributes
                0x000001c8       0x39 ./system/src/stm32f4-hal/stm32f4xx_hal_rcc.o
 .ARM.attributes
                0x00000201       0x39 ./system/src/stm32f4-hal/stm32f4xx_hal_tim.o
 .ARM.attributes
                0x0000023a       0x39 ./system/src/stm32f4-hal/stm32f4xx_hal_tim_ex.o
 .ARM.attributes
                0x00000273       0x39 ./system/src/stm32f4-hal/stm32f4xx_hal_uart.o
 .ARM.attributes
                0x000002ac       0x39 ./system/src/stm32f4-hal/stm32f4xx_ll_usb.o
 .ARM.attributes
                0x000002e5       0x39 ./system/src/newlib/_exit.o
 .ARM.attributes
                0x0000031e       0x39 ./system/src/newlib/_sbrk.o
 .ARM.attributes
                0x00000357       0x39 ./system/src/newlib/_startup.o
 .ARM.attributes
                0x00000390       0x39 ./system/src/newlib/_syscalls.o
 .ARM.attributes
                0x000003c9       0x39 ./system/src/cortexm/_initialize_hardware.o
 .ARM.attributes
                0x00000402       0x39 ./system/src/cortexm/_reset_hardware.o
 .ARM.attributes
                0x0000043b       0x39 ./system/src/cortexm/exception_handlers.o
 .ARM.attributes
                0x00000474       0x39 ./system/src/cmsis/system_stm32f4xx.o
 .ARM.attributes
                0x000004ad       0x39 ./system/src/cmsis/vectors_stm32f4xx.o
 .ARM.attributes
                0x000004e6       0x39 ./src/_initialize_hardware.o
 .ARM.attributes
                0x0000051f       0x39 ./src/botao.o
 .ARM.attributes
                0x00000558       0x39 ./src/buzzer.o
 .ARM.attributes
                0x00000591       0x39 ./src/delays.o
 .ARM.attributes
                0x000005ca       0x39 ./src/encoders.o
 .ARM.attributes
                0x00000603       0x39 ./src/flash.o
 .ARM.attributes
                0x0000063c       0x39 ./src/leds.o
 .ARM.attributes
                0x00000675       0x39 ./src/main.o
 .ARM.attributes
                0x000006ae       0x39 ./src/motores.o
 .ARM.attributes
                0x000006e7       0x39 ./src/rodinhas.o
 .ARM.attributes
                0x00000720       0x39 ./src/sensores.o
 .ARM.attributes
                0x00000759       0x39 ./src/speed_control.o
 .ARM.attributes
                0x00000792       0x39 ./src/stm32f4xx_it.o
 .ARM.attributes
                0x000007cb       0x39 ./src/usart1.o
 .ARM.attributes
                0x00000804       0x39 ./src/usb_user.o
 .ARM.attributes
                0x0000083d       0x39 ./src/usbd_conf.o
 .ARM.attributes
                0x00000876       0x39 ./USB/Core/Src/usbd_core.o
 .ARM.attributes
                0x000008af       0x39 ./USB/Core/Src/usbd_ctlreq.o
 .ARM.attributes
                0x000008e8       0x39 ./USB/Core/Src/usbd_ioreq.o
 .ARM.attributes
                0x00000921       0x22 e:/arm_toolchains/gccarm/bin/../lib/gcc/arm-none-eabi/4.9.3/armv7e-m/fpu\libgcc.a(_arm_addsubdf3.o)
 .ARM.attributes
                0x00000943       0x22 e:/arm_toolchains/gccarm/bin/../lib/gcc/arm-none-eabi/4.9.3/armv7e-m/fpu\libgcc.a(_arm_muldivdf3.o)
 .ARM.attributes
                0x00000965       0x22 e:/arm_toolchains/gccarm/bin/../lib/gcc/arm-none-eabi/4.9.3/armv7e-m/fpu\libgcc.a(_arm_fixdfsi.o)
 .ARM.attributes
                0x00000987       0x34 e:/arm_toolchains/gccarm/bin/../lib/gcc/arm-none-eabi/4.9.3/../../../../arm-none-eabi/lib/armv7e-m/fpu\libg_nano.a(lib_a-atoi.o)
 .ARM.attributes
                0x000009bb       0x34 e:/arm_toolchains/gccarm/bin/../lib/gcc/arm-none-eabi/4.9.3/../../../../arm-none-eabi/lib/armv7e-m/fpu\libg_nano.a(lib_a-errno.o)
 .ARM.attributes
                0x000009ef       0x34 e:/arm_toolchains/gccarm/bin/../lib/gcc/arm-none-eabi/4.9.3/../../../../arm-none-eabi/lib/armv7e-m/fpu\libg_nano.a(lib_a-impure.o)
 .ARM.attributes
                0x00000a23       0x34 e:/arm_toolchains/gccarm/bin/../lib/gcc/arm-none-eabi/4.9.3/../../../../arm-none-eabi/lib/armv7e-m/fpu\libg_nano.a(lib_a-malloc.o)
 .ARM.attributes
                0x00000a57       0x34 e:/arm_toolchains/gccarm/bin/../lib/gcc/arm-none-eabi/4.9.3/../../../../arm-none-eabi/lib/armv7e-m/fpu\libg_nano.a(lib_a-memset.o)
 .ARM.attributes
                0x00000a8b       0x34 e:/arm_toolchains/gccarm/bin/../lib/gcc/arm-none-eabi/4.9.3/../../../../arm-none-eabi/lib/armv7e-m/fpu\libg_nano.a(lib_a-nano-freer.o)
 .ARM.attributes
                0x00000abf       0x34 e:/arm_toolchains/gccarm/bin/../lib/gcc/arm-none-eabi/4.9.3/../../../../arm-none-eabi/lib/armv7e-m/fpu\libg_nano.a(lib_a-nano-mallocr.o)
 .ARM.attributes
                0x00000af3       0x34 e:/arm_toolchains/gccarm/bin/../lib/gcc/arm-none-eabi/4.9.3/../../../../arm-none-eabi/lib/armv7e-m/fpu\libg_nano.a(lib_a-printf.o)
 .ARM.attributes
                0x00000b27       0x34 e:/arm_toolchains/gccarm/bin/../lib/gcc/arm-none-eabi/4.9.3/../../../../arm-none-eabi/lib/armv7e-m/fpu\libg_nano.a(lib_a-puts.o)
 .ARM.attributes
                0x00000b5b       0x34 e:/arm_toolchains/gccarm/bin/../lib/gcc/arm-none-eabi/4.9.3/../../../../arm-none-eabi/lib/armv7e-m/fpu\libg_nano.a(lib_a-sbrkr.o)
 .ARM.attributes
                0x00000b8f       0x20 e:/arm_toolchains/gccarm/bin/../lib/gcc/arm-none-eabi/4.9.3/../../../../arm-none-eabi/lib/armv7e-m/fpu\libg_nano.a(lib_a-strcmp.o)
 .ARM.attributes
                0x00000baf       0x34 e:/arm_toolchains/gccarm/bin/../lib/gcc/arm-none-eabi/4.9.3/../../../../arm-none-eabi/lib/armv7e-m/fpu\libg_nano.a(lib_a-strtok.o)
 .ARM.attributes
                0x00000be3       0x34 e:/arm_toolchains/gccarm/bin/../lib/gcc/arm-none-eabi/4.9.3/../../../../arm-none-eabi/lib/armv7e-m/fpu\libg_nano.a(lib_a-strtok_r.o)
 .ARM.attributes
                0x00000c17       0x34 e:/arm_toolchains/gccarm/bin/../lib/gcc/arm-none-eabi/4.9.3/../../../../arm-none-eabi/lib/armv7e-m/fpu\libg_nano.a(lib_a-strtol.o)
 .ARM.attributes
                0x00000c4b       0x34 e:/arm_toolchains/gccarm/bin/../lib/gcc/arm-none-eabi/4.9.3/../../../../arm-none-eabi/lib/armv7e-m/fpu\libg_nano.a(lib_a-wbuf.o)
 .ARM.attributes
                0x00000c7f       0x34 e:/arm_toolchains/gccarm/bin/../lib/gcc/arm-none-eabi/4.9.3/../../../../arm-none-eabi/lib/armv7e-m/fpu\libg_nano.a(lib_a-wsetup.o)
 .ARM.attributes
                0x00000cb3       0x34 e:/arm_toolchains/gccarm/bin/../lib/gcc/arm-none-eabi/4.9.3/../../../../arm-none-eabi/lib/armv7e-m/fpu\libg_nano.a(lib_a-ctype_.o)
 .ARM.attributes
                0x00000ce7       0x34 e:/arm_toolchains/gccarm/bin/../lib/gcc/arm-none-eabi/4.9.3/../../../../arm-none-eabi/lib/armv7e-m/fpu\libg_nano.a(lib_a-fflush.o)
 .ARM.attributes
                0x00000d1b       0x34 e:/arm_toolchains/gccarm/bin/../lib/gcc/arm-none-eabi/4.9.3/../../../../arm-none-eabi/lib/armv7e-m/fpu\libg_nano.a(lib_a-findfp.o)
 .ARM.attributes
                0x00000d4f       0x34 e:/arm_toolchains/gccarm/bin/../lib/gcc/arm-none-eabi/4.9.3/../../../../arm-none-eabi/lib/armv7e-m/fpu\libg_nano.a(lib_a-fwalk.o)
 .ARM.attributes
                0x00000d83       0x34 e:/arm_toolchains/gccarm/bin/../lib/gcc/arm-none-eabi/4.9.3/../../../../arm-none-eabi/lib/armv7e-m/fpu\libg_nano.a(lib_a-makebuf.o)
 .ARM.attributes
                0x00000db7       0x34 e:/arm_toolchains/gccarm/bin/../lib/gcc/arm-none-eabi/4.9.3/../../../../arm-none-eabi/lib/armv7e-m/fpu\libg_nano.a(lib_a-nano-vfprintf.o)
 .ARM.attributes
                0x00000deb       0x34 e:/arm_toolchains/gccarm/bin/../lib/gcc/arm-none-eabi/4.9.3/../../../../arm-none-eabi/lib/armv7e-m/fpu\libg_nano.a(lib_a-nano-vfprintf_i.o)
 .ARM.attributes
                0x00000e1f       0x34 e:/arm_toolchains/gccarm/bin/../lib/gcc/arm-none-eabi/4.9.3/../../../../arm-none-eabi/lib/armv7e-m/fpu\libg_nano.a(lib_a-stdio.o)
 .ARM.attributes
                0x00000e53       0x34 e:/arm_toolchains/gccarm/bin/../lib/gcc/arm-none-eabi/4.9.3/../../../../arm-none-eabi/lib/armv7e-m/fpu\libg_nano.a(lib_a-writer.o)
 .ARM.attributes
                0x00000e87       0x34 e:/arm_toolchains/gccarm/bin/../lib/gcc/arm-none-eabi/4.9.3/../../../../arm-none-eabi/lib/armv7e-m/fpu\libg_nano.a(lib_a-closer.o)
 .ARM.attributes
                0x00000ebb       0x34 e:/arm_toolchains/gccarm/bin/../lib/gcc/arm-none-eabi/4.9.3/../../../../arm-none-eabi/lib/armv7e-m/fpu\libg_nano.a(lib_a-fstatr.o)
 .ARM.attributes
                0x00000eef       0x34 e:/arm_toolchains/gccarm/bin/../lib/gcc/arm-none-eabi/4.9.3/../../../../arm-none-eabi/lib/armv7e-m/fpu\libg_nano.a(lib_a-isattyr.o)
 .ARM.attributes
                0x00000f23       0x34 e:/arm_toolchains/gccarm/bin/../lib/gcc/arm-none-eabi/4.9.3/../../../../arm-none-eabi/lib/armv7e-m/fpu\libg_nano.a(lib_a-lseekr.o)
 .ARM.attributes
                0x00000f57       0x34 e:/arm_toolchains/gccarm/bin/../lib/gcc/arm-none-eabi/4.9.3/../../../../arm-none-eabi/lib/armv7e-m/fpu\libg_nano.a(lib_a-memchr.o)
 .ARM.attributes
                0x00000f8b       0x34 e:/arm_toolchains/gccarm/bin/../lib/gcc/arm-none-eabi/4.9.3/../../../../arm-none-eabi/lib/armv7e-m/fpu\libg_nano.a(lib_a-readr.o)

.debug
 *(.debug)

.line
 *(.line)

.debug_srcinfo
 *(.debug_srcinfo)

.debug_sfnames
 *(.debug_sfnames)

.debug_aranges  0x00000000     0x1428
 *(.debug_aranges)
 .debug_aranges
                0x00000000       0xc0 ./system/src/stm32f4-hal/stm32f4xx_hal.o
 .debug_aranges
                0x000000c0       0xe0 ./system/src/stm32f4-hal/stm32f4xx_hal_adc.o
 .debug_aranges
                0x000001a0       0x90 ./system/src/stm32f4-hal/stm32f4xx_hal_cortex.o
 .debug_aranges
                0x00000230       0x60 ./system/src/stm32f4-hal/stm32f4xx_hal_dma.o
 .debug_aranges
                0x00000290       0x90 ./system/src/stm32f4-hal/stm32f4xx_hal_flash.o
 .debug_aranges
                0x00000320       0x48 ./system/src/stm32f4-hal/stm32f4xx_hal_flash_ex.o
 .debug_aranges
                0x00000368       0x58 ./system/src/stm32f4-hal/stm32f4xx_hal_gpio.o
 .debug_aranges
                0x000003c0      0x118 ./system/src/stm32f4-hal/stm32f4xx_hal_pcd.o
 .debug_aranges
                0x000004d8       0x88 ./system/src/stm32f4-hal/stm32f4xx_hal_rcc.o
 .debug_aranges
                0x00000560      0x320 ./system/src/stm32f4-hal/stm32f4xx_hal_tim.o
 .debug_aranges
                0x00000880      0x140 ./system/src/stm32f4-hal/stm32f4xx_hal_tim_ex.o
 .debug_aranges
                0x000009c0      0x138 ./system/src/stm32f4-hal/stm32f4xx_hal_uart.o
 .debug_aranges
                0x00000af8      0x180 ./system/src/stm32f4-hal/stm32f4xx_ll_usb.o
 .debug_aranges
                0x00000c78       0x28 ./system/src/newlib/_exit.o
 .debug_aranges
                0x00000ca0       0x20 ./system/src/newlib/_sbrk.o
 .debug_aranges
                0x00000cc0       0x40 ./system/src/newlib/_startup.o
 .debug_aranges
                0x00000d00       0xd0 ./system/src/newlib/_syscalls.o
 .debug_aranges
                0x00000dd0       0x28 ./system/src/cortexm/_initialize_hardware.o
 .debug_aranges
                0x00000df8       0x20 ./system/src/cortexm/_reset_hardware.o
 .debug_aranges
                0x00000e18       0x68 ./system/src/cortexm/exception_handlers.o
 .debug_aranges
                0x00000e80       0x28 ./system/src/cmsis/system_stm32f4xx.o
 .debug_aranges
                0x00000ea8       0x20 ./system/src/cmsis/vectors_stm32f4xx.o
 .debug_aranges
                0x00000ec8       0x28 ./src/_initialize_hardware.o
 .debug_aranges
                0x00000ef0       0x28 ./src/botao.o
 .debug_aranges
                0x00000f18       0x30 ./src/buzzer.o
 .debug_aranges
                0x00000f48       0x38 ./src/delays.o
 .debug_aranges
                0x00000f80       0x40 ./src/encoders.o
 .debug_aranges
                0x00000fc0       0x28 ./src/flash.o
 .debug_aranges
                0x00000fe8       0x38 ./src/leds.o
 .debug_aranges
                0x00001020       0x40 ./src/main.o
 .debug_aranges
                0x00001060       0x28 ./src/motores.o
 .debug_aranges
                0x00001088       0x20 ./src/rodinhas.o
 .debug_aranges
                0x000010a8       0x48 ./src/sensores.o
 .debug_aranges
                0x000010f0       0x50 ./src/speed_control.o
 .debug_aranges
                0x00001140       0x30 ./src/stm32f4xx_it.o
 .debug_aranges
                0x00001170       0x48 ./src/usart1.o
 .debug_aranges
                0x000011b8       0x28 ./src/usb_user.o
 .debug_aranges
                0x000011e0       0xf8 ./src/usbd_conf.o
 .debug_aranges
                0x000012d8       0xb8 ./USB/Core/Src/usbd_core.o
 .debug_aranges
                0x00001390       0x48 ./USB/Core/Src/usbd_ctlreq.o
 .debug_aranges
                0x000013d8       0x50 ./USB/Core/Src/usbd_ioreq.o

.debug_pubnames
 *(.debug_pubnames)

.debug_info     0x00000000    0x1aacd
 *(.debug_info .gnu.linkonce.wi.*)
 .debug_info    0x00000000      0x88b ./system/src/stm32f4-hal/stm32f4xx_hal.o
 .debug_info    0x0000088b      0xd6e ./system/src/stm32f4-hal/stm32f4xx_hal_adc.o
 .debug_info    0x000015f9      0xcb1 ./system/src/stm32f4-hal/stm32f4xx_hal_cortex.o
 .debug_info    0x000022aa      0x715 ./system/src/stm32f4-hal/stm32f4xx_hal_dma.o
 .debug_info    0x000029bf      0x70e ./system/src/stm32f4-hal/stm32f4xx_hal_flash.o
 .debug_info    0x000030cd      0x912 ./system/src/stm32f4-hal/stm32f4xx_hal_flash_ex.o
 .debug_info    0x000039df      0x6e8 ./system/src/stm32f4-hal/stm32f4xx_hal_gpio.o
 .debug_info    0x000040c7     0x159c ./system/src/stm32f4-hal/stm32f4xx_hal_pcd.o
 .debug_info    0x00005663     0x1035 ./system/src/stm32f4-hal/stm32f4xx_hal_rcc.o
 .debug_info    0x00006698     0x3322 ./system/src/stm32f4-hal/stm32f4xx_hal_tim.o
 .debug_info    0x000099ba     0x1249 ./system/src/stm32f4-hal/stm32f4xx_hal_tim_ex.o
 .debug_info    0x0000ac03     0x11b6 ./system/src/stm32f4-hal/stm32f4xx_hal_uart.o
 .debug_info    0x0000bdb9     0x15d3 ./system/src/stm32f4-hal/stm32f4xx_ll_usb.o
 .debug_info    0x0000d38c      0x100 ./system/src/newlib/_exit.o
 .debug_info    0x0000d48c      0x121 ./system/src/newlib/_sbrk.o
 .debug_info    0x0000d5ad      0x4a9 ./system/src/newlib/_startup.o
 .debug_info    0x0000da56      0x8ef ./system/src/newlib/_syscalls.o
 .debug_info    0x0000e345      0x2a6 ./system/src/cortexm/_initialize_hardware.o
 .debug_info    0x0000e5eb      0x2b2 ./system/src/cortexm/_reset_hardware.o
 .debug_info    0x0000e89d       0xd0 ./system/src/cortexm/exception_handlers.o
 .debug_info    0x0000e96d      0x4a3 ./system/src/cmsis/system_stm32f4xx.o
 .debug_info    0x0000ee10       0x8e ./system/src/cmsis/vectors_stm32f4xx.o
 .debug_info    0x0000ee9e      0x651 ./src/_initialize_hardware.o
 .debug_info    0x0000f4ef      0x42f ./src/botao.o
 .debug_info    0x0000f91e      0x4e2 ./src/buzzer.o
 .debug_info    0x0000fe00      0x1d5 ./src/delays.o
 .debug_info    0x0000ffd5      0xaac ./src/encoders.o
 .debug_info    0x00010a81      0x266 ./src/flash.o
 .debug_info    0x00010ce7      0x562 ./src/leds.o
 .debug_info    0x00011249      0xc78 ./src/main.o
 .debug_info    0x00011ec1      0xbb5 ./src/motores.o
 .debug_info    0x00012a76       0xf0 ./src/rodinhas.o
 .debug_info    0x00012b66     0x114b ./src/sensores.o
 .debug_info    0x00013cb1      0xffa ./src/speed_control.o
 .debug_info    0x00014cab      0x985 ./src/stm32f4xx_it.o
 .debug_info    0x00015630     0x10e4 ./src/usart1.o
 .debug_info    0x00016714      0x895 ./src/usb_user.o
 .debug_info    0x00016fa9     0x1aef ./src/usbd_conf.o
 .debug_info    0x00018a98      0xca4 ./USB/Core/Src/usbd_core.o
 .debug_info    0x0001973c      0xbff ./USB/Core/Src/usbd_ctlreq.o
 .debug_info    0x0001a33b      0x792 ./USB/Core/Src/usbd_ioreq.o

.debug_abbrev   0x00000000     0x4dae
 *(.debug_abbrev)
 .debug_abbrev  0x00000000      0x1f4 ./system/src/stm32f4-hal/stm32f4xx_hal.o
 .debug_abbrev  0x000001f4      0x273 ./system/src/stm32f4-hal/stm32f4xx_hal_adc.o
 .debug_abbrev  0x00000467      0x2e5 ./system/src/stm32f4-hal/stm32f4xx_hal_cortex.o
 .debug_abbrev  0x0000074c      0x214 ./system/src/stm32f4-hal/stm32f4xx_hal_dma.o
 .debug_abbrev  0x00000960      0x28b ./system/src/stm32f4-hal/stm32f4xx_hal_flash.o
 .debug_abbrev  0x00000beb      0x2be ./system/src/stm32f4-hal/stm32f4xx_hal_flash_ex.o
 .debug_abbrev  0x00000ea9      0x1bf ./system/src/stm32f4-hal/stm32f4xx_hal_gpio.o
 .debug_abbrev  0x00001068      0x300 ./system/src/stm32f4-hal/stm32f4xx_hal_pcd.o
 .debug_abbrev  0x00001368      0x315 ./system/src/stm32f4-hal/stm32f4xx_hal_rcc.o
 .debug_abbrev  0x0000167d      0x315 ./system/src/stm32f4-hal/stm32f4xx_hal_tim.o
 .debug_abbrev  0x00001992      0x220 ./system/src/stm32f4-hal/stm32f4xx_hal_tim_ex.o
 .debug_abbrev  0x00001bb2      0x2b3 ./system/src/stm32f4-hal/stm32f4xx_hal_uart.o
 .debug_abbrev  0x00001e65      0x26b ./system/src/stm32f4-hal/stm32f4xx_ll_usb.o
 .debug_abbrev  0x000020d0       0xb8 ./system/src/newlib/_exit.o
 .debug_abbrev  0x00002188       0xb8 ./system/src/newlib/_sbrk.o
 .debug_abbrev  0x00002240      0x219 ./system/src/newlib/_startup.o
 .debug_abbrev  0x00002459      0x175 ./system/src/newlib/_syscalls.o
 .debug_abbrev  0x000025ce       0xe4 ./system/src/cortexm/_initialize_hardware.o
 .debug_abbrev  0x000026b2       0xe7 ./system/src/cortexm/_reset_hardware.o
 .debug_abbrev  0x00002799       0x2c ./system/src/cortexm/exception_handlers.o
 .debug_abbrev  0x000027c5      0x101 ./system/src/cmsis/system_stm32f4xx.o
 .debug_abbrev  0x000028c6       0x8f ./system/src/cmsis/vectors_stm32f4xx.o
 .debug_abbrev  0x00002955      0x190 ./src/_initialize_hardware.o
 .debug_abbrev  0x00002ae5      0x17a ./src/botao.o
 .debug_abbrev  0x00002c5f      0x1a2 ./src/buzzer.o
 .debug_abbrev  0x00002e01      0x11d ./src/delays.o
 .debug_abbrev  0x00002f1e      0x1e1 ./src/encoders.o
 .debug_abbrev  0x000030ff      0x149 ./src/flash.o
 .debug_abbrev  0x00003248      0x1aa ./src/leds.o
 .debug_abbrev  0x000033f2      0x276 ./src/main.o
 .debug_abbrev  0x00003668      0x1df ./src/motores.o
 .debug_abbrev  0x00003847       0x9b ./src/rodinhas.o
 .debug_abbrev  0x000038e2      0x2b0 ./src/sensores.o
 .debug_abbrev  0x00003b92      0x299 ./src/speed_control.o
 .debug_abbrev  0x00003e2b      0x19b ./src/stm32f4xx_it.o
 .debug_abbrev  0x00003fc6      0x28d ./src/usart1.o
 .debug_abbrev  0x00004253      0x1ba ./src/usb_user.o
 .debug_abbrev  0x0000440d      0x2f1 ./src/usbd_conf.o
 .debug_abbrev  0x000046fe      0x26d ./USB/Core/Src/usbd_core.o
 .debug_abbrev  0x0000496b      0x2d9 ./USB/Core/Src/usbd_ctlreq.o
 .debug_abbrev  0x00004c44      0x16a ./USB/Core/Src/usbd_ioreq.o

.debug_line     0x00000000     0x8f9c
 *(.debug_line)
 .debug_line    0x00000000      0x300 ./system/src/stm32f4-hal/stm32f4xx_hal.o
 .debug_line    0x00000300      0x5c5 ./system/src/stm32f4-hal/stm32f4xx_hal_adc.o
 .debug_line    0x000008c5      0x2df ./system/src/stm32f4-hal/stm32f4xx_hal_cortex.o
 .debug_line    0x00000ba4     0x10f6 ./system/src/stm32f4-hal/stm32f4xx_hal_dma.o
 .debug_line    0x00001c9a      0x38a ./system/src/stm32f4-hal/stm32f4xx_hal_flash.o
 .debug_line    0x00002024      0x353 ./system/src/stm32f4-hal/stm32f4xx_hal_flash_ex.o