Archive member included because of file (symbol)

e:/arm_toolchains/gccarm/bin/../lib/gcc/arm-none-eabi/4.9.3/armv7e-m/fpu\libgcc.a(_arm_addsubdf3.o)
                              ./src/speed_control.o (__aeabi_dadd)
e:/arm_toolchains/gccarm/bin/../lib/gcc/arm-none-eabi/4.9.3/armv7e-m/fpu\libgcc.a(_arm_muldivdf3.o)
                              ./src/speed_control.o (__aeabi_dmul)
e:/arm_toolchains/gccarm/bin/../lib/gcc/arm-none-eabi/4.9.3/armv7e-m/fpu\libgcc.a(_arm_fixdfsi.o)
                              ./src/speed_control.o (__aeabi_d2iz)
e:/arm_toolchains/gccarm/bin/../lib/gcc/arm-none-eabi/4.9.3/../../../../arm-none-eabi/lib/armv7e-m/fpu\libg_nano.a(lib_a-atoi.o)
                              ./src/usart1.o (atoi)
e:/arm_toolchains/gccarm/bin/../lib/gcc/arm-none-eabi/4.9.3/../../../../arm-none-eabi/lib/armv7e-m/fpu\libg_nano.a(lib_a-errno.o)
                              ./system/src/newlib/_sbrk.o (__errno)
e:/arm_toolchains/gccarm/bin/../lib/gcc/arm-none-eabi/4.9.3/../../../../arm-none-eabi/lib/armv7e-m/fpu\libg_nano.a(lib_a-impure.o)
                              e:/arm_toolchains/gccarm/bin/../lib/gcc/arm-none-eabi/4.9.3/../../../../arm-none-eabi/lib/armv7e-m/fpu\libg_nano.a(lib_a-errno.o) (_impure_ptr)
e:/arm_toolchains/gccarm/bin/../lib/gcc/arm-none-eabi/4.9.3/../../../../arm-none-eabi/lib/armv7e-m/fpu\libg_nano.a(lib_a-malloc.o)
                              ./USB/CDC/Src/usbd_cdc.o (malloc)
e:/arm_toolchains/gccarm/bin/../lib/gcc/arm-none-eabi/4.9.3/../../../../arm-none-eabi/lib/armv7e-m/fpu\libg_nano.a(lib_a-memcpy.o)
                              ./USB/CDC/Src/usbd_cdc_if_template.o (memcpy)
e:/arm_toolchains/gccarm/bin/../lib/gcc/arm-none-eabi/4.9.3/../../../../arm-none-eabi/lib/armv7e-m/fpu\libg_nano.a(lib_a-memset.o)
                              ./src/usart1.o (memset)
e:/arm_toolchains/gccarm/bin/../lib/gcc/arm-none-eabi/4.9.3/../../../../arm-none-eabi/lib/armv7e-m/fpu\libg_nano.a(lib_a-nano-freer.o)
                              e:/arm_toolchains/gccarm/bin/../lib/gcc/arm-none-eabi/4.9.3/../../../../arm-none-eabi/lib/armv7e-m/fpu\libg_nano.a(lib_a-malloc.o) (_free_r)
e:/arm_toolchains/gccarm/bin/../lib/gcc/arm-none-eabi/4.9.3/../../../../arm-none-eabi/lib/armv7e-m/fpu\libg_nano.a(lib_a-nano-mallocr.o)
                              e:/arm_toolchains/gccarm/bin/../lib/gcc/arm-none-eabi/4.9.3/../../../../arm-none-eabi/lib/armv7e-m/fpu\libg_nano.a(lib_a-malloc.o) (_malloc_r)
e:/arm_toolchains/gccarm/bin/../lib/gcc/arm-none-eabi/4.9.3/../../../../arm-none-eabi/lib/armv7e-m/fpu\libg_nano.a(lib_a-printf.o)
                              ./src/main.o (printf)
e:/arm_toolchains/gccarm/bin/../lib/gcc/arm-none-eabi/4.9.3/../../../../arm-none-eabi/lib/armv7e-m/fpu\libg_nano.a(lib_a-puts.o)
                              ./src/main.o (puts)
e:/arm_toolchains/gccarm/bin/../lib/gcc/arm-none-eabi/4.9.3/../../../../arm-none-eabi/lib/armv7e-m/fpu\libg_nano.a(lib_a-sbrkr.o)
                              e:/arm_toolchains/gccarm/bin/../lib/gcc/arm-none-eabi/4.9.3/../../../../arm-none-eabi/lib/armv7e-m/fpu\libg_nano.a(lib_a-nano-mallocr.o) (_sbrk_r)
e:/arm_toolchains/gccarm/bin/../lib/gcc/arm-none-eabi/4.9.3/../../../../arm-none-eabi/lib/armv7e-m/fpu\libg_nano.a(lib_a-strcmp.o)
                              ./src/usart1.o (strcmp)
e:/arm_toolchains/gccarm/bin/../lib/gcc/arm-none-eabi/4.9.3/../../../../arm-none-eabi/lib/armv7e-m/fpu\libg_nano.a(lib_a-strtok.o)
                              ./src/usart1.o (strtok)
e:/arm_toolchains/gccarm/bin/../lib/gcc/arm-none-eabi/4.9.3/../../../../arm-none-eabi/lib/armv7e-m/fpu\libg_nano.a(lib_a-strtok_r.o)
                              e:/arm_toolchains/gccarm/bin/../lib/gcc/arm-none-eabi/4.9.3/../../../../arm-none-eabi/lib/armv7e-m/fpu\libg_nano.a(lib_a-strtok.o) (__strtok_r)
e:/arm_toolchains/gccarm/bin/../lib/gcc/arm-none-eabi/4.9.3/../../../../arm-none-eabi/lib/armv7e-m/fpu\libg_nano.a(lib_a-strtol.o)
                              e:/arm_toolchains/gccarm/bin/../lib/gcc/arm-none-eabi/4.9.3/../../../../arm-none-eabi/lib/armv7e-m/fpu\libg_nano.a(lib_a-atoi.o) (_strtol_r)
e:/arm_toolchains/gccarm/bin/../lib/gcc/arm-none-eabi/4.9.3/../../../../arm-none-eabi/lib/armv7e-m/fpu\libg_nano.a(lib_a-wbuf.o)
                              e:/arm_toolchains/gccarm/bin/../lib/gcc/arm-none-eabi/4.9.3/../../../../arm-none-eabi/lib/armv7e-m/fpu\libg_nano.a(lib_a-puts.o) (__swbuf_r)
e:/arm_toolchains/gccarm/bin/../lib/gcc/arm-none-eabi/4.9.3/../../../../arm-none-eabi/lib/armv7e-m/fpu\libg_nano.a(lib_a-wsetup.o)
                              e:/arm_toolchains/gccarm/bin/../lib/gcc/arm-none-eabi/4.9.3/../../../../arm-none-eabi/lib/armv7e-m/fpu\libg_nano.a(lib_a-puts.o) (__swsetup_r)
e:/arm_toolchains/gccarm/bin/../lib/gcc/arm-none-eabi/4.9.3/../../../../arm-none-eabi/lib/armv7e-m/fpu\libg_nano.a(lib_a-ctype_.o)
[...]
Memory Configuration

Name             Origin             Length             Attributes
RAM              0x20000000         0x00020000         xrw
CCMRAM           0x10000000         0x00010000         xrw
FLASH            0x08000000         0x00100000         xr
FLASHB1          0x00000000         0x00000000         xr
EXTMEMB0         0x00000000         0x00000000         xr
EXTMEMB1         0x00000000         0x00000000         xr
EXTMEMB2         0x00000000         0x00000000         xr
EXTMEMB3         0x00000000         0x00000000         xr
MEMORY_ARRAY     0x20002000         0x00000020         xrw
*default*        0x00000000         0xffffffff

Linker script and memory map

LOAD ./system/src/stm32f4-hal/stm32f4xx_hal.o
LOAD ./system/src/stm32f4-hal/stm32f4xx_hal_adc.o
LOAD ./system/src/stm32f4-hal/stm32f4xx_hal_cortex.o
LOAD ./system/src/stm32f4-hal/stm32f4xx_hal_dma.o
LOAD ./system/src/stm32f4-hal/stm32f4xx_hal_flash.o
LOAD ./system/src/stm32f4-hal/stm32f4xx_hal_flash_ex.o
LOAD ./system/src/stm32f4-hal/stm32f4xx_hal_flash_ramfunc.o
LOAD ./system/src/stm32f4-hal/stm32f4xx_hal_gpio.o
LOAD ./system/src/stm32f4-hal/stm32f4xx_hal_iwdg.o
LOAD ./system/src/stm32f4-hal/stm32f4xx_hal_pcd.o
LOAD ./system/src/stm32f4-hal/stm32f4xx_hal_pcd_ex.o
LOAD ./system/src/stm32f4-hal/stm32f4xx_hal_pwr.o
LOAD ./system/src/stm32f4-hal/stm32f4xx_hal_pwr_ex.o
LOAD ./system/src/stm32f4-hal/stm32f4xx_hal_rcc.o
LOAD ./system/src/stm32f4-hal/stm32f4xx_hal_rcc_ex.o
LOAD ./system/src/stm32f4-hal/stm32f4xx_hal_tim.o
LOAD ./system/src/stm32f4-hal/stm32f4xx_hal_tim_ex.o
LOAD ./system/src/stm32f4-hal/stm32f4xx_hal_uart.o
LOAD ./system/src/stm32f4-hal/stm32f4xx_ll_usb.o
LOAD ./system/src/newlib/_cxx.o
LOAD ./system/src/newlib/_exit.o
LOAD ./system/src/newlib/_sbrk.o
LOAD ./system/src/newlib/_startup.o
LOAD ./system/src/newlib/_syscalls.o
LOAD ./system/src/newlib/assert.o
LOAD ./system/src/diag/Trace.o
LOAD ./system/src/diag/trace_impl.o
LOAD ./system/src/cortexm/_initialize_hardware.o
LOAD ./system/src/cortexm/_reset_hardware.o
LOAD ./system/src/cortexm/exception_handlers.o
LOAD ./system/src/cmsis/system_stm32f4xx.o
LOAD ./system/src/cmsis/vectors_stm32f4xx.o
LOAD ./src/_initialize_hardware.o
LOAD ./src/botao.o
LOAD ./src/buzzer.o
LOAD ./src/delays.o
LOAD ./src/encoders.o
LOAD ./src/flash.o
LOAD ./src/leds.o
LOAD ./src/main.o
LOAD ./src/motores.o
LOAD ./src/rodinhas.o
LOAD ./src/sensores.o
LOAD ./src/speed_control.o
LOAD ./src/stm32f4xx_it.o
LOAD ./src/usart1.o
LOAD ./src/usb_user.o
LOAD ./src/usbd_conf.o
LOAD ./src/usbd_desc.o
LOAD ./USB/Core/Src/usbd_core.o
LOAD ./USB/Core/Src/usbd_ctlreq.o
LOAD ./USB/Core/Src/usbd_ioreq.o
LOAD ./USB/CDC/Src/usbd_cdc.o
LOAD ./USB/CDC/Src/usbd_cdc_if_template.o
LOAD e:/arm_toolchains/gccarm/bin/../lib/gcc/arm-none-eabi/4.9.3/../../../../arm-none-eabi/lib/armv7e-m/fpu\libstdc++_nano.a
LOAD e:/arm_toolchains/gccarm/bin/../lib/gcc/arm-none-eabi/4.9.3/../../../../arm-none-eabi/lib/armv7e-m/fpu\libm.a
START GROUP
LOAD e:/arm_toolchains/gccarm/bin/../lib/gcc/arm-none-eabi/4.9.3/armv7e-m/fpu\libgcc.a
LOAD e:/arm_toolchains/gccarm/bin/../lib/gcc/arm-none-eabi/4.9.3/../../../../arm-none-eabi/lib/armv7e-m/fpu\libg_nano.a
LOAD e:/arm_toolchains/gccarm/bin/../lib/gcc/arm-none-eabi/4.9.3/../../../../arm-none-eabi/lib/armv7e-m/fpu\libc_nano.a
END GROUP
START GROUP
LOAD e:/arm_toolchains/gccarm/bin/../lib/gcc/arm-none-eabi/4.9.3/armv7e-m/fpu\libgcc.a
LOAD e:/arm_toolchains/gccarm/bin/../lib/gcc/arm-none-eabi/4.9.3/../../../../arm-none-eabi/lib/armv7e-m/fpu\libc_nano.a
END GROUP
                0x20020000                __stack = (ORIGIN (RAM) + 0x20000)
                0x20020000                _estack = __stack
                0x00000400                __Main_Stack_Size = 0x400
                0x00000400                PROVIDE (_Main_Stack_Size, __Main_Stack_Size)
                0x2001fc00                __Main_Stack_Limit = (__stack - __Main_Stack_Size)
                0x2001fc00                PROVIDE (_Main_Stack_Limit, __Main_Stack_Limit)
                0x00000100                _Minimum_Stack_Size = 0x100
                0x20000acc                PROVIDE (_Heap_Begin, _end_noinit)
                0x2001fc00                PROVIDE (_Heap_Limit, (__stack - __Main_Stack_Size))

.isr_vector     0x08000000      0x27a
 FILL mask 0xff
                0x08000000                __vectors_start__ = ABSOLUTE (.)
 *(.isr_vector)
 .isr_vector    0x08000000      0x188 ./system/src/cmsis/vectors_stm32f4xx.o
                0x08000000                __isr_vectors
 *(.cfmconfig)
 *(.after_vectors .after_vectors.*)
 .after_vectors
                0x08000188       0xd4 ./system/src/newlib/_startup.o
                0x08000188                _start
 .after_vectors
                0x0800025c       0x1c ./system/src/cortexm/exception_handlers.o
                0x0800025c                Reset_Handler
                0x08000260                NMI_Handler
                0x08000262                HardFault_Handler
                0x08000264                MemManage_Handler
                0x08000266                BusFault_Handler
                0x08000268                UsageFault_Handler
                0x0800026a                SVC_Handler
                0x0800026c                DebugMon_Handler
                0x0800026e                PendSV_Handler
 .after_vectors
                0x08000278        0x2 ./system/src/cmsis/vectors_stm32f4xx.o
                0x08000278                RTC_Alarm_IRQHandler
                0x08000278                HASH_RNG_IRQHandler
                0x08000278                EXTI2_IRQHandler
                0x08000278                TIM8_CC_IRQHandler
                0x08000278                TIM1_CC_IRQHandler
                0x08000278                DMA2_Stream5_IRQHandler
                0x08000278                DMA1_Stream5_IRQHandler
                0x08000278                PVD_IRQHandler
                0x08000278                SDIO_IRQHandler
                0x08000278                TAMP_STAMP_IRQHandler
                0x08000278                CAN2_RX1_IRQHandler
                0x08000278                EXTI3_IRQHandler
                0x08000278                TIM8_TRG_COM_TIM14_IRQHandler
                0x08000278                TIM1_UP_TIM10_IRQHandler
                0x08000278                TIM8_UP_TIM13_IRQHandler
                0x08000278                I2C3_ER_IRQHandler
                0x08000278                EXTI0_IRQHandler
                0x08000278                I2C2_EV_IRQHandler
                0x08000278                DMA1_Stream2_IRQHandler
                0x08000278                CAN1_RX0_IRQHandler
                0x08000278                FPU_IRQHandler
                0x08000278                OTG_HS_WKUP_IRQHandler
                0x08000278                CAN2_SCE_IRQHandler
                0x08000278                DMA2_Stream2_IRQHandler
                0x08000278                SPI1_IRQHandler
                0x08000278                TIM6_DAC_IRQHandler
                0x08000278                TIM1_BRK_TIM9_IRQHandler
                0x08000278                CAN2_RX0_IRQHandler
                0x08000278                DMA2_Stream3_IRQHandler
                0x08000278                USART6_IRQHandler
                0x08000278                USART3_IRQHandler
                0x08000278                CAN1_RX1_IRQHandler
                0x08000278                UART5_IRQHandler
                0x08000278                DMA2_Stream0_IRQHandler
                0x08000278                TIM4_IRQHandler
                0x08000278                I2C1_EV_IRQHandler
                0x08000278                DMA1_Stream6_IRQHandler
                0x08000278                DMA1_Stream1_IRQHandler
                0x08000278                UART4_IRQHandler
                0x08000278                RCC_IRQHandler
                0x08000278                TIM8_BRK_TIM12_IRQHandler
                0x08000278                Default_Handler
                0x08000278                EXTI15_10_IRQHandler
                0x08000278                ADC_IRQHandler
                0x08000278                DMA1_Stream7_IRQHandler
                0x08000278                TIM7_IRQHandler
                0x08000278                CAN2_TX_IRQHandler
                0x08000278                TIM5_IRQHandler
                0x08000278                DMA2_Stream7_IRQHandler
                0x08000278                I2C3_EV_IRQHandler
                0x08000278                EXTI9_5_IRQHandler
                0x08000278                RTC_WKUP_IRQHandler
                0x08000278                SPI2_IRQHandler
                0x08000278                OTG_HS_EP1_IN_IRQHandler
                0x08000278                DMA1_Stream0_IRQHandler
                0x08000278                CAN1_TX_IRQHandler
                0x08000278                EXTI4_IRQHandler
                0x08000278                FSMC_IRQHandler
                0x08000278                OTG_HS_EP1_OUT_IRQHandler
                0x08000278                WWDG_IRQHandler
                0x08000278                TIM2_IRQHandler
                0x08000278                OTG_FS_WKUP_IRQHandler
                0x08000278                TIM1_TRG_COM_TIM11_IRQHandler
                0x08000278                OTG_HS_IRQHandler
                0x08000278                EXTI1_IRQHandler
                0x08000278                USART2_IRQHandler
                0x08000278                I2C2_ER_IRQHandler
                0x08000278                DMA2_Stream1_IRQHandler
                0x08000278                CAN1_SCE_IRQHandler
                0x08000278                FLASH_IRQHandler
                0x08000278                DMA2_Stream4_IRQHandler
                0x08000278                SPI3_IRQHandler
                0x08000278                DMA1_Stream4_IRQHandler
                0x08000278                I2C1_ER_IRQHandler
                0x08000278                DMA2_Stream6_IRQHandler
                0x08000278                DMA1_Stream3_IRQHandler

.inits          0x0800027c       0x28
                0x0800027c                __data_regions_array_start = .
                0x0800027c        0x4 LONG 0x8005f14 LOADADDR (.data)
                0x08000280        0x4 LONG 0x20000000 ADDR (.data)
                0x08000284        0x4 LONG 0x200000e0 (ADDR (.data) + SIZEOF (.data))
                0x08000288        0x4 LONG 0x8005f14 LOADADDR (.data_CCMRAM)
                0x0800028c        0x4 LONG 0x10000000 ADDR (.data_CCMRAM)
                0x08000290        0x4 LONG 0x10000000 (ADDR (.data_CCMRAM) + SIZEOF (.data_CCMRAM))
                0x08000294                __data_regions_array_end = .
                0x08000294                __bss_regions_array_start = .
                0x08000294        0x4 LONG 0x200000e0 ADDR (.bss)
                0x08000298        0x4 LONG 0x20000acc (ADDR (.bss) + SIZEOF (.bss))
                0x0800029c        0x4 LONG 0x10000000 ADDR (.bss_CCMRAM)
                0x080002a0        0x4 LONG 0x10000000 (ADDR (.bss_CCMRAM) + SIZEOF (.bss_CCMRAM))
                0x080002a4                __bss_regions_array_end = .
 *(.init)
 *(.fini)
                0x080002a4                . = ALIGN (0x4)
                0x080002a4                PROVIDE (__preinit_array_start, .)
 *(.preinit_array_sysinit .preinit_array_sysinit.*)
 *(.preinit_array_platform .preinit_array_platform.*)
 *(.preinit_array .preinit_array.*)
                0x080002a4                PROVIDE (__preinit_array_end, .)
                0x080002a4                . = ALIGN (0x4)
                0x080002a4                PROVIDE (__init_array_start, .)
 *(SORT(.init_array.*))
 *(.init_array)
                0x080002a4                PROVIDE (__init_array_end, .)
                0x080002a4                . = ALIGN (0x4)
                0x080002a4                PROVIDE (__fini_array_start, .)
 *(SORT(.fini_array.*))
 *(.fini_array)
                0x080002a4                PROVIDE (__fini_array_end, .)

.flashtext
 *(.flashtext .flashtext.*)

.text           0x080002a8     0x5c6c
 *(.text .text.*)
 .text.HAL_MspInit
                0x080002a8        0x2 ./system/src/stm32f4-hal/stm32f4xx_hal.o
                0x080002a8                HAL_MspInit
 .text.HAL_InitTick
                0x080002aa       0x24 ./system/src/stm32f4-hal/stm32f4xx_hal.o
                0x080002aa                HAL_InitTick
 *fill*         0x080002ce        0x2 
 .text.HAL_Init
                0x080002d0       0x34 ./system/src/stm32f4-hal/stm32f4xx_hal.o
                0x080002d0                HAL_Init
 .text.HAL_IncTick
                0x08000304       0x10 ./system/src/stm32f4-hal/stm32f4xx_hal.o
                0x08000304                HAL_IncTick
 .text.HAL_GetTick
                0x08000314        0xc ./system/src/stm32f4-hal/stm32f4xx_hal.o
                0x08000314                HAL_GetTick
 .text.HAL_SuspendTick
                0x08000320       0x10 ./system/src/stm32f4-hal/stm32f4xx_hal.o
                0x08000320                HAL_SuspendTick
 .text.HAL_ADC_MspInit
                0x08000330        0x2 ./system/src/stm32f4-hal/stm32f4xx_hal_adc.o
                0x08000330                HAL_ADC_MspInit
 *fill*         0x08000332        0x2 
 .text.HAL_ADC_Init
                0x08000334      0x108 ./system/src/stm32f4-hal/stm32f4xx_hal_adc.o
                0x08000334                HAL_ADC_Init
 .text.HAL_ADC_Start
                0x0800043c       0x70 ./system/src/stm32f4-hal/stm32f4xx_hal_adc.o
                0x0800043c                HAL_ADC_Start
 .text.HAL_ADC_PollForConversion
                0x080004ac       0x48 ./system/src/stm32f4-hal/stm32f4xx_hal_adc.o
                0x080004ac                HAL_ADC_PollForConversion
 .text.HAL_ADC_GetValue
                0x080004f4        0x6 ./system/src/stm32f4-hal/stm32f4xx_hal_adc.o
                0x080004f4                HAL_ADC_GetValue
 *fill*         0x080004fa        0x2 
 .text.HAL_ADC_ConfigChannel
                0x080004fc       0xec ./system/src/stm32f4-hal/stm32f4xx_hal_adc.o
                0x080004fc                HAL_ADC_ConfigChannel
 .text.HAL_NVIC_SetPriorityGrouping
                0x080005e8       0x24 ./system/src/stm32f4-hal/stm32f4xx_hal_cortex.o
                0x080005e8                HAL_NVIC_SetPriorityGrouping
 .text.HAL_NVIC_SetPriority
                0x0800060c       0x60 ./system/src/stm32f4-hal/stm32f4xx_hal_cortex.o
                0x0800060c                HAL_NVIC_SetPriority
 .text.HAL_NVIC_EnableIRQ
                0x0800066c       0x18 ./system/src/stm32f4-hal/stm32f4xx_hal_cortex.o
                0x0800066c                HAL_NVIC_EnableIRQ
 .text.HAL_SYSTICK_Config
                0x08000684       0x2c ./system/src/stm32f4-hal/stm32f4xx_hal_cortex.o
                0x08000684                HAL_SYSTICK_Config
 .text.HAL_SYSTICK_Callback
                0x080006b0        0x2 ./system/src/stm32f4-hal/stm32f4xx_hal_cortex.o
                0x080006b0                HAL_SYSTICK_Callback
 .text.HAL_SYSTICK_IRQHandler
                0x080006b2        0x8 ./system/src/stm32f4-hal/stm32f4xx_hal_cortex.o
                0x080006b2                HAL_SYSTICK_IRQHandler
 *fill*         0x080006ba        0x2 
 .text.HAL_DMA_Init
                0x080006bc       0x70 ./system/src/stm32f4-hal/stm32f4xx_hal_dma.o
                0x080006bc                HAL_DMA_Init
 .text.HAL_DMA_Start_IT
                0x0800072c       0x6a ./system/src/stm32f4-hal/stm32f4xx_hal_dma.o
                0x0800072c                HAL_DMA_Start_IT
 *fill*         0x08000796        0x2 
 .text.FLASH_Program_Word
                0x08000798       0x24 ./system/src/stm32f4-hal/stm32f4xx_hal_flash.o
 .text.FLASH_Program_HalfWord
                0x080007bc       0x24 ./system/src/stm32f4-hal/stm32f4xx_hal_flash.o
 .text.FLASH_SetErrorCode
                0x080007e0       0x6c ./system/src/stm32f4-hal/stm32f4xx_hal_flash.o
 .text.HAL_FLASH_Unlock
                0x0800084c       0x24 ./system/src/stm32f4-hal/stm32f4xx_hal_flash.o
                0x0800084c                HAL_FLASH_Unlock
 .text.HAL_FLASH_Lock
                0x08000870       0x14 ./system/src/stm32f4-hal/stm32f4xx_hal_flash.o
                0x08000870                HAL_FLASH_Lock
 .text.FLASH_WaitForLastOperation
                0x08000884       0x3c ./system/src/stm32f4-hal/stm32f4xx_hal_flash.o
                0x08000884                FLASH_WaitForLastOperation
 .text.HAL_FLASH_Program
                0x080008c0       0xac ./system/src/stm32f4-hal/stm32f4xx_hal_flash.o
                0x080008c0                HAL_FLASH_Program
 .text.FLASH_Erase_Sector
                0x0800096c       0x58 ./system/src/stm32f4-hal/stm32f4xx_hal_flash_ex.o
                0x0800096c                FLASH_Erase_Sector
 .text.HAL_GPIO_Init
                0x080009c4      0x1c8 ./system/src/stm32f4-hal/stm32f4xx_hal_gpio.o
                0x080009c4                HAL_GPIO_Init
 .text.HAL_GPIO_ReadPin
                0x08000b8c        0xc ./system/src/stm32f4-hal/stm32f4xx_hal_gpio.o
                0x08000b8c                HAL_GPIO_ReadPin
 .text.HAL_GPIO_WritePin
                0x08000b98        0xa ./system/src/stm32f4-hal/stm32f4xx_hal_gpio.o
                0x08000b98                HAL_GPIO_WritePin
 .text.HAL_GPIO_TogglePin
                0x08000ba2        0x8 ./system/src/stm32f4-hal/stm32f4xx_hal_gpio.o
                0x08000ba2                HAL_GPIO_TogglePin
 .text.HAL_PCD_IRQHandler
                0x08000baa      0x472 ./system/src/stm32f4-hal/stm32f4xx_hal_pcd.o
                0x08000baa                HAL_PCD_IRQHandler
 .text.HAL_PCD_SetAddress
                0x0800101c       0x24 ./system/src/stm32f4-hal/stm32f4xx_hal_pcd.o
                0x0800101c                HAL_PCD_SetAddress
 .text.HAL_PCD_EP_Open
                0x08001040       0x5a ./system/src/stm32f4-hal/stm32f4xx_hal_pcd.o
                0x08001040                HAL_PCD_EP_Open
 .text.HAL_PCD_EP_Receive
                0x0800109a       0x64 ./system/src/stm32f4-hal/stm32f4xx_hal_pcd.o
                0x0800109a                HAL_PCD_EP_Receive
 .text.HAL_PCD_EP_Transmit
                0x080010fe       0x5a ./system/src/stm32f4-hal/stm32f4xx_hal_pcd.o
                0x080010fe                HAL_PCD_EP_Transmit
 .text.HAL_PCD_EP_SetStall
                0x08001158       0x5a ./system/src/stm32f4-hal/stm32f4xx_hal_pcd.o
                0x08001158                HAL_PCD_EP_SetStall
 .text.HAL_PCD_EP_ClrStall
                0x080011b2       0x4c ./system/src/stm32f4-hal/stm32f4xx_hal_pcd.o
                0x080011b2                HAL_PCD_EP_ClrStall
 *fill*         0x080011fe        0x2 
 .text.HAL_RCC_OscConfig
                0x08001200      0x31c ./system/src/stm32f4-hal/stm32f4xx_hal_rcc.o
                0x08001200                HAL_RCC_OscConfig
 .text.HAL_RCC_ClockConfig
                0x0800151c      0x1c8 ./system/src/stm32f4-hal/stm32f4xx_hal_rcc.o
                0x0800151c                HAL_RCC_ClockConfig
 .text.HAL_RCC_GetSysClockFreq
                0x080016e4       0x94 ./system/src/stm32f4-hal/stm32f4xx_hal_rcc.o
                0x080016e4                HAL_RCC_GetSysClockFreq
 .text.HAL_RCC_GetHCLKFreq
                0x08001778       0x38 ./system/src/stm32f4-hal/stm32f4xx_hal_rcc.o
                0x08001778                HAL_RCC_GetHCLKFreq
 .text.HAL_RCC_GetPCLK1Freq
                0x080017b0       0x30 ./system/src/stm32f4-hal/stm32f4xx_hal_rcc.o
                0x080017b0                HAL_RCC_GetPCLK1Freq
 .text.HAL_RCC_GetPCLK2Freq
                0x080017e0       0x30 ./system/src/stm32f4-hal/stm32f4xx_hal_rcc.o
                0x080017e0                HAL_RCC_GetPCLK2Freq
 .text.TIM_OC1_SetConfig
                0x08001810       0x58 ./system/src/stm32f4-hal/stm32f4xx_hal_tim.o
 .text.TIM_OC3_SetConfig
                0x08001868       0x60 ./system/src/stm32f4-hal/stm32f4xx_hal_tim.o
 .text.TIM_OC4_SetConfig
                0x080018c8       0x50 ./system/src/stm32f4-hal/stm32f4xx_hal_tim.o
 .text.HAL_TIM_Base_MspInit
                0x08001918        0x2 ./system/src/stm32f4-hal/stm32f4xx_hal_tim.o
                0x08001918                HAL_TIM_Base_MspInit
 .text.HAL_TIM_Base_Start_IT
                0x0800191a       0x16 ./system/src/stm32f4-hal/stm32f4xx_hal_tim.o
                0x0800191a                HAL_TIM_Base_Start_IT
 .text.HAL_TIM_PWM_MspInit
                0x08001930        0x2 ./system/src/stm32f4-hal/stm32f4xx_hal_tim.o
                0x08001930                HAL_TIM_PWM_MspInit
 .text.HAL_TIM_Encoder_MspInit
                0x08001932        0x2 ./system/src/stm32f4-hal/stm32f4xx_hal_tim.o
                0x08001932                HAL_TIM_Encoder_MspInit
 .text.HAL_TIM_Encoder_Start
                0x08001934       0x46 ./system/src/stm32f4-hal/stm32f4xx_hal_tim.o
                0x08001934                HAL_TIM_Encoder_Start
 .text.HAL_TIM_OC_DelayElapsedCallback
                0x0800197a        0x2 ./system/src/stm32f4-hal/stm32f4xx_hal_tim.o
                0x0800197a                HAL_TIM_OC_DelayElapsedCallback
 .text.HAL_TIM_IC_CaptureCallback
                0x0800197c        0x2 ./system/src/stm32f4-hal/stm32f4xx_hal_tim.o
                0x0800197c                HAL_TIM_IC_CaptureCallback
 .text.HAL_TIM_PWM_PulseFinishedCallback
                0x0800197e        0x2 ./system/src/stm32f4-hal/stm32f4xx_hal_tim.o
                0x0800197e                HAL_TIM_PWM_PulseFinishedCallback
 .text.HAL_TIM_TriggerCallback
                0x08001980        0x2 ./system/src/stm32f4-hal/stm32f4xx_hal_tim.o
                0x08001980                HAL_TIM_TriggerCallback
 .text.HAL_TIM_IRQHandler
                0x08001982      0x144 ./system/src/stm32f4-hal/stm32f4xx_hal_tim.o
                0x08001982                HAL_TIM_IRQHandler
 *fill*         0x08001ac6        0x2 
 .text.TIM_Base_SetConfig
                0x08001ac8       0xc8 ./system/src/stm32f4-hal/stm32f4xx_hal_tim.o
                0x08001ac8                TIM_Base_SetConfig
 .text.HAL_TIM_Base_Init
                0x08001b90       0x2c ./system/src/stm32f4-hal/stm32f4xx_hal_tim.o
                0x08001b90                HAL_TIM_Base_Init
 .text.HAL_TIM_PWM_Init
                0x08001bbc       0x2c ./system/src/stm32f4-hal/stm32f4xx_hal_tim.o
                0x08001bbc                HAL_TIM_PWM_Init
 .text.HAL_TIM_Encoder_Init
                0x08001be8       0x8a ./system/src/stm32f4-hal/stm32f4xx_hal_tim.o
                0x08001be8                HAL_TIM_Encoder_Init
 *fill*         0x08001c72        0x2 
 .text.TIM_OC2_SetConfig
                0x08001c74       0x64 ./system/src/stm32f4-hal/stm32f4xx_hal_tim.o
                0x08001c74                TIM_OC2_SetConfig
 .text.HAL_TIM_PWM_ConfigChannel
                0x08001cd8       0xc6 ./system/src/stm32f4-hal/stm32f4xx_hal_tim.o
                0x08001cd8                HAL_TIM_PWM_ConfigChannel
 .text.TIM_CCxChannelCmd
                0x08001d9e       0x18 ./system/src/stm32f4-hal/stm32f4xx_hal_tim.o
                0x08001d9e                TIM_CCxChannelCmd
 *fill*         0x08001db6        0x2 
 .text.HAL_TIM_PWM_Start
                0x08001db8       0x34 ./system/src/stm32f4-hal/stm32f4xx_hal_tim.o
                0x08001db8                HAL_TIM_PWM_Start
 .text.HAL_TIMEx_CommutationCallback
                0x08001dec        0x2 ./system/src/stm32f4-hal/stm32f4xx_hal_tim_ex.o
                0x08001dec                HAL_TIMEx_CommutationCallback
 .text.HAL_TIMEx_BreakCallback
                0x08001dee        0x2 ./system/src/stm32f4-hal/stm32f4xx_hal_tim_ex.o
                0x08001dee                HAL_TIMEx_BreakCallback
 .text.UART_SetConfig
                0x08001df0      0x148 ./system/src/stm32f4-hal/stm32f4xx_hal_uart.o
 .text.UART_WaitOnFlagUntilTimeout.constprop.0
                0x08001f38       0x60 ./system/src/stm32f4-hal/stm32f4xx_hal_uart.o
 .text.HAL_UART_MspInit
                0x08001f98        0x2 ./system/src/stm32f4-hal/stm32f4xx_hal_uart.o
                0x08001f98                HAL_UART_MspInit
 .text.HAL_UART_Init
                0x08001f9a       0x52 ./system/src/stm32f4-hal/stm32f4xx_hal_uart.o
                0x08001f9a                HAL_UART_Init
 .text.HAL_UART_Transmit
                0x08001fec       0xba ./system/src/stm32f4-hal/stm32f4xx_hal_uart.o
                0x08001fec                HAL_UART_Transmit
 .text.HAL_UART_Receive
                0x080020a6       0xbe ./system/src/stm32f4-hal/stm32f4xx_hal_uart.o
                0x080020a6                HAL_UART_Receive
 .text.HAL_UART_Receive_IT
                0x08002164       0x6a ./system/src/stm32f4-hal/stm32f4xx_hal_uart.o
                0x08002164                HAL_UART_Receive_IT
 *fill*         0x080021ce        0x2 
 .text.HAL_UART_Transmit_DMA
                0x080021d0       0x80 ./system/src/stm32f4-hal/stm32f4xx_hal_uart.o
                0x080021d0                HAL_UART_Transmit_DMA
 .text.HAL_UART_TxCpltCallback
                0x08002250        0x2 ./system/src/stm32f4-hal/stm32f4xx_hal_uart.o
                0x08002250                HAL_UART_TxCpltCallback
 .text.HAL_UART_TxHalfCpltCallback
                0x08002252        0x2 ./system/src/stm32f4-hal/stm32f4xx_hal_uart.o
                0x08002252                HAL_UART_TxHalfCpltCallback
 .text.UART_DMATxHalfCplt
                0x08002254        0xa ./system/src/stm32f4-hal/stm32f4xx_hal_uart.o
 .text.HAL_UART_ErrorCallback
                0x0800225e        0x2 ./system/src/stm32f4-hal/stm32f4xx_hal_uart.o
                0x0800225e                HAL_UART_ErrorCallback
 .text.UART_DMAError
                0x08002260       0x22 ./system/src/stm32f4-hal/stm32f4xx_hal_uart.o
 .text.UART_DMATransmitCplt
                0x08002282       0x4e ./system/src/stm32f4-hal/stm32f4xx_hal_uart.o
 .text.HAL_UART_IRQHandler
                0x080022d0      0x1aa ./system/src/stm32f4-hal/stm32f4xx_hal_uart.o
                0x080022d0                HAL_UART_IRQHandler
 *fill*         0x0800247a        0x2 
 .text.USB_FlushTxFifo
                0x0800247c       0x24 ./system/src/stm32f4-hal/stm32f4xx_ll_usb.o
                0x0800247c                USB_FlushTxFifo
 .text.USB_GetDevSpeed
                0x080024a0       0x36 ./system/src/stm32f4-hal/stm32f4xx_ll_usb.o
                0x080024a0                USB_GetDevSpeed
 .text.USB_ActivateEndpoint
                0x080024d6       0x82 ./system/src/stm32f4-hal/stm32f4xx_ll_usb.o
                0x080024d6                USB_ActivateEndpoint
 .text.USB_EP0StartXfer
                0x08002558      0x150 ./system/src/stm32f4-hal/stm32f4xx_ll_usb.o
                0x08002558                USB_EP0StartXfer
 .text.USB_WritePacket
                0x080026a8       0x26 ./system/src/stm32f4-hal/stm32f4xx_ll_usb.o
                0x080026a8                USB_WritePacket
 *fill*         0x080026ce        0x2 
 .text.USB_EPStartXfer
                0x080026d0      0x238 ./system/src/stm32f4-hal/stm32f4xx_ll_usb.o
                0x080026d0                USB_EPStartXfer
 .text.USB_ReadPacket
                0x08002908       0x20 ./system/src/stm32f4-hal/stm32f4xx_ll_usb.o
                0x08002908                USB_ReadPacket
 .text.USB_EPSetStall
                0x08002928       0x64 ./system/src/stm32f4-hal/stm32f4xx_ll_usb.o
                0x08002928                USB_EPSetStall
 .text.USB_EPClearStall
                0x0800298c       0x3e ./system/src/stm32f4-hal/stm32f4xx_ll_usb.o
                0x0800298c                USB_EPClearStall
 .text.USB_SetDevAddress
                0x080029ca       0x20 ./system/src/stm32f4-hal/stm32f4xx_ll_usb.o
                0x080029ca                USB_SetDevAddress
 .text.USB_ReadInterrupts
                0x080029ea        0x8 ./system/src/stm32f4-hal/stm32f4xx_ll_usb.o
                0x080029ea                USB_ReadInterrupts
 .text.USB_ReadDevAllOutEpInterrupt
                0x080029f2       0x10 ./system/src/stm32f4-hal/stm32f4xx_ll_usb.o
                0x080029f2                USB_ReadDevAllOutEpInterrupt
 .text.USB_ReadDevAllInEpInterrupt
                0x08002a02       0x10 ./system/src/stm32f4-hal/stm32f4xx_ll_usb.o
                0x08002a02                USB_ReadDevAllInEpInterrupt
 .text.USB_ReadDevOutEPInterrupt
                0x08002a12       0x12 ./system/src/stm32f4-hal/stm32f4xx_ll_usb.o
                0x08002a12                USB_ReadDevOutEPInterrupt
 .text.USB_ReadDevInEPInterrupt
                0x08002a24       0x1e ./system/src/stm32f4-hal/stm32f4xx_ll_usb.o
                0x08002a24                USB_ReadDevInEPInterrupt
 .text.USB_GetMode
                0x08002a42        0x8 ./system/src/stm32f4-hal/stm32f4xx_ll_usb.o
                0x08002a42                USB_GetMode
 .text.USB_ActivateSetup
                0x08002a4a       0x36 ./system/src/stm32f4-hal/stm32f4xx_ll_usb.o
                0x08002a4a                USB_ActivateSetup
 .text.USB_EP0_OutStart
                0x08002a80       0x46 ./system/src/stm32f4-hal/stm32f4xx_ll_usb.o
                0x08002a80                USB_EP0_OutStart
 .text._exit    0x08002ac6        0x6 ./system/src/newlib/_exit.o
                0x08002ac6                _exit
 .text._sbrk    0x08002acc       0x40 ./system/src/newlib/_sbrk.o
                0x08002acc                _sbrk
 .text.__initialize_args
                0x08002b0c       0x10 ./system/src/newlib/_syscalls.o
                0x08002b0c                __initialize_args
 .text._close   0x08002b1c       0x10 ./system/src/newlib/_syscalls.o
                0x08002b1c                _close
 .text._fstat   0x08002b2c       0x10 ./system/src/newlib/_syscalls.o
                0x08002b2c                _fstat
 .text._isatty  0x08002b3c        0xe ./system/src/newlib/_syscalls.o
                0x08002b3c                _isatty
 .text._lseek   0x08002b4a       0x10 ./system/src/newlib/_syscalls.o
                0x08002b4a                _lseek
 *fill*         0x08002b5a        0x2 
 .text.__initialize_hardware_early
                0x08002b5c       0x1c ./system/src/cortexm/_initialize_hardware.o
                0x08002b5c                __initialize_hardware_early
 .text.__reset_hardware
                0x08002b78       0x20 ./system/src/cortexm/_reset_hardware.o
                0x08002b78                __reset_hardware
 .text.SystemInit
                0x08002b98       0x4c ./system/src/cmsis/system_stm32f4xx.o
                0x08002b98                SystemInit
 .text.configure_system_clock
                0x08002be4       0x68 ./src/_initialize_hardware.o
                0x08002be4                configure_system_clock
 .text.__initialize_hardware
                0x08002c4c       0x28 ./src/_initialize_hardware.o
                0x08002c4c                __initialize_hardware
 .text.botaoConfig
                0x08002c74       0x30 ./src/botao.o
                0x08002c74                botaoConfig
 .text.getSW1   0x08002ca4        0xc ./src/botao.o
                0x08002ca4                getSW1
 .text.buzzerConfig
                0x08002cb0       0x30 ./src/buzzer.o
                0x08002cb0                buzzerConfig
 .text.beeps    0x08002ce0       0x44 ./src/buzzer.o
                0x08002ce0                beeps
 .text.beep     0x08002d24       0x1c ./src/buzzer.o
                0x08002d24                beep
 .text.micros   0x08002d40       0x20 ./src/delays.o
                0x08002d40                micros
 .text.elapse_us
                0x08002d60       0x12 ./src/delays.o
                0x08002d60                elapse_us
 .text.delay_ms
                0x08002d72       0x16 ./src/delays.o
                0x08002d72                delay_ms
 .text.encodersConfig
                0x08002d88      0x10c ./src/encoders.o
                0x08002d88                encodersConfig
 .text.getEncoderEsquerda
                0x08002e94        0x8 ./src/encoders.o
                0x08002e94                getEncoderEsquerda
 .text.resetEncoderEsquerda
                0x08002e9c        0xa ./src/encoders.o
                0x08002e9c                resetEncoderEsquerda
 *fill*         0x08002ea6        0x2 
 .text.getEncoderDireita
                0x08002ea8        0xc ./src/encoders.o
                0x08002ea8                getEncoderDireita
 .text.resetEncoderDireita
                0x08002eb4        0xc ./src/encoders.o
                0x08002eb4                resetEncoderDireita
 .text.writeFlash
                0x08002ec0       0x44 ./src/flash.o
                0x08002ec0                writeFlash
 .text.readFlash
                0x08002f04       0x1c ./src/flash.o
                0x08002f04                readFlash
 .text.ledsConfig
                0x08002f20       0x54 ./src/leds.o
                0x08002f20                ledsConfig
 .text.setLED   0x08002f74       0x1c ./src/leds.o
                0x08002f74                setLED
 .text.toggleLED
                0x08002f90       0x1c ./src/leds.o
                0x08002f90                toggleLED
 .text.HAL_TIM_PeriodElapsedCallback
                0x08002fac       0x10 ./src/main.o
                0x08002fac                HAL_TIM_PeriodElapsedCallback
 .text.systick  0x08002fbc       0x10 ./src/main.o
                0x08002fbc                systick
 .text.perifericosConfig
                0x08002fcc       0x26 ./src/main.o
                0x08002fcc                perifericosConfig
 *fill*         0x08002ff2        0x2 
 .text.init_parametros
                0x08002ff4       0x80 ./src/main.o
                0x08002ff4                init_parametros
 .text.startup.main
                0x08003074      0x12c ./src/main.o
                0x08003074                main
 .text.motoresConfig
                0x080031a0       0xd8 ./src/motores.o
                0x080031a0                motoresConfig
 .text.setMotores
                0x08003278       0x60 ./src/motores.o
                0x08003278                setMotores
 .text.menu_rodinhas
                0x080032d8        0xa ./src/rodinhas.o
                0x080032d8                menu_rodinhas
 *fill*         0x080032e2        0x2 
 .text.readMarks
                0x080032e4      0x110 ./src/sensores.o
                0x080032e4                readMarks
 .text.getSensorError
                0x080033f4      0x138 ./src/sensores.o
                0x080033f4                getSensorError
 .text.getRawADC
                0x0800352c       0x34 ./src/sensores.o
                0x0800352c                getRawADC
 .text.getTensao
                0x08003560       0x18 ./src/sensores.o
                0x08003560                getTensao
 .text.sensoresConfig
                0x08003578      0x134 ./src/sensores.o
                0x08003578                sensoresConfig
 .text.speedControlConfig
                0x080036ac       0x54 ./src/speed_control.o
                0x080036ac                speedControlConfig
 .text.getEncoderStatus
                0x08003700       0xd4 ./src/speed_control.o
                0x08003700                getEncoderStatus
 *fill*         0x080037d4        0x4 
 .text.calculateMotorPwm
                0x080037d8      0x110 ./src/speed_control.o
                0x080037d8                calculateMotorPwm
 .text.needToDecelerate
                0x080038e8       0x28 ./src/speed_control.o
                0x080038e8                needToDecelerate
 .text.updateCurrentSpeed
                0x08003910       0xa0 ./src/speed_control.o
                0x08003910                updateCurrentSpeed
 .text.speedProfile
                0x080039b0       0x12 ./src/speed_control.o
                0x080039b0                speedProfile
 *fill*         0x080039c2        0x2 
 .text.SysTick_Handler
                0x080039c4       0x34 ./src/stm32f4xx_it.o
                0x080039c4                SysTick_Handler
 .text.TIM3_IRQHandler
                0x080039f8        0xc ./src/stm32f4xx_it.o
                0x080039f8                TIM3_IRQHandler
 .text.USART1_IRQHandler
                0x08003a04        0xc ./src/stm32f4xx_it.o
                0x08003a04                USART1_IRQHandler
 .text.usart1Config
                0x08003a10       0xc0 ./src/usart1.o
                0x08003a10                usart1Config
 .text.HAL_UART_RxCpltCallback
                0x08003ad0       0x40 ./src/usart1.o
                0x08003ad0                HAL_UART_RxCpltCallback
 .text.comandosUART
                0x08003b10      0x180 ./src/usart1.o
                0x08003b10                comandosUART
 .text._write   0x08003c90       0x18 ./src/usart1.o
                0x08003c90                _write
 .text._read    0x08003ca8       0x18 ./src/usart1.o
                0x08003ca8                _read
 .text.usbConfig
                0x08003cc0        0x2 ./src/usb_user.o
                0x08003cc0                usbConfig
 *fill*         0x08003cc2        0x2 
 .text.OTG_FS_IRQHandler
                0x08003cc4        0xc ./src/usb_user.o
                0x08003cc4                OTG_FS_IRQHandler
 .text.HAL_PCD_SetupStageCallback
                0x08003cd0        0xe ./src/usbd_conf.o
                0x08003cd0                HAL_PCD_SetupStageCallback
 .text.HAL_PCD_DataOutStageCallback
                0x08003cde       0x12 ./src/usbd_conf.o
                0x08003cde                HAL_PCD_DataOutStageCallback
 .text.HAL_PCD_DataInStageCallback
                0x08003cf0       0x10 ./src/usbd_conf.o
                0x08003cf0                HAL_PCD_DataInStageCallback
 .text.HAL_PCD_SOFCallback
                0x08003d00        0x8 ./src/usbd_conf.o
                0x08003d00                HAL_PCD_SOFCallback
 .text.HAL_PCD_ResetCallback
                0x08003d08       0x20 ./src/usbd_conf.o
                0x08003d08                HAL_PCD_ResetCallback
 .text.HAL_PCD_SuspendCallback
                0x08003d28        0x8 ./src/usbd_conf.o
                0x08003d28                HAL_PCD_SuspendCallback
 .text.HAL_PCD_ResumeCallback
                0x08003d30        0x8 ./src/usbd_conf.o
                0x08003d30                HAL_PCD_ResumeCallback
 .text.HAL_PCD_ISOOUTIncompleteCallback
                0x08003d38        0x8 ./src/usbd_conf.o
                0x08003d38                HAL_PCD_ISOOUTIncompleteCallback
 .text.HAL_PCD_ISOINIncompleteCallback
                0x08003d40        0x8 ./src/usbd_conf.o
                0x08003d40                HAL_PCD_ISOINIncompleteCallback
 .text.HAL_PCD_ConnectCallback
                0x08003d48        0x8 ./src/usbd_conf.o
                0x08003d48                HAL_PCD_ConnectCallback
 .text.HAL_PCD_DisconnectCallback
                0x08003d50        0x8 ./src/usbd_conf.o
                0x08003d50                HAL_PCD_DisconnectCallback
 .text.USBD_LL_OpenEP
                0x08003d58       0x14 ./src/usbd_conf.o
                0x08003d58                USBD_LL_OpenEP
 .text.USBD_LL_StallEP
                0x08003d6c        0xe ./src/usbd_conf.o
                0x08003d6c                USBD_LL_StallEP
 .text.USBD_LL_ClearStallEP
                0x08003d7a        0xe ./src/usbd_conf.o
                0x08003d7a                USBD_LL_ClearStallEP
 .text.USBD_LL_IsStallEP
                0x08003d88       0x26 ./src/usbd_conf.o
                0x08003d88                USBD_LL_IsStallEP
 .text.USBD_LL_SetUSBAddress
                0x08003dae        0xe ./src/usbd_conf.o
                0x08003dae                USBD_LL_SetUSBAddress
 .text.USBD_LL_Transmit
                0x08003dbc        0xe ./src/usbd_conf.o
                0x08003dbc                USBD_LL_Transmit
 .text.USBD_LL_PrepareReceive
                0x08003dca        0xe ./src/usbd_conf.o
                0x08003dca                USBD_LL_PrepareReceive
 .text.USBD_SetClassConfig
                0x08003dd8       0x16 ./USB/Core/Src/usbd_core.o
                0x08003dd8                USBD_SetClassConfig
 .text.USBD_ClrClassConfig
                0x08003dee        0xe ./USB/Core/Src/usbd_core.o
                0x08003dee                USBD_ClrClassConfig
 .text.USBD_LL_SetupStage
                0x08003dfc       0x5a ./USB/Core/Src/usbd_core.o
                0x08003dfc                USBD_LL_SetupStage
 .text.USBD_LL_DataOutStage
                0x08003e56       0x60 ./USB/Core/Src/usbd_core.o
                0x08003e56                USBD_LL_DataOutStage
 .text.USBD_LL_DataInStage
                0x08003eb6       0x88 ./USB/Core/Src/usbd_core.o
                0x08003eb6                USBD_LL_DataInStage
 .text.USBD_LL_Reset
                0x08003f3e       0x3e ./USB/Core/Src/usbd_core.o
                0x08003f3e                USBD_LL_Reset
 .text.USBD_LL_SetSpeed
                0x08003f7c        0x6 ./USB/Core/Src/usbd_core.o
                0x08003f7c                USBD_LL_SetSpeed
 .text.USBD_LL_Suspend
                0x08003f82       0x12 ./USB/Core/Src/usbd_core.o
                0x08003f82                USBD_LL_Suspend
 .text.USBD_LL_Resume
                0x08003f94        0xc ./USB/Core/Src/usbd_core.o
                0x08003f94                USBD_LL_Resume
 .text.USBD_LL_SOF
                0x08003fa0       0x18 ./USB/Core/Src/usbd_core.o
                0x08003fa0                USBD_LL_SOF
 .text.USBD_LL_IsoINIncomplete
                0x08003fb8        0x4 ./USB/Core/Src/usbd_core.o
                0x08003fb8                USBD_LL_IsoINIncomplete
 .text.USBD_LL_IsoOUTIncomplete
                0x08003fbc        0x4 ./USB/Core/Src/usbd_core.o
                0x08003fbc                USBD_LL_IsoOUTIncomplete
 .text.USBD_LL_DevConnected
                0x08003fc0        0x4 ./USB/Core/Src/usbd_core.o
                0x08003fc0                USBD_LL_DevConnected
 .text.USBD_LL_DevDisconnected
                0x08003fc4       0x16 ./USB/Core/Src/usbd_core.o
                0x08003fc4                USBD_LL_DevDisconnected
 .text.USBD_ParseSetupRequest
                0x08003fda       0x28 ./USB/Core/Src/usbd_ctlreq.o
                0x08003fda                USBD_ParseSetupRequest
 .text.USBD_CtlError
                0x08004002       0x16 ./USB/Core/Src/usbd_ctlreq.o
                0x08004002                USBD_CtlError
 .text.USBD_StdDevReq
                0x08004018      0x218 ./USB/Core/Src/usbd_ctlreq.o
                0x08004018                USBD_StdDevReq
 .text.USBD_StdItfReq
                0x08004230       0x30 ./USB/Core/Src/usbd_ctlreq.o
                0x08004230                USBD_StdItfReq
 .text.USBD_StdEPReq
                0x08004260       0xb2 ./USB/Core/Src/usbd_ctlreq.o
                0x08004260                USBD_StdEPReq
 .text.USBD_CtlSendData
                0x08004312       0x1c ./USB/Core/Src/usbd_ioreq.o
                0x08004312                USBD_CtlSendData
 .text.USBD_CtlContinueSendData
                0x0800432e       0x12 ./USB/Core/Src/usbd_ioreq.o
                0x0800432e                USBD_CtlContinueSendData
 .text.USBD_CtlContinueRx
                0x08004340       0x12 ./USB/Core/Src/usbd_ioreq.o
                0x08004340                USBD_CtlContinueRx
 .text.USBD_CtlSendStatus
                0x08004352       0x16 ./USB/Core/Src/usbd_ioreq.o
                0x08004352                USBD_CtlSendStatus
 .text.USBD_CtlReceiveStatus
                0x08004368       0x16 ./USB/Core/Src/usbd_ioreq.o
                0x08004368                USBD_CtlReceiveStatus
 *fill*         0x0800437e        0x2 
 .text          0x08004380      0x370 e:/arm_toolchains/gccarm/bin/../lib/gcc/arm-none-eabi/4.9.3/armv7e-m/fpu\libgcc.a(_arm_addsubdf3.o)
                0x08004380                __aeabi_drsub
                0x08004388                __aeabi_dsub
                0x08004388                __subdf3
                0x0800438c                __aeabi_dadd
                0x0800438c                __adddf3
                0x08004604                __floatunsidf
                0x08004604                __aeabi_ui2d
                0x08004624                __floatsidf
                0x08004624                __aeabi_i2d
                0x08004648                __aeabi_f2d
                0x08004648                __extendsfdf2
                0x08004684                __floatundidf
                0x08004684                __aeabi_ul2d
                0x08004694                __floatdidf
                0x08004694                __aeabi_l2d
 .text          0x080046f0      0x424 e:/arm_toolchains/gccarm/bin/../lib/gcc/arm-none-eabi/4.9.3/armv7e-m/fpu\libgcc.a(_arm_muldivdf3.o)
                0x080046f0                __aeabi_dmul
                0x080046f0                __muldf3
                0x08004944                __divdf3
                0x08004944                __aeabi_ddiv
 .text          0x08004b14       0x50 e:/arm_toolchains/gccarm/bin/../lib/gcc/arm-none-eabi/4.9.3/armv7e-m/fpu\libgcc.a(_arm_fixdfsi.o)
                0x08004b14                __aeabi_d2iz
                0x08004b14                __fixdfsi
 .text.atoi     0x08004b64        0x8 e:/arm_toolchains/gccarm/bin/../lib/gcc/arm-none-eabi/4.9.3/../../../../arm-none-eabi/lib/armv7e-m/fpu\libg_nano.a(lib_a-atoi.o)
                0x08004b64                atoi
 .text.__errno  0x08004b6c        0xc e:/arm_toolchains/gccarm/bin/../lib/gcc/arm-none-eabi/4.9.3/../../../../arm-none-eabi/lib/armv7e-m/fpu\libg_nano.a(lib_a-errno.o)
                0x08004b6c                __errno
 .text.malloc   0x08004b78       0x10 e:/arm_toolchains/gccarm/bin/../lib/gcc/arm-none-eabi/4.9.3/../../../../arm-none-eabi/lib/armv7e-m/fpu\libg_nano.a(lib_a-malloc.o)
                0x08004b78                malloc
 .text.memset   0x08004b88       0x10 e:/arm_toolchains/gccarm/bin/../lib/gcc/arm-none-eabi/4.9.3/../../../../arm-none-eabi/lib/armv7e-m/fpu\libg_nano.a(lib_a-memset.o)
                0x08004b88                memset
 .text._free_r  0x08004b98       0x88 e:/arm_toolchains/gccarm/bin/../lib/gcc/arm-none-eabi/4.9.3/../../../../arm-none-eabi/lib/armv7e-m/fpu\libg_nano.a(lib_a-nano-freer.o)
                0x08004b98                _free_r
 .text._malloc_r
                0x08004c20       0xac e:/arm_toolchains/gccarm/bin/../lib/gcc/arm-none-eabi/4.9.3/../../../../arm-none-eabi/lib/armv7e-m/fpu\libg_nano.a(lib_a-nano-mallocr.o)
                0x08004c20                _malloc_r
 .text.printf   0x08004ccc       0x30 e:/arm_toolchains/gccarm/bin/../lib/gcc/arm-none-eabi/4.9.3/../../../../arm-none-eabi/lib/armv7e-m/fpu\libg_nano.a(lib_a-printf.o)
                0x08004ccc                iprintf
                0x08004ccc                printf
 .text._puts_r  0x08004cfc       0xbc e:/arm_toolchains/gccarm/bin/../lib/gcc/arm-none-eabi/4.9.3/../../../../arm-none-eabi/lib/armv7e-m/fpu\libg_nano.a(lib_a-puts.o)
                0x08004cfc                _puts_r
 .text.puts     0x08004db8       0x10 e:/arm_toolchains/gccarm/bin/../lib/gcc/arm-none-eabi/4.9.3/../../../../arm-none-eabi/lib/armv7e-m/fpu\libg_nano.a(lib_a-puts.o)
                0x08004db8                puts
 .text._sbrk_r  0x08004dc8       0x20 e:/arm_toolchains/gccarm/bin/../lib/gcc/arm-none-eabi/4.9.3/../../../../arm-none-eabi/lib/armv7e-m/fpu\libg_nano.a(lib_a-sbrkr.o)
                0x08004dc8                _sbrk_r
 .text          0x08004de8       0x14 e:/arm_toolchains/gccarm/bin/../lib/gcc/arm-none-eabi/4.9.3/../../../../arm-none-eabi/lib/armv7e-m/fpu\libg_nano.a(lib_a-strcmp.o)
                0x08004de8                strcmp
 .text.strtok   0x08004dfc       0x64 e:/arm_toolchains/gccarm/bin/../lib/gcc/arm-none-eabi/4.9.3/../../../../arm-none-eabi/lib/armv7e-m/fpu\libg_nano.a(lib_a-strtok.o)
                0x08004dfc                strtok
 .text.__strtok_r
                0x08004e60       0x56 e:/arm_toolchains/gccarm/bin/../lib/gcc/arm-none-eabi/4.9.3/../../../../arm-none-eabi/lib/armv7e-m/fpu\libg_nano.a(lib_a-strtok_r.o)
                0x08004e60                __strtok_r
 *fill*         0x08004eb6        0x2 
 .text._strtol_r
                0x08004eb8      0x10c e:/arm_toolchains/gccarm/bin/../lib/gcc/arm-none-eabi/4.9.3/../../../../arm-none-eabi/lib/armv7e-m/fpu\libg_nano.a(lib_a-strtol.o)
                0x08004eb8                _strtol_r
 .text.strtol   0x08004fc4       0x1c e:/arm_toolchains/gccarm/bin/../lib/gcc/arm-none-eabi/4.9.3/../../../../arm-none-eabi/lib/armv7e-m/fpu\libg_nano.a(lib_a-strtol.o)
                0x08004fc4                strtol
 .text.__swbuf_r
                0x08004fe0       0xa8 e:/arm_toolchains/gccarm/bin/../lib/gcc/arm-none-eabi/4.9.3/../../../../arm-none-eabi/lib/armv7e-m/fpu\libg_nano.a(lib_a-wbuf.o)
                0x08004fe0                __swbuf_r
 .text.__swsetup_r
                0x08005088       0xd8 e:/arm_toolchains/gccarm/bin/../lib/gcc/arm-none-eabi/4.9.3/../../../../arm-none-eabi/lib/armv7e-m/fpu\libg_nano.a(lib_a-wsetup.o)
                0x08005088                __swsetup_r
 .text.__sflush_r
                0x08005160      0x108 e:/arm_toolchains/gccarm/bin/../lib/gcc/arm-none-eabi/4.9.3/../../../../arm-none-eabi/lib/armv7e-m/fpu\libg_nano.a(lib_a-fflush.o)
                0x08005160                __sflush_r
 .text._fflush_r
                0x08005268       0x54 e:/arm_toolchains/gccarm/bin/../lib/gcc/arm-none-eabi/4.9.3/../../../../arm-none-eabi/lib/armv7e-m/fpu\libg_nano.a(lib_a-fflush.o)
                0x08005268                _fflush_r
 .text._cleanup_r
                0x080052bc        0xc e:/arm_toolchains/gccarm/bin/../lib/gcc/arm-none-eabi/4.9.3/../../../../arm-none-eabi/lib/armv7e-m/fpu\libg_nano.a(lib_a-findfp.o)
                0x080052bc                _cleanup_r
 .text.std.isra.0
                0x080052c8       0x48 e:/arm_toolchains/gccarm/bin/../lib/gcc/arm-none-eabi/4.9.3/../../../../arm-none-eabi/lib/armv7e-m/fpu\libg_nano.a(lib_a-findfp.o)
 .text.__sfmoreglue
                0x08005310       0x2c e:/arm_toolchains/gccarm/bin/../lib/gcc/arm-none-eabi/4.9.3/../../../../arm-none-eabi/lib/armv7e-m/fpu\libg_nano.a(lib_a-findfp.o)
                0x08005310                __sfmoreglue
 .text.__sinit  0x0800533c       0x60 e:/arm_toolchains/gccarm/bin/../lib/gcc/arm-none-eabi/4.9.3/../../../../arm-none-eabi/lib/armv7e-m/fpu\libg_nano.a(lib_a-findfp.o)
                0x0800533c                __sinit
 .text.__sfp    0x0800539c       0x74 e:/arm_toolchains/gccarm/bin/../lib/gcc/arm-none-eabi/4.9.3/../../../../arm-none-eabi/lib/armv7e-m/fpu\libg_nano.a(lib_a-findfp.o)
                0x0800539c                __sfp
 .text._fwalk_reent
                0x08005410       0x3c e:/arm_toolchains/gccarm/bin/../lib/gcc/arm-none-eabi/4.9.3/../../../../arm-none-eabi/lib/armv7e-m/fpu\libg_nano.a(lib_a-fwalk.o)
                0x08005410                _fwalk_reent
 .text.__smakebuf_r
                0x0800544c       0x9c e:/arm_toolchains/gccarm/bin/../lib/gcc/arm-none-eabi/4.9.3/../../../../arm-none-eabi/lib/armv7e-m/fpu\libg_nano.a(lib_a-makebuf.o)
                0x0800544c                __smakebuf_r
 .text.__sfputc_r
                0x080054e8       0x2c e:/arm_toolchains/gccarm/bin/../lib/gcc/arm-none-eabi/4.9.3/../../../../arm-none-eabi/lib/armv7e-m/fpu\libg_nano.a(lib_a-nano-vfprintf.o)
 .text.__sfputs_r
                0x08005514       0x24 e:/arm_toolchains/gccarm/bin/../lib/gcc/arm-none-eabi/4.9.3/../../../../arm-none-eabi/lib/armv7e-m/fpu\libg_nano.a(lib_a-nano-vfprintf.o)
                0x08005514                __sfputs_r
 .text._vfprintf_r
                0x08005538      0x210 e:/arm_toolchains/gccarm/bin/../lib/gcc/arm-none-eabi/4.9.3/../../../../arm-none-eabi/lib/armv7e-m/fpu\libg_nano.a(lib_a-nano-vfprintf.o)
                0x08005538                _vfprintf_r
                0x08005538                _vfiprintf_r
 .text._printf_common
                0x08005748       0xea e:/arm_toolchains/gccarm/bin/../lib/gcc/arm-none-eabi/4.9.3/../../../../arm-none-eabi/lib/armv7e-m/fpu\libg_nano.a(lib_a-nano-vfprintf_i.o)
                0x08005748                _printf_common
 *fill*         0x08005832        0x2 
 .text._printf_i
                0x08005834      0x234 e:/arm_toolchains/gccarm/bin/../lib/gcc/arm-none-eabi/4.9.3/../../../../arm-none-eabi/lib/armv7e-m/fpu\libg_nano.a(lib_a-nano-vfprintf_i.o)
                0x08005834                _printf_i
 .text.__sread  0x08005a68       0x22 e:/arm_toolchains/gccarm/bin/../lib/gcc/arm-none-eabi/4.9.3/../../../../arm-none-eabi/lib/armv7e-m/fpu\libg_nano.a(lib_a-stdio.o)
                0x08005a68                __sread
 .text.__swrite
                0x08005a8a       0x38 e:/arm_toolchains/gccarm/bin/../lib/gcc/arm-none-eabi/4.9.3/../../../../arm-none-eabi/lib/armv7e-m/fpu\libg_nano.a(lib_a-stdio.o)
                0x08005a8a                __swrite
 .text.__sseek  0x08005ac2       0x24 e:/arm_toolchains/gccarm/bin/../lib/gcc/arm-none-eabi/4.9.3/../../../../arm-none-eabi/lib/armv7e-m/fpu\libg_nano.a(lib_a-stdio.o)
                0x08005ac2                __sseek
 .text.__sclose
                0x08005ae6        0x8 e:/arm_toolchains/gccarm/bin/../lib/gcc/arm-none-eabi/4.9.3/../../../../arm-none-eabi/lib/armv7e-m/fpu\libg_nano.a(lib_a-stdio.o)
                0x08005ae6                __sclose
 *fill*         0x08005aee        0x2 
 .text._write_r
                0x08005af0       0x24 e:/arm_toolchains/gccarm/bin/../lib/gcc/arm-none-eabi/4.9.3/../../../../arm-none-eabi/lib/armv7e-m/fpu\libg_nano.a(lib_a-writer.o)
                0x08005af0                _write_r
 .text._close_r
                0x08005b14       0x20 e:/arm_toolchains/gccarm/bin/../lib/gcc/arm-none-eabi/4.9.3/../../../../arm-none-eabi/lib/armv7e-m/fpu\libg_nano.a(lib_a-closer.o)
                0x08005b14                _close_r
 .text._fstat_r
                0x08005b34       0x24 e:/arm_toolchains/gccarm/bin/../lib/gcc/arm-none-eabi/4.9.3/../../../../arm-none-eabi/lib/armv7e-m/fpu\libg_nano.a(lib_a-fstatr.o)
                0x08005b34                _fstat_r
 .text._isatty_r
                0x08005b58       0x20 e:/arm_toolchains/gccarm/bin/../lib/gcc/arm-none-eabi/4.9.3/../../../../arm-none-eabi/lib/armv7e-m/fpu\libg_nano.a(lib_a-isattyr.o)
                0x08005b58                _isatty_r
 .text._lseek_r
                0x08005b78       0x24 e:/arm_toolchains/gccarm/bin/../lib/gcc/arm-none-eabi/4.9.3/../../../../arm-none-eabi/lib/armv7e-m/fpu\libg_nano.a(lib_a-lseekr.o)
                0x08005b78                _lseek_r
 .text.memchr   0x08005b9c       0x1e e:/arm_toolchains/gccarm/bin/../lib/gcc/arm-none-eabi/4.9.3/../../../../arm-none-eabi/lib/armv7e-m/fpu\libg_nano.a(lib_a-memchr.o)
                0x08005b9c                memchr
 *fill*         0x08005bba        0x2 
 .text._read_r  0x08005bbc       0x24 e:/arm_toolchains/gccarm/bin/../lib/gcc/arm-none-eabi/4.9.3/../../../../arm-none-eabi/lib/armv7e-m/fpu\libg_nano.a(lib_a-readr.o)
                0x08005bbc                _read_r
 *(.rodata .rodata.* .constdata .constdata.*)
 .rodata.APBAHBPrescTable
                0x08005be0       0x10 ./system/src/stm32f4-hal/stm32f4xx_hal_rcc.o
                0x08005be0                APBAHBPrescTable
 .rodata.LEDS_PIN
                0x08005bf0        0xa ./src/leds.o
                0x08005bf0                LEDS_PIN
 .rodata.str1.1
                0x08005bfa       0x5b ./src/main.o
                                 0x5d (size before relaxing)
 *fill*         0x08005c55        0x1 
 .rodata.MOTORES_PIN
                0x08005c56        0xa ./src/motores.o
                0x08005c56                MOTORES_PIN
 .rodata.EMISSORES_PIN
                0x08005c60        0x8 ./src/sensores.o
                0x08005c60                EMISSORES_PIN
 .rodata.ANALOGICAS_PIN
                0x08005c68        0x6 ./src/sensores.o
                0x08005c68                ANALOGICAS_PIN
 .rodata.str1.1
                0x08005c6e       0x21 ./src/sensores.o
 *fill*         0x08005c8f        0x1 
 .rodata.RECEPTORES_PIN
                0x08005c90       0x14 ./src/sensores.o
                0x08005c90                RECEPTORES_PIN
 .rodata.str1.1
                0x08005ca4       0xa7 ./src/usart1.o
 .rodata.str1.1
                0x08005d4b        0x2 e:/arm_toolchains/gccarm/bin/../lib/gcc/arm-none-eabi/4.9.3/../../../../arm-none-eabi/lib/armv7e-m/fpu\libg_nano.a(lib_a-impure.o)
 *fill*         0x08005d4d        0x3 
 .rodata._global_impure_ptr
                0x08005d50        0x4 e:/arm_toolchains/gccarm/bin/../lib/gcc/arm-none-eabi/4.9.3/../../../../arm-none-eabi/lib/armv7e-m/fpu\libg_nano.a(lib_a-impure.o)
                0x08005d50                _global_impure_ptr
 .rodata._ctype_
                0x08005d54      0x101 e:/arm_toolchains/gccarm/bin/../lib/gcc/arm-none-eabi/4.9.3/../../../../arm-none-eabi/lib/armv7e-m/fpu\libg_nano.a(lib_a-ctype_.o)
                0x08005d54                _ctype_
 *fill*         0x08005e55        0x3 
 .rodata.__sf_fake_stdin
                0x08005e58       0x20 e:/arm_toolchains/gccarm/bin/../lib/gcc/arm-none-eabi/4.9.3/../../../../arm-none-eabi/lib/armv7e-m/fpu\libg_nano.a(lib_a-findfp.o)
                0x08005e58                __sf_fake_stdin
 .rodata.__sf_fake_stdout
                0x08005e78       0x20 e:/arm_toolchains/gccarm/bin/../lib/gcc/arm-none-eabi/4.9.3/../../../../arm-none-eabi/lib/armv7e-m/fpu\libg_nano.a(lib_a-findfp.o)
                0x08005e78                __sf_fake_stdout
 .rodata.__sf_fake_stderr
                0x08005e98       0x20 e:/arm_toolchains/gccarm/bin/../lib/gcc/arm-none-eabi/4.9.3/../../../../arm-none-eabi/lib/armv7e-m/fpu\libg_nano.a(lib_a-findfp.o)
                0x08005e98                __sf_fake_stderr
 .rodata.str1.1
                0x08005eb8       0x11 e:/arm_toolchains/gccarm/bin/../lib/gcc/arm-none-eabi/4.9.3/../../../../arm-none-eabi/lib/armv7e-m/fpu\libg_nano.a(lib_a-nano-vfprintf.o)
 .rodata.str1.1
                0x08005ec9       0x22 e:/arm_toolchains/gccarm/bin/../lib/gcc/arm-none-eabi/4.9.3/../../../../arm-none-eabi/lib/armv7e-m/fpu\libg_nano.a(lib_a-nano-vfprintf_i.o)
 *(vtable)
 *(.eh_frame*)
 *fill*         0x08005eeb        0x1 
 .eh_frame      0x08005eec       0x28 e:/arm_toolchains/gccarm/bin/../lib/gcc/arm-none-eabi/4.9.3/../../../../arm-none-eabi/lib/armv7e-m/fpu\libg_nano.a(lib_a-strcmp.o)
 *(.glue_7)
 .glue_7        0x00000000        0x0 linker stubs
 *(.glue_7t)
 .glue_7t       0x00000000        0x0 linker stubs

.vfp11_veneer   0x08005f14        0x0
 .vfp11_veneer  0x00000000        0x0 linker stubs

.v4_bx          0x08005f14        0x0
 .v4_bx         0x00000000        0x0 linker stubs

.iplt           0x08005f14        0x0
 .iplt          0x00000000        0x0 ./system/src/stm32f4-hal/stm32f4xx_hal.o

.rel.dyn        0x08005f14        0x0
 .rel.iplt      0x00000000        0x0 ./system/src/stm32f4-hal/stm32f4xx_hal.o

.ARM.extab
 *(.ARM.extab* .gnu.linkonce.armextab.*)
                0x08005f14                . = ALIGN (0x4)
                0x08005f14                __exidx_start = .

.ARM.exidx
 *(.ARM.exidx* .gnu.linkonce.armexidx.*)
                0x08005f14                __exidx_end = .
                0x08005f14                . = ALIGN (0x4)
                0x08005f14                _etext = .
                0x08005f14                __etext = .

.data_CCMRAM    0x10000000        0x0 load address 0x08005f14
 FILL mask 0xff
 *(.data.CCMRAM .data.CCMRAM.*)
                0x10000000                . = ALIGN (0x4)
                0x08005f14                _sidata = LOADADDR (.data)

.data           0x20000000       0xe0 load address 0x08005f14
 FILL mask 0xff
                0x20000000                _sdata = .
                0x20000000                __data_start__ = .
 *(.data_begin .data_begin.*)
 *(.data .data.*)
 .data.argv.4510
                0x20000000        0x8 ./system/src/newlib/_syscalls.o
 .data.SystemCoreClock
                0x20000008        0x4 ./system/src/cmsis/system_stm32f4xx.o
                0x20000008                SystemCoreClock
 .data.LEDS_PORT
                0x2000000c       0x14 ./src/leds.o
                0x2000000c                LEDS_PORT
 .data.MOTORES_PORT
                0x20000020       0x14 ./src/motores.o
                0x20000020                MOTORES_PORT
 .data.EMISSORES_PORT
                0x20000034       0x10 ./src/sensores.o
                0x20000034                EMISSORES_PORT
 .data.RECEPTORES_PORT
                0x20000044       0x28 ./src/sensores.o
                0x20000044                RECEPTORES_PORT
 .data.ANALOGICAS_PORT
                0x2000006c        0xc ./src/sensores.o
                0x2000006c                ANALOGICAS_PORT
 .data.impure_data
                0x20000078       0x60 e:/arm_toolchains/gccarm/bin/../lib/gcc/arm-none-eabi/4.9.3/../../../../arm-none-eabi/lib/armv7e-m/fpu\libg_nano.a(lib_a-impure.o)
 .data._impure_ptr
                0x200000d8        0x4 e:/arm_toolchains/gccarm/bin/../lib/gcc/arm-none-eabi/4.9.3/../../../../arm-none-eabi/lib/armv7e-m/fpu\libg_nano.a(lib_a-impure.o)
                0x200000d8                _impure_ptr
 .data.__ctype_ptr__
                0x200000dc        0x4 e:/arm_toolchains/gccarm/bin/../lib/gcc/arm-none-eabi/4.9.3/../../../../arm-none-eabi/lib/armv7e-m/fpu\libg_nano.a(lib_a-ctype_.o)
                0x200000dc                __ctype_ptr__
 *(.data_end .data_end.*)
                0x200000e0                . = ALIGN (0x4)
                0x200000e0                _edata = .
                0x200000e0                __data_end__ = .

.igot.plt       0x200000e0        0x0 load address 0x08005ff4
 .igot.plt      0x00000000        0x0 ./system/src/stm32f4-hal/stm32f4xx_hal.o

.bss_CCMRAM     0x10000000        0x0
 *(.bss.CCMRAM .bss.CCMRAM.*)

.bss            0x200000e0      0x9ec
                0x200000e0                __bss_start__ = .
                0x200000e0                _sbss = .
 *(.bss_begin .bss_begin.*)
 *(.bss .bss.*)
 .bss.uwTick    0x200000e0        0x4 ./system/src/stm32f4-hal/stm32f4xx_hal.o
 .bss.current_heap_end.4304
                0x200000e4        0x4 ./system/src/newlib/_sbrk.o
 .bss.name.4509
                0x200000e8        0x1 ./system/src/newlib/_syscalls.o
 *fill*         0x200000e9        0x3 
 .bss.ticks     0x200000ec        0x4 ./src/main.o
                0x200000ec                ticks
 .bss.run       0x200000f0        0x1 ./src/main.o
                0x200000f0                run
 .bss.marker_intersection.10946
                0x200000f1        0x1 ./src/sensores.o
 .bss.fmarker.10947
                0x200000f2        0x1 ./src/sensores.o
 *fill*         0x200000f3        0x1 
 .bss.frun.10945
                0x200000f4        0x4 ./src/sensores.o
 .bss.marker_corner.10943
                0x200000f8        0x4 ./src/sensores.o
 .bss.marker_start_goal.10944
                0x200000fc        0x4 ./src/sensores.o
 .bss.rightEncoderChange
                0x20000100        0x4 ./src/speed_control.o
                0x20000100                rightEncoderChange
 .bss.encoderChange
                0x20000104        0x4 ./src/speed_control.o
                0x20000104                encoderChange
 .bss.oldPosErrorW
                0x20000108        0x4 ./src/speed_control.o
                0x20000108                oldPosErrorW
 .bss.distance  0x2000010c        0x4 ./src/speed_control.o
                0x2000010c                distance
 .bss.decX      0x20000110        0x4 ./src/speed_control.o
                0x20000110                decX
 .bss.rightEncoderOld
                0x20000114        0x4 ./src/speed_control.o
                0x20000114                rightEncoderOld
 .bss.distanceLeft
                0x20000118        0x4 ./src/speed_control.o
                0x20000118                distanceLeft
 .bss.oldPosErrorX
                0x2000011c        0x4 ./src/speed_control.o
                0x2000011c                oldPosErrorX
 .bss.accW      0x20000120        0x4 ./src/speed_control.o
                0x20000120                accW
 .bss.accX      0x20000124        0x4 ./src/speed_control.o
                0x20000124                accX
 .bss.endSpeedW
                0x20000128        0x4 ./src/speed_control.o
                0x20000128                endSpeedW
 .bss.endSpeedX
                0x2000012c        0x4 ./src/speed_control.o
                0x2000012c                endSpeedX
 .bss.leftEncoderCount
                0x20000130        0x4 ./src/speed_control.o
                0x20000130                leftEncoderCount
 .bss.index_buffer
                0x20000134        0x1 ./src/speed_control.o
                0x20000134                index_buffer
 *fill*         0x20000135        0x3 
 .bss.leftEncoderOld
                0x20000138        0x4 ./src/speed_control.o
                0x20000138                leftEncoderOld
 .bss.rightEncoderCount
                0x2000013c        0x4 ./src/speed_control.o
                0x2000013c                rightEncoderCount
 .bss.targetSpeedW
                0x20000140        0x4 ./src/speed_control.o
                0x20000140                targetSpeedW
 .bss.targetSpeedX
                0x20000144        0x4 ./src/speed_control.o
                0x20000144                targetSpeedX
 .bss.posErrorW
                0x20000148        0x4 ./src/speed_control.o
                0x20000148                posErrorW
 .bss.posErrorX
                0x2000014c        0x4 ./src/speed_control.o
                0x2000014c                posErrorX
 .bss.distance_mm
                0x20000150        0x4 ./src/speed_control.o
                0x20000150                distance_mm
 .bss.leftEncoderChange
                0x20000154        0x4 ./src/speed_control.o
                0x20000154                leftEncoderChange
 .bss.curSpeedW
                0x20000158        0x4 ./src/speed_control.o
                0x20000158                curSpeedW
 .bss.curSpeedX
                0x2000015c        0x4 ./src/speed_control.o
                0x2000015c                curSpeedX
 .bss.oldSensorError
                0x20000160        0x4 ./src/speed_control.o
                0x20000160                oldSensorError
 .bss.decW      0x20000164        0x4 ./src/speed_control.o
                0x20000164                decW
 .bss.encoderCount
                0x20000168        0x4 ./src/speed_control.o
                0x20000168                encoderCount
 .bss.i.10922   0x2000016c        0x4 ./src/usart1.o
 .bss.rx_available
                0x20000170        0x4 ./src/usart1.o
                0x20000170                rx_available
 .bss.pos.10916
                0x20000174        0x4 ./src/usart1.o
 .bss.cfgidx.10693
                0x20000178        0x1 ./USB/Core/Src/usbd_ctlreq.o
 *fill*         0x20000179        0x3 
 .bss.__malloc_sbrk_start
                0x2000017c        0x4 e:/arm_toolchains/gccarm/bin/../lib/gcc/arm-none-eabi/4.9.3/../../../../arm-none-eabi/lib/armv7e-m/fpu\libg_nano.a(lib_a-nano-mallocr.o)
                0x2000017c                __malloc_sbrk_start
 .bss.__malloc_free_list
                0x20000180        0x4 e:/arm_toolchains/gccarm/bin/../lib/gcc/arm-none-eabi/4.9.3/../../../../arm-none-eabi/lib/armv7e-m/fpu\libg_nano.a(lib_a-nano-mallocr.o)
                0x20000180                __malloc_free_list
 *(COMMON)
 COMMON         0x20000184       0x1c ./system/src/stm32f4-hal/stm32f4xx_hal_flash.o
                0x20000184                pFlash
 COMMON         0x200001a0        0x4 ./system/src/newlib/_syscalls.o
                0x200001a0                errno
 COMMON         0x200001a4        0x4 ./src/buzzer.o
                0x200001a4                buzzerTime
 COMMON         0x200001a8       0x78 ./src/encoders.o
                0x200001a8                htim5
                0x200001e4                htim2
 COMMON         0x20000220       0x2c ./src/main.o
                0x20000220                param_pid_kp
                0x20000224                param_speedX_min
                0x20000228                param_pid_ki
                0x2000022c                param_accX
                0x20000230                param_speedX_max
                0x20000234                param_pid_kd
                0x20000238                param_speedX_med
                0x2000023c                param_pid_offset
                0x20000240                param_a
                0x20000244                param_accC
                0x20000248                param_b
 COMMON         0x2000024c       0x3c ./src/motores.o
                0x2000024c                TimHandle
 COMMON         0x20000288       0x44 ./src/sensores.o
                0x20000288                hadc1
 COMMON         0x200002cc      0x35c ./src/speed_control.o
                0x200002cc                htim3
                0x20000308                bufferSpeeds
 COMMON         0x20000628       0xf4 ./src/usart1.o
                0x20000628                RxByte
                0x2000062c                huart1
                0x20000668                hdma_tx
                0x200006b8                RxBuffer
 COMMON         0x2000071c      0x3b0 ./src/usbd_conf.o
                0x2000071c                hpcd
 *(.bss_end .bss_end.*)
                0x20000acc                . = ALIGN (0x4)
                0x20000acc                __bss_end__ = .
                0x20000acc                _ebss = .

.noinit_CCMRAM
 *(.noinit.CCMRAM .noinit.CCMRAM.*)

.noinit         0x20000acc        0x0
                0x20000acc                _noinit = .
 *(.noinit .noinit.*)
                0x20000acc                . = ALIGN (0x4)
                0x20000acc                _end_noinit = .
                0x20000acc                PROVIDE (end, _end_noinit)
                0x20000acc                PROVIDE (_end, _end_noinit)
                0x20000acc                PROVIDE (__end, _end_noinit)
                0x20000acc                PROVIDE (__end__, _end_noinit)

._check_stack   0x20000acc      0x100
                0x20000bcc                . = (. + _Minimum_Stack_Size)
 *fill*         0x20000acc      0x100 

.b1text
 *(.b1text)
 *(.b1rodata)
 *(.b1rodata.*)

.eb0text
 *(.eb0text)
 *(.eb0rodata)
 *(.eb0rodata.*)

.eb1text
 *(.eb1text)
 *(.eb1rodata)
 *(.eb1rodata.*)

.eb2text
 *(.eb2text)
 *(.eb2rodata)
 *(.eb2rodata.*)

.eb3text
 *(.eb3text)
 *(.eb3rodata)
 *(.eb3rodata.*)

.stab
 *(.stab)

.stabstr
 *(.stabstr)

.stab.excl
 *(.stab.excl)

.stab.exclstr
 *(.stab.exclstr)

.stab.index
 *(.stab.index)

.stab.indexstr
 *(.stab.indexstr)

.comment        0x00000000       0x70
 *(.comment)
 .comment       0x00000000       0x70 ./system/src/stm32f4-hal/stm32f4xx_hal.o
                                 0x71 (size before relaxing)
 .comment       0x00000000       0x71 ./system/src/stm32f4-hal/stm32f4xx_hal_adc.o
 .comment       0x00000000       0x71 ./system/src/stm32f4-hal/stm32f4xx_hal_cortex.o
 .comment       0x00000000       0x71 ./system/src/stm32f4-hal/stm32f4xx_hal_dma.o
 .comment       0x00000000       0x71 ./system/src/stm32f4-hal/stm32f4xx_hal_flash.o
 .comment       0x00000000       0x71 ./system/src/stm32f4-hal/stm32f4xx_hal_flash_ex.o
 .comment       0x00000000       0x71 ./system/src/stm32f4-hal/stm32f4xx_hal_gpio.o
 .comment       0x00000000       0x71 ./system/src/stm32f4-hal/stm32f4xx_hal_pcd.o
 .comment       0x00000000       0x71 ./system/src/stm32f4-hal/stm32f4xx_hal_rcc.o
 .comment       0x00000000       0x71 ./system/src/stm32f4-hal/stm32f4xx_hal_tim.o
 .comment       0x00000000       0x71 ./system/src/stm32f4-hal/stm32f4xx_hal_tim_ex.o
 .comment       0x00000000       0x71 ./system/src/stm32f4-hal/stm32f4xx_hal_uart.o
 .comment       0x00000000       0x71 ./system/src/stm32f4-hal/stm32f4xx_ll_usb.o
 .comment       0x00000000       0x71 ./system/src/newlib/_exit.o
 .comment       0x00000000       0x71 ./system/src/newlib/_sbrk.o
 .comment       0x00000000       0x71 ./system/src/newlib/_startup.o
 .comment       0x00000000       0x71 ./system/src/newlib/_syscalls.o
 .comment       0x00000000       0x71 ./system/src/cortexm/_initialize_hardware.o
 .comment       0x00000000       0x71 ./system/src/cortexm/_reset_hardware.o
 .comment       0x00000000       0x71 ./system/src/cortexm/exception_handlers.o
 .comment       0x00000000       0x71 ./system/src/cmsis/system_stm32f4xx.o
 .comment       0x00000000       0x71 ./system/src/cmsis/vectors_stm32f4xx.o
 .comment       0x00000000       0x71 ./src/_initialize_hardware.o
 .comment       0x00000000       0x71 ./src/botao.o
 .comment       0x00000000       0x71 ./src/buzzer.o
 .comment       0x00000000       0x71 ./src/delays.o
 .comment       0x00000000       0x71 ./src/encoders.o
 .comment       0x00000000       0x71 ./src/flash.o
 .comment       0x00000000       0x71 ./src/leds.o
 .comment       0x00000000       0x71 ./src/main.o
 .comment       0x00000000       0x71 ./src/motores.o
 .comment       0x00000000       0x71 ./src/rodinhas.o
 .comment       0x00000000       0x71 ./src/sensores.o
 .comment       0x00000000       0x71 ./src/speed_control.o
 .comment       0x00000000       0x71 ./src/stm32f4xx_it.o
 .comment       0x00000000       0x71 ./src/usart1.o
 .comment       0x00000000       0x71 ./src/usb_user.o
 .comment       0x00000000       0x71 ./src/usbd_conf.o
 .comment       0x00000000       0x71 ./USB/Core/Src/usbd_core.o
 .comment       0x00000000       0x71 ./USB/Core/Src/usbd_ctlreq.o
 .comment       0x00000000       0x71 ./USB/Core/Src/usbd_ioreq.o

.ARM.attributes
                0x00000000       0x37
 .ARM.attributes
                0x00000000       0x39 ./system/src/stm32f4-hal/stm32f4xx_hal.o
 .ARM.attributes
                0x00000039       0x39 ./system/src/stm32f4-hal/stm32f4xx_hal_adc.o
 .ARM.attributes
                0x00000072       0x39 ./system/src/stm32f4-hal/stm32f4xx_hal_cortex.o
 .ARM.attributes
                0x000000ab       0x39 ./system/src/stm32f4-hal/stm32f4xx_hal_dma.o
 .ARM.attributes
                0x000000e4       0x39 ./system/src/stm32f4-hal/stm32f4xx_hal_flash.o
 .ARM.attributes
                0x0000011d       0x39 ./system/src/stm32f4-hal/stm32f4xx_hal_flash_ex.o
 .ARM.attributes
                0x00000156       0x39 ./system/src/stm32f4-hal/stm32f4xx_hal_gpio.o
 .ARM.attributes
                0x0000018f       0x39 ./system/src/stm32f4-hal/stm32f4xx_hal_pcd.o
 .ARM.attributes
                0x000001c8       0x39 ./system/src/stm32f4-hal/stm32f4xx_hal_rcc.o
 .ARM.attributes
                0x00000201       0x39 ./system/src/stm32f4-hal/stm32f4xx_hal_tim.o
 .ARM.attributes
                0x0000023a       0x39 ./system/src/stm32f4-hal/stm32f4xx_hal_tim_ex.o
 .ARM.attributes
                0x00000273       0x39 ./system/src/stm32f4-hal/stm32f4xx_hal_uart.o
 .ARM.attributes
                0x000002ac       0x39 ./system/src/stm32f4-hal/stm32f4xx_ll_usb.o
 .ARM.attributes
                0x000002e5       0x39 ./system/src/newlib/_exit.o
 .ARM.attributes
                0x0000031e       0x39 ./system/src/newlib/_sbrk.o
 .ARM.attributes
                0x00000357       0x39 ./system/src/newlib/_startup.o
 .ARM.attributes
                0x00000390       0x39 ./system/src/newlib/_syscalls.o
 .ARM.attributes
                0x000003c9       0x39 ./system/src/cortexm/_initialize_hardware.o
 .ARM.attributes
                0x00000402       0x39 ./system/src/cortexm/_reset_hardware.o
 .ARM.attributes
                0x0000043b       0x39 ./system/src/cortexm/exception_handlers.o
 .ARM.attributes
                0x00000474       0x39 ./system/src/cmsis/system_stm32f4xx.o
 .ARM.attributes
                0x000004ad       0x39 ./system/src/cmsis/vectors_stm32f4xx.o
 .ARM.attributes
                0x000004e6       0x39 ./src/_initialize_hardware.o
 .ARM.attributes
                0x0000051f       0x39 ./src/botao.o
 .ARM.attributes
                0x00000558       0x39 ./src/buzzer.o
 .ARM.attributes
                0x00000591       0x39 ./src/delays.o
 .ARM.attributes
                0x000005ca       0x39 ./src/encoders.o
 .ARM.attributes
                0x00000603       0x39 ./src/flash.o
 .ARM.attributes
                0x0000063c       0x39 ./src/leds.o
 .ARM.attributes
                0x00000675       0x39 ./src/main.o
 .ARM.attributes
                0x000006ae       0x39 ./src/motores.o
 .ARM.attributes
                0x000006e7       0x39 ./src/rodinhas.o
 .ARM.attributes
                0x00000720       0x39 ./src/sensores.o
 .ARM.attributes
                0x00000759       0x39 ./src/speed_control.o
 .ARM.attributes
                0x00000792       0x39 ./src/stm32f4xx_it.o
 .ARM.attributes
                0x000007cb       0x39 ./src/usart1.o
 .ARM.attributes
                0x00000804       0x39 ./src/usb_user.o
 .ARM.attributes
                0x0000083d       0x39 ./src/usbd_conf.o
 .ARM.attributes
                0x00000876       0x39 ./USB/Core/Src/usbd_core.o
 .ARM.attributes
                0x000008af       0x39 ./USB/Core/Src/usbd_ctlreq.o
 .ARM.attributes
                0x000008e8       0x39 ./USB/Core/Src/usbd_ioreq.o
 .ARM.attributes
                0x00000921       0x22 e:/arm_toolchains/gccarm/bin/../lib/gcc/arm-none-eabi/4.9.3/armv7e-m/fpu\libgcc.a(_arm_addsubdf3.o)
 .ARM.attributes
                0x00000943       0x22 e:/arm_toolchains/gccarm/bin/../lib/gcc/arm-none-eabi/4.9.3/armv7e-m/fpu\libgcc.a(_arm_muldivdf3.o)
 .ARM.attributes
                0x00000965       0x22 e:/arm_toolchains/gccarm/bin/../lib/gcc/arm-none-eabi/4.9.3/armv7e-m/fpu\libgcc.a(_arm_fixdfsi.o)
 .ARM.attributes
                0x00000987       0x34 e:/arm_toolchains/gccarm/bin/../lib/gcc/arm-none-eabi/4.9.3/../../../../arm-none-eabi/lib/armv7e-m/fpu\libg_nano.a(lib_a-atoi.o)
 .ARM.attributes
                0x000009bb       0x34 e:/arm_toolchains/gccarm/bin/../lib/gcc/arm-none-eabi/4.9.3/../../../../arm-none-eabi/lib/armv7e-m/fpu\libg_nano.a(lib_a-errno.o)
 .ARM.attributes
                0x000009ef       0x34 e:/arm_toolchains/gccarm/bin/../lib/gcc/arm-none-eabi/4.9.3/../../../../arm-none-eabi/lib/armv7e-m/fpu\libg_nano.a(lib_a-impure.o)
 .ARM.attributes
                0x00000a23       0x34 e:/arm_toolchains/gccarm/bin/../lib/gcc/arm-none-eabi/4.9.3/../../../../arm-none-eabi/lib/armv7e-m/fpu\libg_nano.a(lib_a-malloc.o)
 .ARM.attributes
                0x00000a57       0x34 e:/arm_toolchains/gccarm/bin/../lib/gcc/arm-none-eabi/4.9.3/../../../../arm-none-eabi/lib/armv7e-m/fpu\libg_nano.a(lib_a-memset.o)
 .ARM.attributes
                0x00000a8b       0x34 e:/arm_toolchains/gccarm/bin/../lib/gcc/arm-none-eabi/4.9.3/../../../../arm-none-eabi/lib/armv7e-m/fpu\libg_nano.a(lib_a-nano-freer.o)
 .ARM.attributes
                0x00000abf       0x34 e:/arm_toolchains/gccarm/bin/../lib/gcc/arm-none-eabi/4.9.3/../../../../arm-none-eabi/lib/armv7e-m/fpu\libg_nano.a(lib_a-nano-mallocr.o)
 .ARM.attributes
                0x00000af3       0x34 e:/arm_toolchains/gccarm/bin/../lib/gcc/arm-none-eabi/4.9.3/../../../../arm-none-eabi/lib/armv7e-m/fpu\libg_nano.a(lib_a-printf.o)
 .ARM.attributes
                0x00000b27       0x34 e:/arm_toolchains/gccarm/bin/../lib/gcc/arm-none-eabi/4.9.3/../../../../arm-none-eabi/lib/armv7e-m/fpu\libg_nano.a(lib_a-puts.o)
 .ARM.attributes
                0x00000b5b       0x34 e:/arm_toolchains/gccarm/bin/../lib/gcc/arm-none-eabi/4.9.3/../../../../arm-none-eabi/lib/armv7e-m/fpu\libg_nano.a(lib_a-sbrkr.o)
 .ARM.attributes
                0x00000b8f       0x20 e:/arm_toolchains/gccarm/bin/../lib/gcc/arm-none-eabi/4.9.3/../../../../arm-none-eabi/lib/armv7e-m/fpu\libg_nano.a(lib_a-strcmp.o)
 .ARM.attributes
                0x00000baf       0x34 e:/arm_toolchains/gccarm/bin/../lib/gcc/arm-none-eabi/4.9.3/../../../../arm-none-eabi/lib/armv7e-m/fpu\libg_nano.a(lib_a-strtok.o)
 .ARM.attributes
                0x00000be3       0x34 e:/arm_toolchains/gccarm/bin/../lib/gcc/arm-none-eabi/4.9.3/../../../../arm-none-eabi/lib/armv7e-m/fpu\libg_nano.a(lib_a-strtok_r.o)
 .ARM.attributes
                0x00000c17       0x34 e:/arm_toolchains/gccarm/bin/../lib/gcc/arm-none-eabi/4.9.3/../../../../arm-none-eabi/lib/armv7e-m/fpu\libg_nano.a(lib_a-strtol.o)
 .ARM.attributes
                0x00000c4b       0x34 e:/arm_toolchains/gccarm/bin/../lib/gcc/arm-none-eabi/4.9.3/../../../../arm-none-eabi/lib/armv7e-m/fpu\libg_nano.a(lib_a-wbuf.o)
 .ARM.attributes
                0x00000c7f       0x34 e:/arm_toolchains/gccarm/bin/../lib/gcc/arm-none-eabi/4.9.3/../../../../arm-none-eabi/lib/armv7e-m/fpu\libg_nano.a(lib_a-wsetup.o)
 .ARM.attributes
                0x00000cb3       0x34 e:/arm_toolchains/gccarm/bin/../lib/gcc/arm-none-eabi/4.9.3/../../../../arm-none-eabi/lib/armv7e-m/fpu\libg_nano.a(lib_a-ctype_.o)
 .ARM.attributes
                0x00000ce7       0x34 e:/arm_toolchains/gccarm/bin/../lib/gcc/arm-none-eabi/4.9.3/../../../../arm-none-eabi/lib/armv7e-m/fpu\libg_nano.a(lib_a-fflush.o)
 .ARM.attributes
                0x00000d1b       0x34 e:/arm_toolchains/gccarm/bin/../lib/gcc/arm-none-eabi/4.9.3/../../../../arm-none-eabi/lib/armv7e-m/fpu\libg_nano.a(lib_a-findfp.o)
 .ARM.attributes
                0x00000d4f       0x34 e:/arm_toolchains/gccarm/bin/../lib/gcc/arm-none-eabi/4.9.3/../../../../arm-none-eabi/lib/armv7e-m/fpu\libg_nano.a(lib_a-fwalk.o)
 .ARM.attributes
                0x00000d83       0x34 e:/arm_toolchains/gccarm/bin/../lib/gcc/arm-none-eabi/4.9.3/../../../../arm-none-eabi/lib/armv7e-m/fpu\libg_nano.a(lib_a-makebuf.o)
 .ARM.attributes
                0x00000db7       0x34 e:/arm_toolchains/gccarm/bin/../lib/gcc/arm-none-eabi/4.9.3/../../../../arm-none-eabi/lib/armv7e-m/fpu\libg_nano.a(lib_a-nano-vfprintf.o)
 .ARM.attributes
                0x00000deb       0x34 e:/arm_toolchains/gccarm/bin/../lib/gcc/arm-none-eabi/4.9.3/../../../../arm-none-eabi/lib/armv7e-m/fpu\libg_nano.a(lib_a-nano-vfprintf_i.o)
 .ARM.attributes
                0x00000e1f       0x34 e:/arm_toolchains/gccarm/bin/../lib/gcc/arm-none-eabi/4.9.3/../../../../arm-none-eabi/lib/armv7e-m/fpu\libg_nano.a(lib_a-stdio.o)
 .ARM.attributes
                0x00000e53       0x34 e:/arm_toolchains/gccarm/bin/../lib/gcc/arm-none-eabi/4.9.3/../../../../arm-none-eabi/lib/armv7e-m/fpu\libg_nano.a(lib_a-writer.o)
 .ARM.attributes
                0x00000e87       0x34 e:/arm_toolchains/gccarm/bin/../lib/gcc/arm-none-eabi/4.9.3/../../../../arm-none-eabi/lib/armv7e-m/fpu\libg_nano.a(lib_a-closer.o)
 .ARM.attributes
                0x00000ebb       0x34 e:/arm_toolchains/gccarm/bin/../lib/gcc/arm-none-eabi/4.9.3/../../../../arm-none-eabi/lib/armv7e-m/fpu\libg_nano.a(lib_a-fstatr.o)
 .ARM.attributes
                0x00000eef       0x34 e:/arm_toolchains/gccarm/bin/../lib/gcc/arm-none-eabi/4.9.3/../../../../arm-none-eabi/lib/armv7e-m/fpu\libg_nano.a(lib_a-isattyr.o)
 .ARM.attributes
                0x00000f23       0x34 e:/arm_toolchains/gccarm/bin/../lib/gcc/arm-none-eabi/4.9.3/../../../../arm-none-eabi/lib/armv7e-m/fpu\libg_nano.a(lib_a-lseekr.o)
 .ARM.attributes
                0x00000f57       0x34 e:/arm_toolchains/gccarm/bin/../lib/gcc/arm-none-eabi/4.9.3/../../../../arm-none-eabi/lib/armv7e-m/fpu\libg_nano.a(lib_a-memchr.o)
 .ARM.attributes
                0x00000f8b       0x34 e:/arm_toolchains/gccarm/bin/../lib/gcc/arm-none-eabi/4.9.3/../../../../arm-none-eabi/lib/armv7e-m/fpu\libg_nano.a(lib_a-readr.o)

.debug
 *(.debug)

.line
 *(.line)

.debug_srcinfo
 *(.debug_srcinfo)

.debug_sfnames
 *(.debug_sfnames)

.debug_aranges  0x00000000     0x1420
 *(.debug_aranges)
 .debug_aranges
                0x00000000       0xc0 ./system/src/stm32f4-hal/stm32f4xx_hal.o
 .debug_aranges
                0x000000c0       0xe0 ./system/src/stm32f4-hal/stm32f4xx_hal_adc.o
 .debug_aranges
                0x000001a0       0x90 ./system/src/stm32f4-hal/stm32f4xx_hal_cortex.o
 .debug_aranges
                0x00000230       0x60 ./system/src/stm32f4-hal/stm32f4xx_hal_dma.o
 .debug_aranges
                0x00000290       0x90 ./system/src/stm32f4-hal/stm32f4xx_hal_flash.o
 .debug_aranges
                0x00000320       0x48 ./system/src/stm32f4-hal/stm32f4xx_hal_flash_ex.o
 .debug_aranges
                0x00000368       0x58 ./system/src/stm32f4-hal/stm32f4xx_hal_gpio.o
 .debug_aranges
                0x000003c0      0x118 ./system/src/stm32f4-hal/stm32f4xx_hal_pcd.o
 .debug_aranges
                0x000004d8       0x88 ./system/src/stm32f4-hal/stm32f4xx_hal_rcc.o
 .debug_aranges
                0x00000560      0x320 ./system/src/stm32f4-hal/stm32f4xx_hal_tim.o
 .debug_aranges
                0x00000880      0x140 ./system/src/stm32f4-hal/stm32f4xx_hal_tim_ex.o
 .debug_aranges
                0x000009c0      0x138 ./system/src/stm32f4-hal/stm32f4xx_hal_uart.o
 .debug_aranges
                0x00000af8      0x180 ./system/src/stm32f4-hal/stm32f4xx_ll_usb.o
 .debug_aranges
                0x00000c78       0x28 ./system/src/newlib/_exit.o
 .debug_aranges
                0x00000ca0       0x20 ./system/src/newlib/_sbrk.o
 .debug_aranges
                0x00000cc0       0x40 ./system/src/newlib/_startup.o
 .debug_aranges
                0x00000d00       0xd0 ./system/src/newlib/_syscalls.o
 .debug_aranges
                0x00000dd0       0x28 ./system/src/cortexm/_initialize_hardware.o
 .debug_aranges
                0x00000df8       0x20 ./system/src/cortexm/_reset_hardware.o
 .debug_aranges
                0x00000e18       0x68 ./system/src/cortexm/exception_handlers.o
 .debug_aranges
                0x00000e80       0x28 ./system/src/cmsis/system_stm32f4xx.o
 .debug_aranges
                0x00000ea8       0x20 ./system/src/cmsis/vectors_stm32f4xx.o
 .debug_aranges
                0x00000ec8       0x28 ./src/_initialize_hardware.o
 .debug_aranges
                0x00000ef0       0x28 ./src/botao.o
 .debug_aranges
                0x00000f18       0x30 ./src/buzzer.o
 .debug_aranges
                0x00000f48       0x38 ./src/delays.o
 .debug_aranges
                0x00000f80       0x40 ./src/encoders.o
 .debug_aranges
                0x00000fc0       0x28 ./src/flash.o
 .debug_aranges
                0x00000fe8       0x38 ./src/leds.o
 .debug_aranges
                0x00001020       0x40 ./src/main.o
 .debug_aranges
                0x00001060       0x28 ./src/motores.o
 .debug_aranges
                0x00001088       0x20 ./src/rodinhas.o
 .debug_aranges
                0x000010a8       0x48 ./src/sensores.o
 .debug_aranges
                0x000010f0       0x50 ./src/speed_control.o
 .debug_aranges
                0x00001140       0x30 ./src/stm32f4xx_it.o
 .debug_aranges
                0x00001170       0x40 ./src/usart1.o
 .debug_aranges
                0x000011b0       0x28 ./src/usb_user.o
 .debug_aranges
                0x000011d8       0xf8 ./src/usbd_conf.o
 .debug_aranges
                0x000012d0       0xb8 ./USB/Core/Src/usbd_core.o
 .debug_aranges
                0x00001388       0x48 ./USB/Core/Src/usbd_ctlreq.o
 .debug_aranges
                0x000013d0       0x50 ./USB/Core/Src/usbd_ioreq.o

.debug_pubnames
 *(.debug_pubnames)

.debug_info     0x00000000    0x1ad15
 *(.debug_info .gnu.linkonce.wi.*)
 .debug_info    0x00000000      0x88b ./system/src/stm32f4-hal/stm32f4xx_hal.o
 .debug_info    0x0000088b      0xd6e ./system/src/stm32f4-hal/stm32f4xx_hal_adc.o
 .debug_info    0x000015f9      0xcb1 ./system/src/stm32f4-hal/stm32f4xx_hal_cortex.o
 .debug_info    0x000022aa      0x715 ./system/src/stm32f4-hal/stm32f4xx_hal_dma.o
 .debug_info    0x000029bf      0x70e ./system/src/stm32f4-hal/stm32f4xx_hal_flash.o
 .debug_info    0x000030cd      0x912 ./system/src/stm32f4-hal/stm32f4xx_hal_flash_ex.o
 .debug_info    0x000039df      0x6e8 ./system/src/stm32f4-hal/stm32f4xx_hal_gpio.o
 .debug_info    0x000040c7     0x159c ./system/src/stm32f4-hal/stm32f4xx_hal_pcd.o
 .debug_info    0x00005663     0x1035 ./system/src/stm32f4-hal/stm32f4xx_hal_rcc.o
 .debug_info    0x00006698     0x3322 ./system/src/stm32f4-hal/stm32f4xx_hal_tim.o
 .debug_info    0x000099ba     0x1249 ./system/src/stm32f4-hal/stm32f4xx_hal_tim_ex.o
 .debug_info    0x0000ac03     0x11b6 ./system/src/stm32f4-hal/stm32f4xx_hal_uart.o
 .debug_info    0x0000bdb9     0x15d3 ./system/src/stm32f4-hal/stm32f4xx_ll_usb.o
 .debug_info    0x0000d38c      0x100 ./system/src/newlib/_exit.o
 .debug_info    0x0000d48c      0x121 ./system/src/newlib/_sbrk.o
 .debug_info    0x0000d5ad      0x4a9 ./system/src/newlib/_startup.o
 .debug_info    0x0000da56      0x8ef ./system/src/newlib/_syscalls.o
 .debug_info    0x0000e345      0x2a6 ./system/src/cortexm/_initialize_hardware.o
 .debug_info    0x0000e5eb      0x2b2 ./system/src/cortexm/_reset_hardware.o
 .debug_info    0x0000e89d       0xd0 ./system/src/cortexm/exception_handlers.o
 .debug_info    0x0000e96d      0x4a3 ./system/src/cmsis/system_stm32f4xx.o
 .debug_info    0x0000ee10       0x8e ./system/src/cmsis/vectors_stm32f4xx.o
 .debug_info    0x0000ee9e      0x651 ./src/_initialize_hardware.o
 .debug_info    0x0000f4ef      0x42f ./src/botao.o
 .debug_info    0x0000f91e      0x522 ./src/buzzer.o
 .debug_info    0x0000fe40      0x1d5 ./src/delays.o
 .debug_info    0x00010015      0xaac ./src/encoders.o
 .debug_info    0x00010ac1      0x266 ./src/flash.o
 .debug_info    0x00010d27      0x562 ./src/leds.o
 .debug_info    0x00011289      0xd37 ./src/main.o
 .debug_info    0x00011fc0      0xbb5 ./src/motores.o
 .debug_info    0x00012b75       0xf0 ./src/rodinhas.o
 .debug_info    0x00012c65     0x114b ./src/sensores.o
 .debug_info    0x00013db0     0x11a8 ./src/speed_control.o
 .debug_info    0x00014f58      0x985 ./src/stm32f4xx_it.o
 .debug_info    0x000158dd     0x107f ./src/usart1.o
 .debug_info    0x0001695c      0x895 ./src/usb_user.o
 .debug_info    0x000171f1     0x1aef ./src/usbd_conf.o
 .debug_info    0x00018ce0      0xca4 ./USB/Core/Src/usbd_core.o
 .debug_info    0x00019984      0xbff ./USB/Core/Src/usbd_ctlreq.o
 .debug_info    0x0001a583      0x792 ./USB/Core/Src/usbd_ioreq.o

.debug_abbrev   0x00000000     0x4d7b
 *(.debug_abbrev)
 .debug_abbrev  0x00000000      0x1f4 ./system/src/stm32f4-hal/stm32f4xx_hal.o
 .debug_abbrev  0x000001f4      0x273 ./system/src/stm32f4-hal/stm32f4xx_hal_adc.o
 .debug_abbrev  0x00000467      0x2e5 ./system/src/stm32f4-hal/stm32f4xx_hal_cortex.o
 .debug_abbrev  0x0000074c      0x214 ./system/src/stm32f4-hal/stm32f4xx_hal_dma.o
 .debug_abbrev  0x00000960      0x28b ./system/src/stm32f4-hal/stm32f4xx_hal_flash.o
 .debug_abbrev  0x00000beb      0x2be ./system/src/stm32f4-hal/stm32f4xx_hal_flash_ex.o
 .debug_abbrev  0x00000ea9      0x1bf ./system/src/stm32f4-hal/stm32f4xx_hal_gpio.o
 .debug_abbrev  0x00001068      0x300 ./system/src/stm32f4-hal/stm32f4xx_hal_pcd.o
 .debug_abbrev  0x00001368      0x315 ./system/src/stm32f4-hal/stm32f4xx_hal_rcc.o
 .debug_abbrev  0x0000167d      0x315 ./system/src/stm32f4-hal/stm32f4xx_hal_tim.o
 .debug_abbrev  0x00001992      0x220 ./system/src/stm32f4-hal/stm32f4xx_hal_tim_ex.o
 .debug_abbrev  0x00001bb2      0x2b3 ./system/src/stm32f4-hal/stm32f4xx_hal_uart.o
 .debug_abbrev  0x00001e65      0x26b ./system/src/stm32f4-hal/stm32f4xx_ll_usb.o
 .debug_abbrev  0x000020d0       0xb8 ./system/src/newlib/_exit.o
 .debug_abbrev  0x00002188       0xb8 ./system/src/newlib/_sbrk.o
 .debug_abbrev  0x00002240      0x219 ./system/src/newlib/_startup.o
 .debug_abbrev  0x00002459      0x175 ./system/src/newlib/_syscalls.o
 .debug_abbrev  0x000025ce       0xe4 ./system/src/cortexm/_initialize_hardware.o
 .debug_abbrev  0x000026b2       0xe7 ./system/src/cortexm/_reset_hardware.o
 .debug_abbrev  0x00002799       0x2c ./system/src/cortexm/exception_handlers.o
 .debug_abbrev  0x000027c5      0x101 ./system/src/cmsis/system_stm32f4xx.o
 .debug_abbrev  0x000028c6       0x8f ./system/src/cmsis/vectors_stm32f4xx.o
 .debug_abbrev  0x00002955      0x190 ./src/_initialize_hardware.o
 .debug_abbrev  0x00002ae5      0x17a ./src/botao.o
 .debug_abbrev  0x00002c5f      0x193 ./src/buzzer.o
 .debug_abbrev  0x00002df2      0x11d ./src/delays.o
 .debug_abbrev  0x00002f0f      0x1e1 ./src/encoders.o
 .debug_abbrev  0x000030f0      0x149 ./src/flash.o
 .debug_abbrev  0x00003239      0x1aa ./src/leds.o
 .debug_abbrev  0x000033e3      0x281 ./src/main.o
 .debug_abbrev  0x00003664      0x1df ./src/motores.o
 .debug_abbrev  0x00003843       0x9b ./src/rodinhas.o
 .debug_abbrev  0x000038de      0x2b0 ./src/sensores.o
 .debug_abbrev  0x00003b8e      0x28b ./src/speed_control.o
 .debug_abbrev  0x00003e19      0x19b ./src/stm32f4xx_it.o
 .debug_abbrev  0x00003fb4      0x26c ./src/usart1.o
 .debug_abbrev  0x00004220      0x1ba ./src/usb_user.o
 .debug_abbrev  0x000043da      0x2f1 ./src/usbd_conf.o
 .debug_abbrev  0x000046cb      0x26d ./USB/Core/Src/usbd_core.o
 .debug_abbrev  0x00004938      0x2d9 ./USB/Core/Src/usbd_ctlreq.o
 .debug_abbrev  0x00004c11      0x16a ./USB/Core/Src/usbd_ioreq.o

.debug_line     0x00000000     0x8fcc
 *(.debug_line)
 .debug_line    0x00000000      0x300 ./system/src/stm32f4-hal/stm32f4xx_hal.o
 .debug_line    0x00000300      0x5c5 ./system/src/stm32f4-hal/stm32f4xx_hal_adc.o